Archive member included because of file (symbol)

..\libneopixels.X\dist\default\production\libneopixels.X.a(show.o)
                              build/default/production/main.o (libneopixels_show)
..\libneopixels.X\dist\default\production\libneopixels.X.a(set.o)
                              build/default/production/main.o (libneopixels_set)
..\libneopixels.X\dist\default\production\libneopixels.X.a(clear.o)
                              build/default/production/main.o (libneopixels_clear)
..\libneopixels.X\dist\default\production\libneopixels.X.a(begin.o)
                              ..\libneopixels.X\dist\default\production\libneopixels.X.a(show.o) (_leds)
..\libi2c.X\dist\default\production\libi2c.X.a(enable.o)
                              build/default/production/main.o (libi2c_enable)
..\libi2c.X\dist\default\production\libi2c.X.a(write.o)
                              build/default/production/main.o (libi2c_write)
..\libi2c.X\dist\default\production\libi2c.X.a(read.o)
                              build/default/production/main.o (libi2c_read)
..\libi2c.X\dist\default\production\libi2c.X.a(_stop.o)
                              ..\libi2c.X\dist\default\production\libi2c.X.a(write.o) (_libi2c_stop)
..\libi2c.X\dist\default\production\libi2c.X.a(_start.o)
                              ..\libi2c.X\dist\default\production\libi2c.X.a(write.o) (_libi2c_start)
..\libi2c.X\dist\default\production\libi2c.X.a(_send.o)
                              ..\libi2c.X\dist\default\production\libi2c.X.a(write.o) (_libi2c_send)
..\liblcd.X\dist\default\production\liblcd.X.a(begin.o)
                              build/default/production/main.o (liblcd_begin)
..\liblcd.X\dist\default\production\liblcd.X.a(display.o)
                              ..\liblcd.X\dist\default\production\liblcd.X.a(begin.o) (liblcd_display)
..\liblcd.X\dist\default\production\liblcd.X.a(light.o)
                              build/default/production/main.o (liblcd_light)
..\liblcd.X\dist\default\production\liblcd.X.a(clear.o)
                              build/default/production/main.o (liblcd_clear)
..\liblcd.X\dist\default\production\liblcd.X.a(home.o)
                              ..\liblcd.X\dist\default\production\liblcd.X.a(begin.o) (liblcd_home)
..\liblcd.X\dist\default\production\liblcd.X.a(putstr.o)
                              build/default/production/main.o (liblcd_putstr)
..\liblcd.X\dist\default\production\liblcd.X.a(send.o)
                              ..\liblcd.X\dist\default\production\liblcd.X.a(begin.o) (liblcd_send)
..\liblcd.X\dist\default\production\liblcd.X.a(putchr.o)
                              build/default/production/main.o (liblcd_putchr)
..\liblcd.X\dist\default\production\liblcd.X.a(move.o)
                              build/default/production/main.o (liblcd_move)
..\liblcd.X\dist\default\production\liblcd.X.a(pulse.o)
                              ..\liblcd.X\dist\default\production\liblcd.X.a(send.o) (liblcd_pulse)
..\liblcd.X\dist\default\production\liblcd.X.a(delay_micros.o)
                              ..\liblcd.X\dist\default\production\liblcd.X.a(begin.o) (delay_micros)
..\liblcd.X\dist\default\production\liblcd.X.a(command.o)
                              ..\liblcd.X\dist\default\production\liblcd.X.a(display.o) (liblcd_command)
..\libserial.X\dist\default\production\libserial.X.a(begin.o)
                              build/default/production/main.o (libserial_begin)
c:/program files (x86)/microchip/xc32/v1.34/bin/bin/../../lib/gcc/pic32mx/4.5.2/../../../../pic32mx/lib\libmchp_peripheral_32MX340F512H.a(pcache.o)
                              build/default/production/main.o (CheKseg0CacheOn)
c:/program files (x86)/microchip/xc32/v1.34/bin/bin/../../lib/gcc/pic32mx/4.5.2/../../../../pic32mx/lib\libmchp_peripheral_32MX340F512H.a(int_disable_interrupts_lib.o)
                              build/default/production/main.o (INTDisableInterrupts)
c:/program files (x86)/microchip/xc32/v1.34/bin/bin/../../lib/gcc/pic32mx/4.5.2/../../../../pic32mx/lib\libmchp_peripheral_32MX340F512H.a(int_restore_interrupts_lib.o)
                              build/default/production/main.o (INTRestoreInterrupts)
c:/program files (x86)/microchip/xc32/v1.34/bin/bin/../../lib/gcc/pic32mx/4.5.2/../../../../pic32mx/lib\libmchp_peripheral_32MX340F512H.a(I2CAcknowledgeByte.o)
                              ..\libi2c.X\dist\default\production\libi2c.X.a(read.o) (I2CAcknowledgeByte)
c:/program files (x86)/microchip/xc32/v1.34/bin/bin/../../lib/gcc/pic32mx/4.5.2/../../../../pic32mx/lib\libmchp_peripheral_32MX340F512H.a(I2CBusIsIdle.o)
                              ..\libi2c.X\dist\default\production\libi2c.X.a(_start.o) (I2CBusIsIdle)
c:/program files (x86)/microchip/xc32/v1.34/bin/bin/../../lib/gcc/pic32mx/4.5.2/../../../../pic32mx/lib\libmchp_peripheral_32MX340F512H.a(I2CByteWasAcknowledged.o)
[...]
Memory Configuration

Name             Origin             Length             Attributes
kseg0_program_mem 0x9d000000         0x00080000         xr
kseg0_boot_mem   0x9fc00490         0x00000970
exception_mem    0x9fc01000         0x00001000
kseg1_boot_mem   0xbfc00000         0x00000490
debug_exec_mem   0xbfc02000         0x00000ff0
config3          0xbfc02ff0         0x00000004
config2          0xbfc02ff4         0x00000004
config1          0xbfc02ff8         0x00000004
config0          0xbfc02ffc         0x00000004
kseg1_data_mem   0xa0000000         0x00008000         w !x
sfrs             0xbf800000         0x00100000
configsfrs       0xbfc02ff0         0x00000010
*default*        0x00000000         0xffffffff

Linker script and memory map

LOAD c:/program files (x86)/microchip/xc32/v1.34/bin/bin/../../lib/gcc/pic32mx/4.5.2/../../../../pic32mx/lib/./proc/32MX340F512H/crt0_mips32r2.o
LOAD c:/program files (x86)/microchip/xc32/v1.34/bin/bin/../../lib/gcc/pic32mx/4.5.2/../../../../pic32mx/lib\debug-exception-return.o
LOAD build/default/production/main.o
LOAD ..\libneopixels.X\dist\default\production\libneopixels.X.a
LOAD ..\libi2c.X\dist\default\production\libi2c.X.a
LOAD ..\liblcd.X\dist\default\production\liblcd.X.a
LOAD ..\libserial.X\dist\default\production\libserial.X.a
                0x00000001                __MPLAB_BUILD = 0x1
LOAD c:/program files (x86)/microchip/xc32/v1.34/bin/bin/../../lib/gcc/pic32mx/4.5.2/../../../../pic32mx/lib/./proc/32MX340F512H\default_isr_vectors.o
LOAD c:/program files (x86)/microchip/xc32/v1.34/bin/bin/../../lib/gcc/pic32mx/4.5.2/../../../../pic32mx/lib\pic32_software_reset.o
                0x00000400                PROVIDE (_min_stack_size, 0x400)
LOAD c:/program files (x86)/microchip/xc32/v1.34/bin/bin/../../lib/gcc/pic32mx/4.5.2/../../../../pic32mx/lib/./proc/32MX340F512H\processor.o
START GROUP
LOAD c:/program files (x86)/microchip/xc32/v1.34/bin/bin/../../lib/gcc/pic32mx/4.5.2/../../../../pic32mx/lib\libmchp_peripheral.a
END GROUP
START GROUP
LOAD c:/program files (x86)/microchip/xc32/v1.34/bin/bin/../../lib/gcc/pic32mx/4.5.2/../../../../pic32mx/lib\libmchp_peripheral_32MX340F512H.a
END GROUP
                0x00000001                PROVIDE (_vector_spacing, 0x1)
                0x9fc01000                _ebase_address = 0x9fc01000
                0xbfc00000                _RESET_ADDR = 0xbfc00000
                0xbfc00380                _BEV_EXCPT_ADDR = 0xbfc00380
                0xbfc00480                _DBG_EXCPT_ADDR = 0xbfc00480
                0xbfc02000                _DBG_CODE_ADDR = 0xbfc02000
                0x00000ff0                _DBG_CODE_SIZE = 0xff0
                0x9fc01180                _GEN_EXCPT_ADDR = (_ebase_address + 0x180)

.config_BFC02FF0
 *(.config_BFC02FF0)

.config_BFC02FF4
                0xbfc02ff4        0x4
 *(.config_BFC02FF4)
 .config_BFC02FF4
                0xbfc02ff4        0x4 build/default/production/main.o

.config_BFC02FF8
                0xbfc02ff8        0x4
 *(.config_BFC02FF8)
 .config_BFC02FF8
                0xbfc02ff8        0x4 build/default/production/main.o

.config_BFC02FFC
                0xbfc02ffc        0x4
 *(.config_BFC02FFC)
 .config_BFC02FFC
                0xbfc02ffc        0x4 build/default/production/main.o
                0xbfc02000                PROVIDE (_DBG_CODE_ADDR, 0xbfc02000)
                0x00000ff0                PROVIDE (_DBG_CODE_SIZE, 0xff0)

.reset          0xbfc00000      0x1f0
 *(.reset)
 .reset         0xbfc00000        0x8 c:/program files (x86)/microchip/xc32/v1.34/bin/bin/../../lib/gcc/pic32mx/4.5.2/../../../../pic32mx/lib/./proc/32MX340F512H/crt0_mips32r2.o
                0xbfc00000                _reset
 *(.reset.startup)
 .reset.startup
                0xbfc00008      0x1e8 c:/program files (x86)/microchip/xc32/v1.34/bin/bin/../../lib/gcc/pic32mx/4.5.2/../../../../pic32mx/lib/./proc/32MX340F512H/crt0_mips32r2.o

.bev_excpt      0xbfc00380       0x10
 *(.bev_handler)
 .bev_handler   0xbfc00380       0x10 c:/program files (x86)/microchip/xc32/v1.34/bin/bin/../../lib/gcc/pic32mx/4.5.2/../../../../pic32mx/lib/./proc/32MX340F512H/crt0_mips32r2.o

.dbg_excpt      0xbfc00480        0x0
                0xbfc00480                . = (. + DEFINED (_DEBUGGER)?0x8:0x0)

.dbg_code       0xbfc02000        0x0
                0xbfc02000                . = (. + DEFINED (_DEBUGGER)?_DBG_CODE_SIZE:0x0)

.app_excpt      0x9fc01180       0x10
 *(.gen_handler)
 .gen_handler   0x9fc01180       0x10 c:/program files (x86)/microchip/xc32/v1.34/bin/bin/../../lib/gcc/pic32mx/4.5.2/../../../../pic32mx/lib/./proc/32MX340F512H/crt0_mips32r2.o

.vector_0       0x9fc01200        0x8
 *(.vector_0)
 .vector_0      0x9fc01200        0x8 c:/program files (x86)/microchip/xc32/v1.34/bin/bin/../../lib/gcc/pic32mx/4.5.2/../../../../pic32mx/lib\libpic32.a(vector0.o)
                0x9fc01200                __vector_dispatch_0
                0x00000001                ASSERT (((_vector_spacing == 0x0) || (SIZEOF (.vector_0) <= (_vector_spacing << 0x5))), function at exception vector 0 too large)

.vector_1       0x9fc01220        0x8
 *(.vector_1)
 .vector_1      0x9fc01220        0x8 c:/program files (x86)/microchip/xc32/v1.34/bin/bin/../../lib/gcc/pic32mx/4.5.2/../../../../pic32mx/lib\libpic32.a(vector1.o)
                0x9fc01220                __vector_dispatch_1
                0x00000001                ASSERT (((_vector_spacing == 0x0) || (SIZEOF (.vector_1) <= (_vector_spacing << 0x5))), function at exception vector 1 too large)

.vector_2       0x9fc01240        0x8
 *(.vector_2)
 .vector_2      0x9fc01240        0x8 c:/program files (x86)/microchip/xc32/v1.34/bin/bin/../../lib/gcc/pic32mx/4.5.2/../../../../pic32mx/lib\libpic32.a(vector2.o)
                0x9fc01240                __vector_dispatch_2
                0x00000001                ASSERT (((_vector_spacing == 0x0) || (SIZEOF (.vector_2) <= (_vector_spacing << 0x5))), function at exception vector 2 too large)

.vector_3       0x9fc01260        0x8
 *(.vector_3)
 .vector_3      0x9fc01260        0x8 build/default/production/main.o
                0x9fc01260                __vector_dispatch_3
                0x00000001                ASSERT (((_vector_spacing == 0x0) || (SIZEOF (.vector_3) <= (_vector_spacing << 0x5))), function at exception vector 3 too large)

.vector_4       0x9fc01280        0x8
 *(.vector_4)
 .vector_4      0x9fc01280        0x8 build/default/production/main.o
                0x9fc01280                __vector_dispatch_4
                0x00000001                ASSERT (((_vector_spacing == 0x0) || (SIZEOF (.vector_4) <= (_vector_spacing << 0x5))), function at exception vector 4 too large)

.vector_5       0x9fc012a0        0x8
 *(.vector_5)
 .vector_5      0x9fc012a0        0x8 c:/program files (x86)/microchip/xc32/v1.34/bin/bin/../../lib/gcc/pic32mx/4.5.2/../../../../pic32mx/lib\libpic32.a(vector5.o)
                0x9fc012a0                __vector_dispatch_5
                0x00000001                ASSERT (((_vector_spacing == 0x0) || (SIZEOF (.vector_5) <= (_vector_spacing << 0x5))), function at exception vector 5 too large)

.vector_6       0x9fc012c0        0x8
 *(.vector_6)
 .vector_6      0x9fc012c0        0x8 c:/program files (x86)/microchip/xc32/v1.34/bin/bin/../../lib/gcc/pic32mx/4.5.2/../../../../pic32mx/lib\libpic32.a(vector6.o)
                0x9fc012c0                __vector_dispatch_6
                0x00000001                ASSERT (((_vector_spacing == 0x0) || (SIZEOF (.vector_6) <= (_vector_spacing << 0x5))), function at exception vector 6 too large)

.vector_7       0x9fc012e0        0x8
 *(.vector_7)
 .vector_7      0x9fc012e0        0x8 c:/program files (x86)/microchip/xc32/v1.34/bin/bin/../../lib/gcc/pic32mx/4.5.2/../../../../pic32mx/lib\libpic32.a(vector7.o)
                0x9fc012e0                __vector_dispatch_7
                0x00000001                ASSERT (((_vector_spacing == 0x0) || (SIZEOF (.vector_7) <= (_vector_spacing << 0x5))), function at exception vector 7 too large)

.vector_8       0x9fc01300        0x8
 *(.vector_8)
 .vector_8      0x9fc01300        0x8 c:/program files (x86)/microchip/xc32/v1.34/bin/bin/../../lib/gcc/pic32mx/4.5.2/../../../../pic32mx/lib\libpic32.a(vector8.o)
                0x9fc01300                __vector_dispatch_8
                0x00000001                ASSERT (((_vector_spacing == 0x0) || (SIZEOF (.vector_8) <= (_vector_spacing << 0x5))), function at exception vector 8 too large)

.vector_9       0x9fc01320        0x8
 *(.vector_9)
 .vector_9      0x9fc01320        0x8 c:/program files (x86)/microchip/xc32/v1.34/bin/bin/../../lib/gcc/pic32mx/4.5.2/../../../../pic32mx/lib\libpic32.a(vector9.o)
                0x9fc01320                __vector_dispatch_9
                0x00000001                ASSERT (((_vector_spacing == 0x0) || (SIZEOF (.vector_9) <= (_vector_spacing << 0x5))), function at exception vector 9 too large)

.vector_10      0x9fc01340        0x8
 *(.vector_10)
 .vector_10     0x9fc01340        0x8 c:/program files (x86)/microchip/xc32/v1.34/bin/bin/../../lib/gcc/pic32mx/4.5.2/../../../../pic32mx/lib\libpic32.a(vector10.o)
                0x9fc01340                __vector_dispatch_10
                0x00000001                ASSERT (((_vector_spacing == 0x0) || (SIZEOF (.vector_10) <= (_vector_spacing << 0x5))), function at exception vector 10 too large)

.vector_11      0x9fc01360        0x8
 *(.vector_11)
 .vector_11     0x9fc01360        0x8 c:/program files (x86)/microchip/xc32/v1.34/bin/bin/../../lib/gcc/pic32mx/4.5.2/../../../../pic32mx/lib\libpic32.a(vector11.o)
                0x9fc01360                __vector_dispatch_11
                0x00000001                ASSERT (((_vector_spacing == 0x0) || (SIZEOF (.vector_11) <= (_vector_spacing << 0x5))), function at exception vector 11 too large)

.vector_12      0x9fc01380        0x8
 *(.vector_12)
 .vector_12     0x9fc01380        0x8 c:/program files (x86)/microchip/xc32/v1.34/bin/bin/../../lib/gcc/pic32mx/4.5.2/../../../../pic32mx/lib\libpic32.a(vector12.o)
                0x9fc01380                __vector_dispatch_12
                0x00000001                ASSERT (((_vector_spacing == 0x0) || (SIZEOF (.vector_12) <= (_vector_spacing << 0x5))), function at exception vector 12 too large)

.vector_13      0x9fc013a0        0x8
 *(.vector_13)
 .vector_13     0x9fc013a0        0x8 c:/program files (x86)/microchip/xc32/v1.34/bin/bin/../../lib/gcc/pic32mx/4.5.2/../../../../pic32mx/lib\libpic32.a(vector13.o)
                0x9fc013a0                __vector_dispatch_13
                0x00000001                ASSERT (((_vector_spacing == 0x0) || (SIZEOF (.vector_13) <= (_vector_spacing << 0x5))), function at exception vector 13 too large)

.vector_14      0x9fc013c0        0x8
 *(.vector_14)
 .vector_14     0x9fc013c0        0x8 c:/program files (x86)/microchip/xc32/v1.34/bin/bin/../../lib/gcc/pic32mx/4.5.2/../../../../pic32mx/lib\libpic32.a(vector14.o)
                0x9fc013c0                __vector_dispatch_14
                0x00000001                ASSERT (((_vector_spacing == 0x0) || (SIZEOF (.vector_14) <= (_vector_spacing << 0x5))), function at exception vector 14 too large)

.vector_15      0x9fc013e0        0x8
 *(.vector_15)
 .vector_15     0x9fc013e0        0x8 c:/program files (x86)/microchip/xc32/v1.34/bin/bin/../../lib/gcc/pic32mx/4.5.2/../../../../pic32mx/lib\libpic32.a(vector15.o)
                0x9fc013e0                __vector_dispatch_15
                0x00000001                ASSERT (((_vector_spacing == 0x0) || (SIZEOF (.vector_15) <= (_vector_spacing << 0x5))), function at exception vector 15 too large)

.vector_16      0x9fc01400        0x8
 *(.vector_16)
 .vector_16     0x9fc01400        0x8 c:/program files (x86)/microchip/xc32/v1.34/bin/bin/../../lib/gcc/pic32mx/4.5.2/../../../../pic32mx/lib\libpic32.a(vector16.o)
                0x9fc01400                __vector_dispatch_16
                0x00000001                ASSERT (((_vector_spacing == 0x0) || (SIZEOF (.vector_16) <= (_vector_spacing << 0x5))), function at exception vector 16 too large)

.vector_17      0x9fc01420        0x8
 *(.vector_17)
 .vector_17     0x9fc01420        0x8 c:/program files (x86)/microchip/xc32/v1.34/bin/bin/../../lib/gcc/pic32mx/4.5.2/../../../../pic32mx/lib\libpic32.a(vector17.o)
                0x9fc01420                __vector_dispatch_17
                0x00000001                ASSERT (((_vector_spacing == 0x0) || (SIZEOF (.vector_17) <= (_vector_spacing << 0x5))), function at exception vector 17 too large)

.vector_18      0x9fc01440        0x8
 *(.vector_18)
 .vector_18     0x9fc01440        0x8 c:/program files (x86)/microchip/xc32/v1.34/bin/bin/../../lib/gcc/pic32mx/4.5.2/../../../../pic32mx/lib\libpic32.a(vector18.o)
                0x9fc01440                __vector_dispatch_18
                0x00000001                ASSERT (((_vector_spacing == 0x0) || (SIZEOF (.vector_18) <= (_vector_spacing << 0x5))), function at exception vector 18 too large)

.vector_19      0x9fc01460        0x8
 *(.vector_19)
 .vector_19     0x9fc01460        0x8 c:/program files (x86)/microchip/xc32/v1.34/bin/bin/../../lib/gcc/pic32mx/4.5.2/../../../../pic32mx/lib\libpic32.a(vector19.o)
                0x9fc01460                __vector_dispatch_19
                0x00000001                ASSERT (((_vector_spacing == 0x0) || (SIZEOF (.vector_19) <= (_vector_spacing << 0x5))), function at exception vector 19 too large)

.vector_20      0x9fc01480        0x8
 *(.vector_20)
 .vector_20     0x9fc01480        0x8 c:/program files (x86)/microchip/xc32/v1.34/bin/bin/../../lib/gcc/pic32mx/4.5.2/../../../../pic32mx/lib\libpic32.a(vector20.o)
                0x9fc01480                __vector_dispatch_20
                0x00000001                ASSERT (((_vector_spacing == 0x0) || (SIZEOF (.vector_20) <= (_vector_spacing << 0x5))), function at exception vector 20 too large)

.vector_21      0x9fc014a0        0x8
 *(.vector_21)
 .vector_21     0x9fc014a0        0x8 c:/program files (x86)/microchip/xc32/v1.34/bin/bin/../../lib/gcc/pic32mx/4.5.2/../../../../pic32mx/lib\libpic32.a(vector21.o)
                0x9fc014a0                __vector_dispatch_21
                0x00000001                ASSERT (((_vector_spacing == 0x0) || (SIZEOF (.vector_21) <= (_vector_spacing << 0x5))), function at exception vector 21 too large)

.vector_22      0x9fc014c0        0x8
 *(.vector_22)
 .vector_22     0x9fc014c0        0x8 c:/program files (x86)/microchip/xc32/v1.34/bin/bin/../../lib/gcc/pic32mx/4.5.2/../../../../pic32mx/lib\libpic32.a(vector22.o)
                0x9fc014c0                __vector_dispatch_22
                0x00000001                ASSERT (((_vector_spacing == 0x0) || (SIZEOF (.vector_22) <= (_vector_spacing << 0x5))), function at exception vector 22 too large)

.vector_23      0x9fc014e0        0x8
 *(.vector_23)
 .vector_23     0x9fc014e0        0x8 c:/program files (x86)/microchip/xc32/v1.34/bin/bin/../../lib/gcc/pic32mx/4.5.2/../../../../pic32mx/lib\libpic32.a(vector23.o)
                0x9fc014e0                __vector_dispatch_23
                0x00000001                ASSERT (((_vector_spacing == 0x0) || (SIZEOF (.vector_23) <= (_vector_spacing << 0x5))), function at exception vector 23 too large)

.vector_24      0x9fc01500        0x8
 *(.vector_24)
 .vector_24     0x9fc01500        0x8 c:/program files (x86)/microchip/xc32/v1.34/bin/bin/../../lib/gcc/pic32mx/4.5.2/../../../../pic32mx/lib\libpic32.a(vector24.o)
                0x9fc01500                __vector_dispatch_24
                0x00000001                ASSERT (((_vector_spacing == 0x0) || (SIZEOF (.vector_24) <= (_vector_spacing << 0x5))), function at exception vector 24 too large)

.vector_25      0x9fc01520        0x8
 *(.vector_25)
 .vector_25     0x9fc01520        0x8 c:/program files (x86)/microchip/xc32/v1.34/bin/bin/../../lib/gcc/pic32mx/4.5.2/../../../../pic32mx/lib\libpic32.a(vector25.o)
                0x9fc01520                __vector_dispatch_25
                0x00000001                ASSERT (((_vector_spacing == 0x0) || (SIZEOF (.vector_25) <= (_vector_spacing << 0x5))), function at exception vector 25 too large)

.vector_26      0x9fc01540        0x8
 *(.vector_26)
 .vector_26     0x9fc01540        0x8 c:/program files (x86)/microchip/xc32/v1.34/bin/bin/../../lib/gcc/pic32mx/4.5.2/../../../../pic32mx/lib\libpic32.a(vector26.o)
                0x9fc01540                __vector_dispatch_26
                0x00000001                ASSERT (((_vector_spacing == 0x0) || (SIZEOF (.vector_26) <= (_vector_spacing << 0x5))), function at exception vector 26 too large)

.vector_27      0x9fc01560        0x8
 *(.vector_27)
 .vector_27     0x9fc01560        0x8 c:/program files (x86)/microchip/xc32/v1.34/bin/bin/../../lib/gcc/pic32mx/4.5.2/../../../../pic32mx/lib\libpic32.a(vector27.o)
                0x9fc01560                __vector_dispatch_27
                0x00000001                ASSERT (((_vector_spacing == 0x0) || (SIZEOF (.vector_27) <= (_vector_spacing << 0x5))), function at exception vector 27 too large)

.vector_28      0x9fc01580        0x8
 *(.vector_28)
 .vector_28     0x9fc01580        0x8 c:/program files (x86)/microchip/xc32/v1.34/bin/bin/../../lib/gcc/pic32mx/4.5.2/../../../../pic32mx/lib\libpic32.a(vector28.o)
                0x9fc01580                __vector_dispatch_28
                0x00000001                ASSERT (((_vector_spacing == 0x0) || (SIZEOF (.vector_28) <= (_vector_spacing << 0x5))), function at exception vector 28 too large)

.vector_29      0x9fc015a0        0x8
 *(.vector_29)
 .vector_29     0x9fc015a0        0x8 c:/program files (x86)/microchip/xc32/v1.34/bin/bin/../../lib/gcc/pic32mx/4.5.2/../../../../pic32mx/lib\libpic32.a(vector29.o)
                0x9fc015a0                __vector_dispatch_29
                0x00000001                ASSERT (((_vector_spacing == 0x0) || (SIZEOF (.vector_29) <= (_vector_spacing << 0x5))), function at exception vector 29 too large)

.vector_30      0x9fc015c0        0x8
 *(.vector_30)
 .vector_30     0x9fc015c0        0x8 c:/program files (x86)/microchip/xc32/v1.34/bin/bin/../../lib/gcc/pic32mx/4.5.2/../../../../pic32mx/lib\libpic32.a(vector30.o)
                0x9fc015c0                __vector_dispatch_30
                0x00000001                ASSERT (((_vector_spacing == 0x0) || (SIZEOF (.vector_30) <= (_vector_spacing << 0x5))), function at exception vector 30 too large)

.vector_31      0x9fc015e0        0x8
 *(.vector_31)
 .vector_31     0x9fc015e0        0x8 c:/program files (x86)/microchip/xc32/v1.34/bin/bin/../../lib/gcc/pic32mx/4.5.2/../../../../pic32mx/lib\libpic32.a(vector31.o)
                0x9fc015e0                __vector_dispatch_31
                0x00000001                ASSERT (((_vector_spacing == 0x0) || (SIZEOF (.vector_31) <= (_vector_spacing << 0x5))), function at exception vector 31 too large)

.vector_32      0x9fc01600        0x8
 *(.vector_32)
 .vector_32     0x9fc01600        0x8 c:/program files (x86)/microchip/xc32/v1.34/bin/bin/../../lib/gcc/pic32mx/4.5.2/../../../../pic32mx/lib\libpic32.a(vector32.o)
                0x9fc01600                __vector_dispatch_32
                0x00000001                ASSERT (((_vector_spacing == 0x0) || (SIZEOF (.vector_32) <= (_vector_spacing << 0x5))), function at exception vector 32 too large)

.vector_33      0x9fc01620        0x8
 *(.vector_33)
 .vector_33     0x9fc01620        0x8 c:/program files (x86)/microchip/xc32/v1.34/bin/bin/../../lib/gcc/pic32mx/4.5.2/../../../../pic32mx/lib\libpic32.a(vector33.o)
                0x9fc01620                __vector_dispatch_33
                0x00000001                ASSERT (((_vector_spacing == 0x0) || (SIZEOF (.vector_33) <= (_vector_spacing << 0x5))), function at exception vector 33 too large)

.vector_34      0x9fc01640        0x8
 *(.vector_34)
 .vector_34     0x9fc01640        0x8 c:/program files (x86)/microchip/xc32/v1.34/bin/bin/../../lib/gcc/pic32mx/4.5.2/../../../../pic32mx/lib\libpic32.a(vector34.o)
                0x9fc01640                __vector_dispatch_34
                0x00000001                ASSERT (((_vector_spacing == 0x0) || (SIZEOF (.vector_34) <= (_vector_spacing << 0x5))), function at exception vector 34 too large)

.vector_35      0x9fc01660        0x8
 *(.vector_35)
 .vector_35     0x9fc01660        0x8 c:/program files (x86)/microchip/xc32/v1.34/bin/bin/../../lib/gcc/pic32mx/4.5.2/../../../../pic32mx/lib\libpic32.a(vector35.o)
                0x9fc01660                __vector_dispatch_35
                0x00000001                ASSERT (((_vector_spacing == 0x0) || (SIZEOF (.vector_35) <= (_vector_spacing << 0x5))), function at exception vector 35 too large)

.vector_36      0x9fc01680        0x8
 *(.vector_36)
 .vector_36     0x9fc01680        0x8 c:/program files (x86)/microchip/xc32/v1.34/bin/bin/../../lib/gcc/pic32mx/4.5.2/../../../../pic32mx/lib\libpic32.a(vector36.o)
                0x9fc01680                __vector_dispatch_36
                0x00000001                ASSERT (((_vector_spacing == 0x0) || (SIZEOF (.vector_36) <= (_vector_spacing << 0x5))), function at exception vector 36 too large)

.vector_37      0x9fc016a0        0x8
 *(.vector_37)
 .vector_37     0x9fc016a0        0x8 c:/program files (x86)/microchip/xc32/v1.34/bin/bin/../../lib/gcc/pic32mx/4.5.2/../../../../pic32mx/lib\libpic32.a(vector37.o)
                0x9fc016a0                __vector_dispatch_37
                0x00000001                ASSERT (((_vector_spacing == 0x0) || (SIZEOF (.vector_37) <= (_vector_spacing << 0x5))), function at exception vector 37 too large)

.vector_38      0x9fc016c0        0x8
 *(.vector_38)
 .vector_38     0x9fc016c0        0x8 c:/program files (x86)/microchip/xc32/v1.34/bin/bin/../../lib/gcc/pic32mx/4.5.2/../../../../pic32mx/lib\libpic32.a(vector38.o)
                0x9fc016c0                __vector_dispatch_38
                0x00000001                ASSERT (((_vector_spacing == 0x0) || (SIZEOF (.vector_38) <= (_vector_spacing << 0x5))), function at exception vector 38 too large)

.vector_39      0x9fc016e0        0x8
 *(.vector_39)
 .vector_39     0x9fc016e0        0x8 c:/program files (x86)/microchip/xc32/v1.34/bin/bin/../../lib/gcc/pic32mx/4.5.2/../../../../pic32mx/lib\libpic32.a(vector39.o)
                0x9fc016e0                __vector_dispatch_39
                0x00000001                ASSERT (((_vector_spacing == 0x0) || (SIZEOF (.vector_39) <= (_vector_spacing << 0x5))), function at exception vector 39 too large)

.vector_40      0x9fc01700        0x8
 *(.vector_40)
 .vector_40     0x9fc01700        0x8 c:/program files (x86)/microchip/xc32/v1.34/bin/bin/../../lib/gcc/pic32mx/4.5.2/../../../../pic32mx/lib\libpic32.a(vector40.o)
                0x9fc01700                __vector_dispatch_40
                0x00000001                ASSERT (((_vector_spacing == 0x0) || (SIZEOF (.vector_40) <= (_vector_spacing << 0x5))), function at exception vector 40 too large)

.vector_41      0x9fc01720        0x8
 *(.vector_41)
 .vector_41     0x9fc01720        0x8 c:/program files (x86)/microchip/xc32/v1.34/bin/bin/../../lib/gcc/pic32mx/4.5.2/../../../../pic32mx/lib\libpic32.a(vector41.o)
                0x9fc01720                __vector_dispatch_41
                0x00000001                ASSERT (((_vector_spacing == 0x0) || (SIZEOF (.vector_41) <= (_vector_spacing << 0x5))), function at exception vector 41 too large)

.vector_42      0x9fc01740        0x8
 *(.vector_42)
 .vector_42     0x9fc01740        0x8 c:/program files (x86)/microchip/xc32/v1.34/bin/bin/../../lib/gcc/pic32mx/4.5.2/../../../../pic32mx/lib\libpic32.a(vector42.o)
                0x9fc01740                __vector_dispatch_42
                0x00000001                ASSERT (((_vector_spacing == 0x0) || (SIZEOF (.vector_42) <= (_vector_spacing << 0x5))), function at exception vector 42 too large)

.vector_43      0x9fc01760        0x8
 *(.vector_43)
 .vector_43     0x9fc01760        0x8 c:/program files (x86)/microchip/xc32/v1.34/bin/bin/../../lib/gcc/pic32mx/4.5.2/../../../../pic32mx/lib\libpic32.a(vector43.o)
                0x9fc01760                __vector_dispatch_43
                0x00000001                ASSERT (((_vector_spacing == 0x0) || (SIZEOF (.vector_43) <= (_vector_spacing << 0x5))), function at exception vector 43 too large)

.vector_44      0x9fc01780        0x8
 *(.vector_44)
 .vector_44     0x9fc01780        0x8 c:/program files (x86)/microchip/xc32/v1.34/bin/bin/../../lib/gcc/pic32mx/4.5.2/../../../../pic32mx/lib\libpic32.a(vector44.o)
                0x9fc01780                __vector_dispatch_44
                0x00000001                ASSERT (((_vector_spacing == 0x0) || (SIZEOF (.vector_44) <= (_vector_spacing << 0x5))), function at exception vector 44 too large)

.vector_45      0x9fc017a0        0x0
 *(.vector_45)
                0x00000001                ASSERT (((_vector_spacing == 0x0) || (SIZEOF (.vector_45) <= (_vector_spacing << 0x5))), function at exception vector 45 too large)

.vector_46      0x9fc017c0        0x0
 *(.vector_46)
                0x00000001                ASSERT (((_vector_spacing == 0x0) || (SIZEOF (.vector_46) <= (_vector_spacing << 0x5))), function at exception vector 46 too large)

.vector_47      0x9fc017e0        0x0
 *(.vector_47)
                0x00000001                ASSERT (((_vector_spacing == 0x0) || (SIZEOF (.vector_47) <= (_vector_spacing << 0x5))), function at exception vector 47 too large)

.vector_48      0x9fc01800        0x0
 *(.vector_48)
                0x00000001                ASSERT (((_vector_spacing == 0x0) || (SIZEOF (.vector_48) <= (_vector_spacing << 0x5))), function at exception vector 48 too large)

.vector_49      0x9fc01820        0x0
 *(.vector_49)
                0x00000001                ASSERT (((_vector_spacing == 0x0) || (SIZEOF (.vector_49) <= (_vector_spacing << 0x5))), function at exception vector 49 too large)

.vector_50      0x9fc01840        0x0
 *(.vector_50)
                0x00000001                ASSERT (((_vector_spacing == 0x0) || (SIZEOF (.vector_50) <= (_vector_spacing << 0x5))), function at exception vector 50 too large)

.vector_51      0x9fc01860        0x0
 *(.vector_51)
                0x00000001                ASSERT (((_vector_spacing == 0x0) || (SIZEOF (.vector_51) <= (_vector_spacing << 0x5))), function at exception vector 51 too large)

.vector_52      0x9fc01880        0x0
 *(.vector_52)
                0x00000001                ASSERT (((_vector_spacing == 0x0) || (SIZEOF (.vector_52) <= (_vector_spacing << 0x5))), function at exception vector 52 too large)

.vector_53      0x9fc018a0        0x0
 *(.vector_53)
                0x00000001                ASSERT (((_vector_spacing == 0x0) || (SIZEOF (.vector_53) <= (_vector_spacing << 0x5))), function at exception vector 53 too large)

.vector_54      0x9fc018c0        0x0
 *(.vector_54)
                0x00000001                ASSERT (((_vector_spacing == 0x0) || (SIZEOF (.vector_54) <= (_vector_spacing << 0x5))), function at exception vector 54 too large)

.vector_55      0x9fc018e0        0x0
 *(.vector_55)
                0x00000001                ASSERT (((_vector_spacing == 0x0) || (SIZEOF (.vector_55) <= (_vector_spacing << 0x5))), function at exception vector 55 too large)

.vector_56      0x9fc01900        0x0
 *(.vector_56)
                0x00000001                ASSERT (((_vector_spacing == 0x0) || (SIZEOF (.vector_56) <= (_vector_spacing << 0x5))), function at exception vector 56 too large)

.vector_57      0x9fc01920        0x0
 *(.vector_57)
                0x00000001                ASSERT (((_vector_spacing == 0x0) || (SIZEOF (.vector_57) <= (_vector_spacing << 0x5))), function at exception vector 57 too large)

.vector_58      0x9fc01940        0x0
 *(.vector_58)
                0x00000001                ASSERT (((_vector_spacing == 0x0) || (SIZEOF (.vector_58) <= (_vector_spacing << 0x5))), function at exception vector 58 too large)

.vector_59      0x9fc01960        0x0
 *(.vector_59)
                0x00000001                ASSERT (((_vector_spacing == 0x0) || (SIZEOF (.vector_59) <= (_vector_spacing << 0x5))), function at exception vector 59 too large)

.vector_60      0x9fc01980        0x0
 *(.vector_60)
                0x00000001                ASSERT (((_vector_spacing == 0x0) || (SIZEOF (.vector_60) <= (_vector_spacing << 0x5))), function at exception vector 60 too large)

.vector_61      0x9fc019a0        0x0
 *(.vector_61)
                0x00000001                ASSERT (((_vector_spacing == 0x0) || (SIZEOF (.vector_61) <= (_vector_spacing << 0x5))), function at exception vector 61 too large)

.vector_62      0x9fc019c0        0x0
 *(.vector_62)
                0x00000001                ASSERT (((_vector_spacing == 0x0) || (SIZEOF (.vector_62) <= (_vector_spacing << 0x5))), function at exception vector 62 too large)

.vector_63      0x9fc019e0        0x0
 *(.vector_63)
                0x00000001                ASSERT (((_vector_spacing == 0x0) || (SIZEOF (.vector_63) <= (_vector_spacing << 0x5))), function at exception vector 63 too large)

.startup
 *(.startup)

.text           0x9d000000        0x0
 *(.stub .gnu.linkonce.t.*)
 *(.text.*personality*)
 *(.mips16.fn.*)
 *(.mips16.call.*)
 *(.gnu.warning)
                0x9d000000                . = ALIGN (0x4)

.init           0x9d000000        0x0
 *crti.o(.init)
 *crtbegin.o(.init)
 *(EXCLUDE_FILE(*crtn.o *crtend?.o *crtend.o) .init)
 *crtend.o(.init)
 *crtn.o(.init)
                0x9d000000                . = ALIGN (0x4)

.fini           0x9d000000        0x0
 *(.fini)
                0x9d000000                . = ALIGN (0x4)

.preinit_array  0x9d000000        0x0
                0x9d000000                PROVIDE (__preinit_array_start, .)
 *(.preinit_array)
                0x9d000000                PROVIDE (__preinit_array_end, .)
                0x9d000000                . = ALIGN (0x4)

.init_array     0x9d000000        0x0
                0x9d000000                PROVIDE (__init_array_start, .)
 *(SORT(.init_array.*))
 *(.init_array)
                0x9d000000                PROVIDE (__init_array_end, .)
                0x9d000000                . = ALIGN (0x4)

.fini_array     0x9d000000        0x0
                0x9d000000                PROVIDE (__fini_array_start, .)
 *(SORT(.fini_array.*))
 *(.fini_array)
                0x9d000000                PROVIDE (__fini_array_end, .)
                0x9d000000                . = ALIGN (0x4)

.ctors          0x9d000000        0x0
 *crtbegin.o(.ctors)
 *crtbegin?.o(.ctors)
 *(EXCLUDE_FILE(*crtend?.o *crtend.o) .ctors)
 *(SORT(.ctors.*))
 *(.ctors)
                0x9d000000                . = ALIGN (0x4)

.dtors          0x9d000000        0x0
 *crtbegin.o(.dtors)
 *crtbegin?.o(.dtors)
 *(EXCLUDE_FILE(*crtend?.o *crtend.o) .dtors)
 *(SORT(.dtors.*))
 *(.dtors)
                0x9d000000                . = ALIGN (0x4)

.rodata         0x9d000000        0x0
 *(.gnu.linkonce.r.*)
 *(.rodata1)
                0x9d000000                . = ALIGN (0x4)

.sdata2         0x9fc00490        0x0
 *(.sdata2 .sdata2.* .gnu.linkonce.s2.*)
                0x9fc00490                . = ALIGN (0x4)

.sbss2          0x9fc00490        0x0
 *(.sbss2 .sbss2.* .gnu.linkonce.sb2.*)
                0x9fc00490                . = ALIGN (0x4)

.eh_frame_hdr
 *(.eh_frame_hdr)
                0x9fc00490                . = ALIGN (0x4)

.eh_frame
 *(.eh_frame)
                0x9fc00490                . = ALIGN (0x4)

.gcc_except_table
 *(.gcc_except_table .gcc_except_table.*)
                0x9fc00490                . = ALIGN (0x4)

.dbg_data       0xa0000000        0x0
                0xa0000000                . = (. + DEFINED (_DEBUGGER)?0x200:0x0)

.jcr            0xa0000000        0x0
 *(.jcr)
                0xa0000000                . = ALIGN (0x4)

.eh_frame
 *(.eh_frame)
                0xa0000000                . = ALIGN (0x4)

.gcc_except_table
 *(.gcc_except_table .gcc_except_table.*)
                0xa0000000                . = ALIGN (0x4)

.persist        0xa0000000        0x0
                0xa0000000                _persist_begin = .
 *(.persist .persist.*)
 *(.pbss .pbss.*)
                0xa0000000                . = ALIGN (0x4)
                0xa0000000                _persist_end = .

.data           0xa0000000        0x0
 *(.gnu.linkonce.d.*)
 *(.data1)
                0xa0000000                . = ALIGN (0x4)
                0xa0000000                . = .
                0xa0007ff0                _gp = (ALIGN (0x10) + 0x7ff0)

.got            0xa0000000        0x0
 *(.got.plt)
 *(.got)
                0xa0000000                . = ALIGN (0x4)

.sdata          0xa0000000        0x4
                0xa0000000                _sdata_begin = .
 *(.sdata .sdata.* .gnu.linkonce.s.*)
 .sdata         0xa0000000        0x4 build/default/production/main.o
                0xa0000000                mode
                0xa0000004                . = ALIGN (0x4)
                0xa0000004                _sdata_end = .

.lit8
 *(.lit8)

.lit4
 *(.lit4)
                0xa0000004                . = ALIGN (0x4)
                0xa0000004                _data_end = .
                0xa0000004                _bss_begin = .

.sbss           0xa0000004       0x30
                0xa0000004                _sbss_begin = .
 *(.dynsbss)
 *(.sbss .sbss.* .gnu.linkonce.sb.*)
 .sbss          0xa0000004        0x4 build/default/production/main.o
                0xa0000004                temp
 *(.scommon)
 .scommon       0xa0000008       0x18 build/default/production/main.o
                0xa0000008                tmp
                0xa000000a                dig_T1
                0xa000000c                dig_T2
                0xa0000010                temperature
                0xa0000014                adc_T
                0xa0000018                dig_T3
                0xa000001c                t_fine
 .scommon       0xa0000020        0xc ..\libneopixels.X\dist\default\production\libneopixels.X.a(begin.o)
                0xa0000020                _pin
                0xa0000024                _nleds
                0xa0000028                _latch
 .scommon       0xa000002c        0x7 ..\liblcd.X\dist\default\production\liblcd.X.a(begin.o)
                0xa000002c                _numcol
                0xa000002d                _displaycontrol
                0xa000002e                _curcol
                0xa000002f                _displaymode
                0xa0000030                _currow
                0xa0000031                _displayfunction
                0xa0000032                _numrow
                0xa0000033                _sbss_end = .
                0xa0000034                . = ALIGN (0x4)
 *fill*         0xa0000033        0x1 

.bss            0xa0000034      0x110
 *(.dynbss)
 *(COMMON)
 COMMON         0xa0000034       0x20 build/default/production/main.o
                0xa0000034                buffer
 COMMON         0xa0000054       0xf0 ..\libneopixels.X\dist\default\production\libneopixels.X.a(begin.o)
                0xa0000054                _leds
                0xa0000144                . = ALIGN ((. != 0x0)?0x4:0x1)
                0xa0000144                . = ALIGN (0x4)
                0xa0000144                _end = .
                0xa0000144                _bss_end = .
                0x00008000                _bmxdudba_address = 0x8000
                0x00008000                _bmxdupba_address = 0x8000

/DISCARD/
 *(.pdr)
 *(.rel.dyn)
 *(.note.GNU-stack)
 *(.note.GNU-stack)
 *(.gnu_debuglink)
 *(.gnu.lto_*)
 *(.discard)

.gptab.sdata
 *(.gptab.data)
 *(.gptab.sdata)

.gptab.sbss
 *(.gptab.bss)
 *(.gptab.sbss)

.mdebug.abi32   0xa0000144        0x0
 *(.mdebug.abi32)
 .mdebug.abi32  0xa0000144        0x0 build/default/production/main.o
 .mdebug.abi32  0xa0000144        0x0 ..\libneopixels.X\dist\default\production\libneopixels.X.a(show.o)
 .mdebug.abi32  0xa0000144        0x0 ..\libneopixels.X\dist\default\production\libneopixels.X.a(set.o)
 .mdebug.abi32  0xa0000144        0x0 ..\libneopixels.X\dist\default\production\libneopixels.X.a(clear.o)
 .mdebug.abi32  0xa0000144        0x0 ..\libneopixels.X\dist\default\production\libneopixels.X.a(begin.o)
 .mdebug.abi32  0xa0000144        0x0 ..\libi2c.X\dist\default\production\libi2c.X.a(enable.o)
 .mdebug.abi32  0xa0000144        0x0 ..\libi2c.X\dist\default\production\libi2c.X.a(write.o)
 .mdebug.abi32  0xa0000144        0x0 ..\libi2c.X\dist\default\production\libi2c.X.a(read.o)
 .mdebug.abi32  0xa0000144        0x0 ..\libi2c.X\dist\default\production\libi2c.X.a(_stop.o)
 .mdebug.abi32  0xa0000144        0x0 ..\libi2c.X\dist\default\production\libi2c.X.a(_start.o)
 .mdebug.abi32  0xa0000144        0x0 ..\libi2c.X\dist\default\production\libi2c.X.a(_send.o)
 .mdebug.abi32  0xa0000144        0x0 ..\liblcd.X\dist\default\production\liblcd.X.a(begin.o)
 .mdebug.abi32  0xa0000144        0x0 ..\liblcd.X\dist\default\production\liblcd.X.a(display.o)
 .mdebug.abi32  0xa0000144        0x0 ..\liblcd.X\dist\default\production\liblcd.X.a(light.o)
 .mdebug.abi32  0xa0000144        0x0 ..\liblcd.X\dist\default\production\liblcd.X.a(clear.o)
 .mdebug.abi32  0xa0000144        0x0 ..\liblcd.X\dist\default\production\liblcd.X.a(home.o)
 .mdebug.abi32  0xa0000144        0x0 ..\liblcd.X\dist\default\production\liblcd.X.a(putstr.o)
 .mdebug.abi32  0xa0000144        0x0 ..\liblcd.X\dist\default\production\liblcd.X.a(send.o)
 .mdebug.abi32  0xa0000144        0x0 ..\liblcd.X\dist\default\production\liblcd.X.a(putchr.o)
 .mdebug.abi32  0xa0000144        0x0 ..\liblcd.X\dist\default\production\liblcd.X.a(move.o)
 .mdebug.abi32  0xa0000144        0x0 ..\liblcd.X\dist\default\production\liblcd.X.a(pulse.o)
 .mdebug.abi32  0xa0000144        0x0 ..\liblcd.X\dist\default\production\liblcd.X.a(delay_micros.o)
 .mdebug.abi32  0xa0000144        0x0 ..\liblcd.X\dist\default\production\liblcd.X.a(command.o)
 .mdebug.abi32  0xa0000144        0x0 ..\libserial.X\dist\default\production\libserial.X.a(begin.o)
 .mdebug.abi32  0xa0000144        0x0 c:/program files (x86)/microchip/xc32/v1.34/bin/bin/../../lib/gcc/pic32mx/4.5.2/../../../../pic32mx/lib\libmchp_peripheral_32MX340F512H.a(pcache.o)
 .mdebug.abi32  0xa0000144        0x0 c:/program files (x86)/microchip/xc32/v1.34/bin/bin/../../lib/gcc/pic32mx/4.5.2/../../../../pic32mx/lib\libmchp_peripheral_32MX340F512H.a(int_disable_interrupts_lib.o)
 .mdebug.abi32  0xa0000144        0x0 c:/program files (x86)/microchip/xc32/v1.34/bin/bin/../../lib/gcc/pic32mx/4.5.2/../../../../pic32mx/lib\libmchp_peripheral_32MX340F512H.a(int_restore_interrupts_lib.o)
 .mdebug.abi32  0xa0000144        0x0 c:/program files (x86)/microchip/xc32/v1.34/bin/bin/../../lib/gcc/pic32mx/4.5.2/../../../../pic32mx/lib\libmchp_peripheral_32MX340F512H.a(I2CAcknowledgeByte.o)
 .mdebug.abi32  0xa0000144        0x0 c:/program files (x86)/microchip/xc32/v1.34/bin/bin/../../lib/gcc/pic32mx/4.5.2/../../../../pic32mx/lib\libmchp_peripheral_32MX340F512H.a(I2CBusIsIdle.o)
 .mdebug.abi32  0xa0000144        0x0 c:/program files (x86)/microchip/xc32/v1.34/bin/bin/../../lib/gcc/pic32mx/4.5.2/../../../../pic32mx/lib\libmchp_peripheral_32MX340F512H.a(I2CByteWasAcknowledged.o)
 .mdebug.abi32  0xa0000144        0x0 c:/program files (x86)/microchip/xc32/v1.34/bin/bin/../../lib/gcc/pic32mx/4.5.2/../../../../pic32mx/lib\libmchp_peripheral_32MX340F512H.a(I2CEnable.o)
 .mdebug.abi32  0xa0000144        0x0 c:/program files (x86)/microchip/xc32/v1.34/bin/bin/../../lib/gcc/pic32mx/4.5.2/../../../../pic32mx/lib\libmchp_peripheral_32MX340F512H.a(I2CGetByte.o)
 .mdebug.abi32  0xa0000144        0x0 c:/program files (x86)/microchip/xc32/v1.34/bin/bin/../../lib/gcc/pic32mx/4.5.2/../../../../pic32mx/lib\libmchp_peripheral_32MX340F512H.a(I2CReceivedDataIsAvailable.o)
 .mdebug.abi32  0xa0000144        0x0 c:/program files (x86)/microchip/xc32/v1.34/bin/bin/../../lib/gcc/pic32mx/4.5.2/../../../../pic32mx/lib\libmchp_peripheral_32MX340F512H.a(I2CReceiverEnable.o)
 .mdebug.abi32  0xa0000144        0x0 c:/program files (x86)/microchip/xc32/v1.34/bin/bin/../../lib/gcc/pic32mx/4.5.2/../../../../pic32mx/lib\libmchp_peripheral_32MX340F512H.a(I2CRepeatStart.o)
 .mdebug.abi32  0xa0000144        0x0 c:/program files (x86)/microchip/xc32/v1.34/bin/bin/../../lib/gcc/pic32mx/4.5.2/../../../../pic32mx/lib\libmchp_peripheral_32MX340F512H.a(I2CSendByte.o)
 .mdebug.abi32  0xa0000144        0x0 c:/program files (x86)/microchip/xc32/v1.34/bin/bin/../../lib/gcc/pic32mx/4.5.2/../../../../pic32mx/lib\libmchp_peripheral_32MX340F512H.a(I2CSetFrequency.o)
 .mdebug.abi32  0xa0000144        0x0 c:/program files (x86)/microchip/xc32/v1.34/bin/bin/../../lib/gcc/pic32mx/4.5.2/../../../../pic32mx/lib\libmchp_peripheral_32MX340F512H.a(I2CStart.o)
 .mdebug.abi32  0xa0000144        0x0 c:/program files (x86)/microchip/xc32/v1.34/bin/bin/../../lib/gcc/pic32mx/4.5.2/../../../../pic32mx/lib\libmchp_peripheral_32MX340F512H.a(I2CStop.o)
 .mdebug.abi32  0xa0000144        0x0 c:/program files (x86)/microchip/xc32/v1.34/bin/bin/../../lib/gcc/pic32mx/4.5.2/../../../../pic32mx/lib\libmchp_peripheral_32MX340F512H.a(I2CTransmissionHasCompleted.o)
 .mdebug.abi32  0xa0000144        0x0 c:/program files (x86)/microchip/xc32/v1.34/bin/bin/../../lib/gcc/pic32mx/4.5.2/../../../../pic32mx/lib\libmchp_peripheral_32MX340F512H.a(I2CTransmitterIsReady.o)
 .mdebug.abi32  0xa0000144        0x0 c:/program files (x86)/microchip/xc32/v1.34/bin/bin/../../lib/gcc/pic32mx/4.5.2/../../../../pic32mx/lib\libmchp_peripheral_32MX340F512H.a(I2CPrivate.o)
 .mdebug.abi32  0xa0000144        0x0 c:/program files (x86)/microchip/xc32/v1.34/bin/bin/../../lib/gcc/pic32mx/4.5.2/../../../../pic32mx/lib\libpic32.a(default-bootstrap-exception-handler.o)
 .mdebug.abi32  0xa0000144        0x0 c:/program files (x86)/microchip/xc32/v1.34/bin/bin/../../lib/gcc/pic32mx/4.5.2/../../../../pic32mx/lib\libpic32.a(default-on-reset.o)
 .mdebug.abi32  0xa0000144        0x0 c:/program files (x86)/microchip/xc32/v1.34/bin/bin/../../lib/gcc/pic32mx/4.5.2/../../../../pic32mx/lib\libpic32.a(default-on-bootstrap.o)
 .mdebug.abi32  0xa0000144        0x0 c:/program files (x86)/microchip/xc32/v1.34/bin/bin/../../lib/gcc/pic32mx/4.5.2/../../../../pic32mx/lib\libpic32.a(default-general-exception-handler.o)
 .mdebug.abi32  0xa0000144        0x0 c:/program files (x86)/microchip/xc32/v1.34/bin/bin/../../lib/gcc/pic32mx/4.5.2/../../../../pic32mx/lib\libpic32.a(defaultinterrupt.o)

.mdebug.abiN32
 *(.mdebug.abiN32)

.mdebug.abi64
 *(.mdebug.abi64)

.mdebug.abiO64
 *(.mdebug.abiO64)

.mdebug.eabi32
 *(.mdebug.eabi32)

.mdebug.eabi64
 *(.mdebug.eabi64)

.gcc_compiled_long32
 *(.gcc_compiled_long32)

.gcc_compiled_long64
 *(.gcc_compiled_long64)

.stab
 *(.stab)

.stabstr
 *(.stabstr)

.stab.excl
 *(.stab.excl)

.stab.exclstr
 *(.stab.exclstr)

.stab.index
 *(.stab.index)

.stab.indexstr
 *(.stab.indexstr)

.comment        0x00000000       0x78
 *(.comment)
 .comment       0x00000000       0x3c build/default/production/main.o
                                 0x3d (size before relaxing)
 .comment       0x00000000       0x3d ..\libneopixels.X\dist\default\production\libneopixels.X.a(show.o)
 .comment       0x00000000       0x3d ..\libneopixels.X\dist\default\production\libneopixels.X.a(set.o)
 .comment       0x00000000       0x3d ..\libneopixels.X\dist\default\production\libneopixels.X.a(clear.o)
 .comment       0x00000000       0x3d ..\libneopixels.X\dist\default\production\libneopixels.X.a(begin.o)
 .comment       0x00000000       0x3d ..\libi2c.X\dist\default\production\libi2c.X.a(enable.o)
 .comment       0x00000000       0x3d ..\libi2c.X\dist\default\production\libi2c.X.a(write.o)
 .comment       0x00000000       0x3d ..\libi2c.X\dist\default\production\libi2c.X.a(read.o)
 .comment       0x00000000       0x3d ..\libi2c.X\dist\default\production\libi2c.X.a(_stop.o)
 .comment       0x00000000       0x3d ..\libi2c.X\dist\default\production\libi2c.X.a(_start.o)
 .comment       0x00000000       0x3d ..\libi2c.X\dist\default\production\libi2c.X.a(_send.o)
 .comment       0x00000000       0x3d ..\liblcd.X\dist\default\production\liblcd.X.a(begin.o)
 .comment       0x00000000       0x3d ..\liblcd.X\dist\default\production\liblcd.X.a(display.o)
 .comment       0x00000000       0x3d ..\liblcd.X\dist\default\production\liblcd.X.a(light.o)
 .comment       0x00000000       0x3d ..\liblcd.X\dist\default\production\liblcd.X.a(clear.o)
 .comment       0x00000000       0x3d ..\liblcd.X\dist\default\production\liblcd.X.a(home.o)
 .comment       0x00000000       0x3d ..\liblcd.X\dist\default\production\liblcd.X.a(putstr.o)
 .comment       0x00000000       0x3d ..\liblcd.X\dist\default\production\liblcd.X.a(send.o)
 .comment       0x00000000       0x3d ..\liblcd.X\dist\default\production\liblcd.X.a(putchr.o)
 .comment       0x00000000       0x3d ..\liblcd.X\dist\default\production\liblcd.X.a(move.o)
 .comment       0x00000000       0x3d ..\liblcd.X\dist\default\production\liblcd.X.a(pulse.o)
 .comment       0x00000000       0x3d ..\liblcd.X\dist\default\production\liblcd.X.a(delay_micros.o)
 .comment       0x00000000       0x3d ..\liblcd.X\dist\default\production\liblcd.X.a(command.o)
 .comment       0x00000000       0x3d ..\libserial.X\dist\default\production\libserial.X.a(begin.o)
 .comment       0x0000003c       0x3c c:/program files (x86)/microchip/xc32/v1.34/bin/bin/../../lib/gcc/pic32mx/4.5.2/../../../../pic32mx/lib\libmchp_peripheral_32MX340F512H.a(pcache.o)
                                 0x3d (size before relaxing)
 .comment       0x00000000       0x3d c:/program files (x86)/microchip/xc32/v1.34/bin/bin/../../lib/gcc/pic32mx/4.5.2/../../../../pic32mx/lib\libmchp_peripheral_32MX340F512H.a(int_disable_interrupts_lib.o)
 .comment       0x00000000       0x3d c:/program files (x86)/microchip/xc32/v1.34/bin/bin/../../lib/gcc/pic32mx/4.5.2/../../../../pic32mx/lib\libmchp_peripheral_32MX340F512H.a(int_restore_interrupts_lib.o)
 .comment       0x00000000       0x3d c:/program files (x86)/microchip/xc32/v1.34/bin/bin/../../lib/gcc/pic32mx/4.5.2/../../../../pic32mx/lib\libmchp_peripheral_32MX340F512H.a(I2CAcknowledgeByte.o)
 .comment       0x00000000       0x3d c:/program files (x86)/microchip/xc32/v1.34/bin/bin/../../lib/gcc/pic32mx/4.5.2/../../../../pic32mx/lib\libmchp_peripheral_32MX340F512H.a(I2CBusIsIdle.o)
 .comment       0x00000000       0x3d c:/program files (x86)/microchip/xc32/v1.34/bin/bin/../../lib/gcc/pic32mx/4.5.2/../../../../pic32mx/lib\libmchp_peripheral_32MX340F512H.a(I2CByteWasAcknowledged.o)
 .comment       0x00000000       0x3d c:/program files (x86)/microchip/xc32/v1.34/bin/bin/../../lib/gcc/pic32mx/4.5.2/../../../../pic32mx/lib\libmchp_peripheral_32MX340F512H.a(I2CEnable.o)
 .comment       0x00000000       0x3d c:/program files (x86)/microchip/xc32/v1.34/bin/bin/../../lib/gcc/pic32mx/4.5.2/../../../../pic32mx/lib\libmchp_peripheral_32MX340F512H.a(I2CGetByte.o)
 .comment       0x00000000       0x3d c:/program files (x86)/microchip/xc32/v1.34/bin/bin/../../lib/gcc/pic32mx/4.5.2/../../../../pic32mx/lib\libmchp_peripheral_32MX340F512H.a(I2CReceivedDataIsAvailable.o)
 .comment       0x00000000       0x3d c:/program files (x86)/microchip/xc32/v1.34/bin/bin/../../lib/gcc/pic32mx/4.5.2/../../../../pic32mx/lib\libmchp_peripheral_32MX340F512H.a(I2CReceiverEnable.o)
 .comment       0x00000000       0x3d c:/program files (x86)/microchip/xc32/v1.34/bin/bin/../../lib/gcc/pic32mx/4.5.2/../../../../pic32mx/lib\libmchp_peripheral_32MX340F512H.a(I2CRepeatStart.o)
 .comment       0x00000000       0x3d c:/program files (x86)/microchip/xc32/v1.34/bin/bin/../../lib/gcc/pic32mx/4.5.2/../../../../pic32mx/lib\libmchp_peripheral_32MX340F512H.a(I2CSendByte.o)
 .comment       0x00000000       0x3d c:/program files (x86)/microchip/xc32/v1.34/bin/bin/../../lib/gcc/pic32mx/4.5.2/../../../../pic32mx/lib\libmchp_peripheral_32MX340F512H.a(I2CSetFrequency.o)
 .comment       0x00000000       0x3d c:/program files (x86)/microchip/xc32/v1.34/bin/bin/../../lib/gcc/pic32mx/4.5.2/../../../../pic32mx/lib\libmchp_peripheral_32MX340F512H.a(I2CStart.o)
 .comment       0x00000000       0x3d c:/program files (x86)/microchip/xc32/v1.34/bin/bin/../../lib/gcc/pic32mx/4.5.2/../../../../pic32mx/lib\libmchp_peripheral_32MX340F512H.a(I2CStop.o)
 .comment       0x00000000       0x3d c:/program files (x86)/microchip/xc32/v1.34/bin/bin/../../lib/gcc/pic32mx/4.5.2/../../../../pic32mx/lib\libmchp_peripheral_32MX340F512H.a(I2CTransmissionHasCompleted.o)
 .comment       0x00000000       0x3d c:/program files (x86)/microchip/xc32/v1.34/bin/bin/../../lib/gcc/pic32mx/4.5.2/../../../../pic32mx/lib\libmchp_peripheral_32MX340F512H.a(I2CTransmitterIsReady.o)
 .comment       0x00000000       0x3d c:/program files (x86)/microchip/xc32/v1.34/bin/bin/../../lib/gcc/pic32mx/4.5.2/../../../../pic32mx/lib\libmchp_peripheral_32MX340F512H.a(I2CPrivate.o)
 .comment       0x00000000       0x3d c:/program files (x86)/microchip/xc32/v1.34/bin/bin/../../lib/gcc/pic32mx/4.5.2/../../../../pic32mx/lib\libpic32.a(default-bootstrap-exception-handler.o)
 .comment       0x00000000       0x3d c:/program files (x86)/microchip/xc32/v1.34/bin/bin/../../lib/gcc/pic32mx/4.5.2/../../../../pic32mx/lib\libpic32.a(default-on-reset.o)
 .comment       0x00000000       0x3d c:/program files (x86)/microchip/xc32/v1.34/bin/bin/../../lib/gcc/pic32mx/4.5.2/../../../../pic32mx/lib\libpic32.a(default-on-bootstrap.o)
 .comment       0x00000000       0x3d c:/program files (x86)/microchip/xc32/v1.34/bin/bin/../../lib/gcc/pic32mx/4.5.2/../../../../pic32mx/lib\libpic32.a(default-general-exception-handler.o)
 .comment       0x00000000       0x3d c:/program files (x86)/microchip/xc32/v1.34/bin/bin/../../lib/gcc/pic32mx/4.5.2/../../../../pic32mx/lib\libpic32.a(defaultinterrupt.o)

.debug
 *(.debug)

.line
 *(.line)

.debug_srcinfo
 *(.debug_srcinfo)

.debug_sfnames
 *(.debug_sfnames)

.debug_aranges  0x00000000      0x5c8
 *(.debug_aranges)
 .debug_aranges
                0x00000000       0x20 build/default/production/main.o
 .debug_aranges
                0x00000020       0x20 ..\libneopixels.X\dist\default\production\libneopixels.X.a(show.o)
 .debug_aranges
                0x00000040       0x20 ..\libneopixels.X\dist\default\production\libneopixels.X.a(set.o)
 .debug_aranges
                0x00000060       0x20 ..\libneopixels.X\dist\default\production\libneopixels.X.a(clear.o)
 .debug_aranges
                0x00000080       0x20 ..\libneopixels.X\dist\default\production\libneopixels.X.a(begin.o)
 .debug_aranges
                0x000000a0       0x20 ..\libi2c.X\dist\default\production\libi2c.X.a(enable.o)
 .debug_aranges
                0x000000c0       0x20 ..\libi2c.X\dist\default\production\libi2c.X.a(write.o)
 .debug_aranges
                0x000000e0       0x20 ..\libi2c.X\dist\default\production\libi2c.X.a(read.o)
 .debug_aranges
                0x00000100       0x20 ..\libi2c.X\dist\default\production\libi2c.X.a(_stop.o)
 .debug_aranges
                0x00000120       0x20 ..\libi2c.X\dist\default\production\libi2c.X.a(_start.o)
 .debug_aranges
                0x00000140       0x20 ..\libi2c.X\dist\default\production\libi2c.X.a(_send.o)
 .debug_aranges
                0x00000160       0x20 ..\liblcd.X\dist\default\production\liblcd.X.a(begin.o)
 .debug_aranges
                0x00000180       0x20 ..\liblcd.X\dist\default\production\liblcd.X.a(display.o)
 .debug_aranges
                0x000001a0       0x20 ..\liblcd.X\dist\default\production\liblcd.X.a(light.o)
 .debug_aranges
                0x000001c0       0x20 ..\liblcd.X\dist\default\production\liblcd.X.a(clear.o)
 .debug_aranges
                0x000001e0       0x20 ..\liblcd.X\dist\default\production\liblcd.X.a(home.o)
 .debug_aranges
                0x00000200       0x20 ..\liblcd.X\dist\default\production\liblcd.X.a(putstr.o)
 .debug_aranges
                0x00000220       0x20 ..\liblcd.X\dist\default\production\liblcd.X.a(send.o)
 .debug_aranges
                0x00000240       0x20 ..\liblcd.X\dist\default\production\liblcd.X.a(putchr.o)
 .debug_aranges
                0x00000260       0x20 ..\liblcd.X\dist\default\production\liblcd.X.a(move.o)
 .debug_aranges
                0x00000280       0x20 ..\liblcd.X\dist\default\production\liblcd.X.a(pulse.o)
 .debug_aranges
                0x000002a0       0x20 ..\liblcd.X\dist\default\production\liblcd.X.a(delay_micros.o)
 .debug_aranges
                0x000002c0       0x20 ..\liblcd.X\dist\default\production\liblcd.X.a(command.o)
 .debug_aranges
                0x000002e0       0x20 ..\libserial.X\dist\default\production\libserial.X.a(begin.o)
 .debug_aranges
                0x00000300       0x28 c:/program files (x86)/microchip/xc32/v1.34/bin/bin/../../lib/gcc/pic32mx/4.5.2/../../../../pic32mx/lib\libmchp_peripheral_32MX340F512H.a(pcache.o)
 .debug_aranges
                0x00000328       0x20 c:/program files (x86)/microchip/xc32/v1.34/bin/bin/../../lib/gcc/pic32mx/4.5.2/../../../../pic32mx/lib\libmchp_peripheral_32MX340F512H.a(int_disable_interrupts_lib.o)
 .debug_aranges
                0x00000348       0x20 c:/program files (x86)/microchip/xc32/v1.34/bin/bin/../../lib/gcc/pic32mx/4.5.2/../../../../pic32mx/lib\libmchp_peripheral_32MX340F512H.a(int_restore_interrupts_lib.o)
 .debug_aranges
                0x00000368       0x20 c:/program files (x86)/microchip/xc32/v1.34/bin/bin/../../lib/gcc/pic32mx/4.5.2/../../../../pic32mx/lib\libmchp_peripheral_32MX340F512H.a(I2CAcknowledgeByte.o)
 .debug_aranges
                0x00000388       0x20 c:/program files (x86)/microchip/xc32/v1.34/bin/bin/../../lib/gcc/pic32mx/4.5.2/../../../../pic32mx/lib\libmchp_peripheral_32MX340F512H.a(I2CBusIsIdle.o)
 .debug_aranges
                0x000003a8       0x20 c:/program files (x86)/microchip/xc32/v1.34/bin/bin/../../lib/gcc/pic32mx/4.5.2/../../../../pic32mx/lib\libmchp_peripheral_32MX340F512H.a(I2CByteWasAcknowledged.o)
 .debug_aranges
                0x000003c8       0x20 c:/program files (x86)/microchip/xc32/v1.34/bin/bin/../../lib/gcc/pic32mx/4.5.2/../../../../pic32mx/lib\libmchp_peripheral_32MX340F512H.a(I2CEnable.o)
 .debug_aranges
                0x000003e8       0x20 c:/program files (x86)/microchip/xc32/v1.34/bin/bin/../../lib/gcc/pic32mx/4.5.2/../../../../pic32mx/lib\libmchp_peripheral_32MX340F512H.a(I2CGetByte.o)
 .debug_aranges
                0x00000408       0x20 c:/program files (x86)/microchip/xc32/v1.34/bin/bin/../../lib/gcc/pic32mx/4.5.2/../../../../pic32mx/lib\libmchp_peripheral_32MX340F512H.a(I2CReceivedDataIsAvailable.o)
 .debug_aranges
                0x00000428       0x20 c:/program files (x86)/microchip/xc32/v1.34/bin/bin/../../lib/gcc/pic32mx/4.5.2/../../../../pic32mx/lib\libmchp_peripheral_32MX340F512H.a(I2CReceiverEnable.o)
 .debug_aranges
                0x00000448       0x20 c:/program files (x86)/microchip/xc32/v1.34/bin/bin/../../lib/gcc/pic32mx/4.5.2/../../../../pic32mx/lib\libmchp_peripheral_32MX340F512H.a(I2CRepeatStart.o)
 .debug_aranges
                0x00000468       0x20 c:/program files (x86)/microchip/xc32/v1.34/bin/bin/../../lib/gcc/pic32mx/4.5.2/../../../../pic32mx/lib\libmchp_peripheral_32MX340F512H.a(I2CSendByte.o)
 .debug_aranges
                0x00000488       0x20 c:/program files (x86)/microchip/xc32/v1.34/bin/bin/../../lib/gcc/pic32mx/4.5.2/../../../../pic32mx/lib\libmchp_peripheral_32MX340F512H.a(I2CSetFrequency.o)
 .debug_aranges
                0x000004a8       0x20 c:/program files (x86)/microchip/xc32/v1.34/bin/bin/../../lib/gcc/pic32mx/4.5.2/../../../../pic32mx/lib\libmchp_peripheral_32MX340F512H.a(I2CStart.o)
 .debug_aranges
                0x000004c8       0x20 c:/program files (x86)/microchip/xc32/v1.34/bin/bin/../../lib/gcc/pic32mx/4.5.2/../../../../pic32mx/lib\libmchp_peripheral_32MX340F512H.a(I2CStop.o)
 .debug_aranges
                0x000004e8       0x20 c:/program files (x86)/microchip/xc32/v1.34/bin/bin/../../lib/gcc/pic32mx/4.5.2/../../../../pic32mx/lib\libmchp_peripheral_32MX340F512H.a(I2CTransmissionHasCompleted.o)
 .debug_aranges
                0x00000508       0x20 c:/program files (x86)/microchip/xc32/v1.34/bin/bin/../../lib/gcc/pic32mx/4.5.2/../../../../pic32mx/lib\libmchp_peripheral_32MX340F512H.a(I2CTransmitterIsReady.o)
 .debug_aranges
                0x00000528       0x20 c:/program files (x86)/microchip/xc32/v1.34/bin/bin/../../lib/gcc/pic32mx/4.5.2/../../../../pic32mx/lib\libpic32.a(default-bootstrap-exception-handler.o)
 .debug_aranges
                0x00000548       0x20 c:/program files (x86)/microchip/xc32/v1.34/bin/bin/../../lib/gcc/pic32mx/4.5.2/../../../../pic32mx/lib\libpic32.a(default-on-reset.o)
 .debug_aranges
                0x00000568       0x20 c:/program files (x86)/microchip/xc32/v1.34/bin/bin/../../lib/gcc/pic32mx/4.5.2/../../../../pic32mx/lib\libpic32.a(default-on-bootstrap.o)
 .debug_aranges
                0x00000588       0x20 c:/program files (x86)/microchip/xc32/v1.34/bin/bin/../../lib/gcc/pic32mx/4.5.2/../../../../pic32mx/lib\libpic32.a(default-general-exception-handler.o)
 .debug_aranges
                0x000005a8       0x20 c:/program files (x86)/microchip/xc32/v1.34/bin/bin/../../lib/gcc/pic32mx/4.5.2/../../../../pic32mx/lib\libpic32.a(defaultinterrupt.o)

.debug_pubnames
                0x00000000      0x8b6
 *(.debug_pubnames)
 .debug_pubnames
                0x00000000      0x142 build/default/production/main.o
 .debug_pubnames
                0x00000142       0x28 ..\libneopixels.X\dist\default\production\libneopixels.X.a(show.o)
 .debug_pubnames
                0x0000016a       0x27 ..\libneopixels.X\dist\default\production\libneopixels.X.a(set.o)
 .debug_pubnames
                0x00000191       0x29 ..\libneopixels.X\dist\default\production\libneopixels.X.a(clear.o)
 .debug_pubnames
                0x000001ba       0x52 ..\libneopixels.X\dist\default\production\libneopixels.X.a(begin.o)
 .debug_pubnames
                0x0000020c       0x48 ..\libi2c.X\dist\default\production\libi2c.X.a(enable.o)
 .debug_pubnames
                0x00000254       0x23 ..\libi2c.X\dist\default\production\libi2c.X.a(write.o)
 .debug_pubnames
                0x00000277       0x22 ..\libi2c.X\dist\default\production\libi2c.X.a(read.o)
 .debug_pubnames
                0x00000299       0x23 ..\libi2c.X\dist\default\production\libi2c.X.a(_stop.o)
 .debug_pubnames
                0x000002bc       0x24 ..\libi2c.X\dist\default\production\libi2c.X.a(_start.o)
 .debug_pubnames
                0x000002e0       0x23 ..\libi2c.X\dist\default\production\libi2c.X.a(_send.o)
 .debug_pubnames
                0x00000303       0x8d ..\liblcd.X\dist\default\production\liblcd.X.a(begin.o)
 .debug_pubnames
                0x00000390       0x25 ..\liblcd.X\dist\default\production\liblcd.X.a(display.o)
 .debug_pubnames
                0x000003b5       0x23 ..\liblcd.X\dist\default\production\liblcd.X.a(light.o)
 .debug_pubnames
                0x000003d8       0x23 ..\liblcd.X\dist\default\production\liblcd.X.a(clear.o)
 .debug_pubnames
                0x000003fb       0x22 ..\liblcd.X\dist\default\production\liblcd.X.a(home.o)
 .debug_pubnames
                0x0000041d       0x24 ..\liblcd.X\dist\default\production\liblcd.X.a(putstr.o)
 .debug_pubnames
                0x00000441       0x22 ..\liblcd.X\dist\default\production\liblcd.X.a(send.o)
 .debug_pubnames
                0x00000463       0x24 ..\liblcd.X\dist\default\production\liblcd.X.a(putchr.o)
 .debug_pubnames
                0x00000487       0x22 ..\liblcd.X\dist\default\production\liblcd.X.a(move.o)
 .debug_pubnames
                0x000004a9       0x23 ..\liblcd.X\dist\default\production\liblcd.X.a(pulse.o)
 .debug_pubnames
                0x000004cc       0x23 ..\liblcd.X\dist\default\production\liblcd.X.a(delay_micros.o)
 .debug_pubnames
                0x000004ef       0x25 ..\liblcd.X\dist\default\production\liblcd.X.a(command.o)
 .debug_pubnames
                0x00000514       0x26 ..\libserial.X\dist\default\production\libserial.X.a(begin.o)
 .debug_pubnames
                0x0000053a       0x3b c:/program files (x86)/microchip/xc32/v1.34/bin/bin/../../lib/gcc/pic32mx/4.5.2/../../../../pic32mx/lib\libmchp_peripheral_32MX340F512H.a(pcache.o)
 .debug_pubnames
                0x00000575       0x2b c:/program files (x86)/microchip/xc32/v1.34/bin/bin/../../lib/gcc/pic32mx/4.5.2/../../../../pic32mx/lib\libmchp_peripheral_32MX340F512H.a(int_disable_interrupts_lib.o)
 .debug_pubnames
                0x000005a0       0x2b c:/program files (x86)/microchip/xc32/v1.34/bin/bin/../../lib/gcc/pic32mx/4.5.2/../../../../pic32mx/lib\libmchp_peripheral_32MX340F512H.a(int_restore_interrupts_lib.o)
 .debug_pubnames
                0x000005cb       0x29 c:/program files (x86)/microchip/xc32/v1.34/bin/bin/../../lib/gcc/pic32mx/4.5.2/../../../../pic32mx/lib\libmchp_peripheral_32MX340F512H.a(I2CAcknowledgeByte.o)
 .debug_pubnames
                0x000005f4       0x23 c:/program files (x86)/microchip/xc32/v1.34/bin/bin/../../lib/gcc/pic32mx/4.5.2/../../../../pic32mx/lib\libmchp_peripheral_32MX340F512H.a(I2CBusIsIdle.o)
 .debug_pubnames
                0x00000617       0x2d c:/program files (x86)/microchip/xc32/v1.34/bin/bin/../../lib/gcc/pic32mx/4.5.2/../../../../pic32mx/lib\libmchp_peripheral_32MX340F512H.a(I2CByteWasAcknowledged.o)
 .debug_pubnames
                0x00000644       0x20 c:/program files (x86)/microchip/xc32/v1.34/bin/bin/../../lib/gcc/pic32mx/4.5.2/../../../../pic32mx/lib\libmchp_peripheral_32MX340F512H.a(I2CEnable.o)
 .debug_pubnames
                0x00000664       0x21 c:/program files (x86)/microchip/xc32/v1.34/bin/bin/../../lib/gcc/pic32mx/4.5.2/../../../../pic32mx/lib\libmchp_peripheral_32MX340F512H.a(I2CGetByte.o)
 .debug_pubnames
                0x00000685       0x31 c:/program files (x86)/microchip/xc32/v1.34/bin/bin/../../lib/gcc/pic32mx/4.5.2/../../../../pic32mx/lib\libmchp_peripheral_32MX340F512H.a(I2CReceivedDataIsAvailable.o)
 .debug_pubnames
                0x000006b6       0x28 c:/program files (x86)/microchip/xc32/v1.34/bin/bin/../../lib/gcc/pic32mx/4.5.2/../../../../pic32mx/lib\libmchp_peripheral_32MX340F512H.a(I2CReceiverEnable.o)
 .debug_pubnames
                0x000006de       0x25 c:/program files (x86)/microchip/xc32/v1.34/bin/bin/../../lib/gcc/pic32mx/4.5.2/../../../../pic32mx/lib\libmchp_peripheral_32MX340F512H.a(I2CRepeatStart.o)
 .debug_pubnames
                0x00000703       0x22 c:/program files (x86)/microchip/xc32/v1.34/bin/bin/../../lib/gcc/pic32mx/4.5.2/../../../../pic32mx/lib\libmchp_peripheral_32MX340F512H.a(I2CSendByte.o)
 .debug_pubnames
                0x00000725       0x26 c:/program files (x86)/microchip/xc32/v1.34/bin/bin/../../lib/gcc/pic32mx/4.5.2/../../../../pic32mx/lib\libmchp_peripheral_32MX340F512H.a(I2CSetFrequency.o)
 .debug_pubnames
                0x0000074b       0x1f c:/program files (x86)/microchip/xc32/v1.34/bin/bin/../../lib/gcc/pic32mx/4.5.2/../../../../pic32mx/lib\libmchp_peripheral_32MX340F512H.a(I2CStart.o)
 .debug_pubnames
                0x0000076a       0x1e c:/program files (x86)/microchip/xc32/v1.34/bin/bin/../../lib/gcc/pic32mx/4.5.2/../../../../pic32mx/lib\libmchp_peripheral_32MX340F512H.a(I2CStop.o)
 .debug_pubnames
                0x00000788       0x32 c:/program files (x86)/microchip/xc32/v1.34/bin/bin/../../lib/gcc/pic32mx/4.5.2/../../../../pic32mx/lib\libmchp_peripheral_32MX340F512H.a(I2CTransmissionHasCompleted.o)
 .debug_pubnames
                0x000007ba       0x2c c:/program files (x86)/microchip/xc32/v1.34/bin/bin/../../lib/gcc/pic32mx/4.5.2/../../../../pic32mx/lib\libmchp_peripheral_32MX340F512H.a(I2CTransmitterIsReady.o)
 .debug_pubnames
                0x000007e6       0x33 c:/program files (x86)/microchip/xc32/v1.34/bin/bin/../../lib/gcc/pic32mx/4.5.2/../../../../pic32mx/lib\libpic32.a(default-bootstrap-exception-handler.o)
 .debug_pubnames
                0x00000819       0x20 c:/program files (x86)/microchip/xc32/v1.34/bin/bin/../../lib/gcc/pic32mx/4.5.2/../../../../pic32mx/lib\libpic32.a(default-on-reset.o)
 .debug_pubnames
                0x00000839       0x24 c:/program files (x86)/microchip/xc32/v1.34/bin/bin/../../lib/gcc/pic32mx/4.5.2/../../../../pic32mx/lib\libpic32.a(default-on-bootstrap.o)
 .debug_pubnames
                0x0000085d       0x31 c:/program files (x86)/microchip/xc32/v1.34/bin/bin/../../lib/gcc/pic32mx/4.5.2/../../../../pic32mx/lib\libpic32.a(default-general-exception-handler.o)
 .debug_pubnames
                0x0000088e       0x28 c:/program files (x86)/microchip/xc32/v1.34/bin/bin/../../lib/gcc/pic32mx/4.5.2/../../../../pic32mx/lib\libpic32.a(defaultinterrupt.o)

.debug_info     0x00000000     0x7efa
 *(.debug_info .gnu.linkonce.wi.*)
 .debug_info    0x00000000     0x2a1a build/default/production/main.o
 .debug_info    0x00002a1a      0x207 ..\libneopixels.X\dist\default\production\libneopixels.X.a(show.o)
 .debug_info    0x00002c21      0x1cc ..\libneopixels.X\dist\default\production\libneopixels.X.a(set.o)
 .debug_info    0x00002ded      0x193 ..\libneopixels.X\dist\default\production\libneopixels.X.a(clear.o)
 .debug_info    0x00002f80      0x24d ..\libneopixels.X\dist\default\production\libneopixels.X.a(begin.o)
 .debug_info    0x000031cd      0x75e ..\libi2c.X\dist\default\production\libi2c.X.a(enable.o)
 .debug_info    0x0000392b      0x391 ..\libi2c.X\dist\default\production\libi2c.X.a(write.o)
 .debug_info    0x00003cbc      0x3ac ..\libi2c.X\dist\default\production\libi2c.X.a(read.o)
 .debug_info    0x00004068      0x2ba ..\libi2c.X\dist\default\production\libi2c.X.a(_stop.o)
 .debug_info    0x00004322      0x312 ..\libi2c.X\dist\default\production\libi2c.X.a(_start.o)
 .debug_info    0x00004634      0x354 ..\libi2c.X\dist\default\production\libi2c.X.a(_send.o)
 .debug_info    0x00004988      0x4e9 ..\liblcd.X\dist\default\production\liblcd.X.a(begin.o)
 .debug_info    0x00004e71      0x18a ..\liblcd.X\dist\default\production\liblcd.X.a(display.o)
 .debug_info    0x00004ffb      0x26b ..\liblcd.X\dist\default\production\liblcd.X.a(light.o)
 .debug_info    0x00005266      0x195 ..\liblcd.X\dist\default\production\liblcd.X.a(clear.o)
 .debug_info    0x000053fb      0x193 ..\liblcd.X\dist\default\production\liblcd.X.a(home.o)
 .debug_info    0x0000558e      0x1d0 ..\liblcd.X\dist\default\production\liblcd.X.a(putstr.o)
 .debug_info    0x0000575e      0x3f9 ..\liblcd.X\dist\default\production\liblcd.X.a(send.o)
 .debug_info    0x00005b57      0x186 ..\liblcd.X\dist\default\production\liblcd.X.a(putchr.o)
 .debug_info    0x00005cdd      0x1fc ..\liblcd.X\dist\default\production\liblcd.X.a(move.o)
 .debug_info    0x00005ed9      0x25e ..\liblcd.X\dist\default\production\liblcd.X.a(pulse.o)
 .debug_info    0x00006137      0x167 ..\liblcd.X\dist\default\production\liblcd.X.a(delay_micros.o)
 .debug_info    0x0000629e      0x164 ..\liblcd.X\dist\default\production\liblcd.X.a(command.o)
 .debug_info    0x00006402      0xb95 ..\libserial.X\dist\default\production\libserial.X.a(begin.o)
 .debug_info    0x00006f97       0xbf c:/program files (x86)/microchip/xc32/v1.34/bin/bin/../../lib/gcc/pic32mx/4.5.2/../../../../pic32mx/lib\libmchp_peripheral_32MX340F512H.a(pcache.o)
 .debug_info    0x00007056       0xb6 c:/program files (x86)/microchip/xc32/v1.34/bin/bin/../../lib/gcc/pic32mx/4.5.2/../../../../pic32mx/lib\libmchp_peripheral_32MX340F512H.a(int_disable_interrupts_lib.o)
 .debug_info    0x0000710c       0xb6 c:/program files (x86)/microchip/xc32/v1.34/bin/bin/../../lib/gcc/pic32mx/4.5.2/../../../../pic32mx/lib\libmchp_peripheral_32MX340F512H.a(int_restore_interrupts_lib.o)
 .debug_info    0x000071c2       0xac c:/program files (x86)/microchip/xc32/v1.34/bin/bin/../../lib/gcc/pic32mx/4.5.2/../../../../pic32mx/lib\libmchp_peripheral_32MX340F512H.a(I2CAcknowledgeByte.o)
 .debug_info    0x0000726e       0xa0 c:/program files (x86)/microchip/xc32/v1.34/bin/bin/../../lib/gcc/pic32mx/4.5.2/../../../../pic32mx/lib\libmchp_peripheral_32MX340F512H.a(I2CBusIsIdle.o)
 .debug_info    0x0000730e       0xb4 c:/program files (x86)/microchip/xc32/v1.34/bin/bin/../../lib/gcc/pic32mx/4.5.2/../../../../pic32mx/lib\libmchp_peripheral_32MX340F512H.a(I2CByteWasAcknowledged.o)
 .debug_info    0x000073c2       0x9a c:/program files (x86)/microchip/xc32/v1.34/bin/bin/../../lib/gcc/pic32mx/4.5.2/../../../../pic32mx/lib\libmchp_peripheral_32MX340F512H.a(I2CEnable.o)
 .debug_info    0x0000745c       0x9c c:/program files (x86)/microchip/xc32/v1.34/bin/bin/../../lib/gcc/pic32mx/4.5.2/../../../../pic32mx/lib\libmchp_peripheral_32MX340F512H.a(I2CGetByte.o)
 .debug_info    0x000074f8       0xbc c:/program files (x86)/microchip/xc32/v1.34/bin/bin/../../lib/gcc/pic32mx/4.5.2/../../../../pic32mx/lib\libmchp_peripheral_32MX340F512H.a(I2CReceivedDataIsAvailable.o)
 .debug_info    0x000075b4       0xaa c:/program files (x86)/microchip/xc32/v1.34/bin/bin/../../lib/gcc/pic32mx/4.5.2/../../../../pic32mx/lib\libmchp_peripheral_32MX340F512H.a(I2CReceiverEnable.o)
 .debug_info    0x0000765e       0xa4 c:/program files (x86)/microchip/xc32/v1.34/bin/bin/../../lib/gcc/pic32mx/4.5.2/../../../../pic32mx/lib\libmchp_peripheral_32MX340F512H.a(I2CRepeatStart.o)
 .debug_info    0x00007702       0x9e c:/program files (x86)/microchip/xc32/v1.34/bin/bin/../../lib/gcc/pic32mx/4.5.2/../../../../pic32mx/lib\libmchp_peripheral_32MX340F512H.a(I2CSendByte.o)
 .debug_info    0x000077a0       0xa6 c:/program files (x86)/microchip/xc32/v1.34/bin/bin/../../lib/gcc/pic32mx/4.5.2/../../../../pic32mx/lib\libmchp_peripheral_32MX340F512H.a(I2CSetFrequency.o)
 .debug_info    0x00007846       0x98 c:/program files (x86)/microchip/xc32/v1.34/bin/bin/../../lib/gcc/pic32mx/4.5.2/../../../../pic32mx/lib\libmchp_peripheral_32MX340F512H.a(I2CStart.o)
 .debug_info    0x000078de       0x96 c:/program files (x86)/microchip/xc32/v1.34/bin/bin/../../lib/gcc/pic32mx/4.5.2/../../../../pic32mx/lib\libmchp_peripheral_32MX340F512H.a(I2CStop.o)
 .debug_info    0x00007974       0xbe c:/program files (x86)/microchip/xc32/v1.34/bin/bin/../../lib/gcc/pic32mx/4.5.2/../../../../pic32mx/lib\libmchp_peripheral_32MX340F512H.a(I2CTransmissionHasCompleted.o)
 .debug_info    0x00007a32       0xb2 c:/program files (x86)/microchip/xc32/v1.34/bin/bin/../../lib/gcc/pic32mx/4.5.2/../../../../pic32mx/lib\libmchp_peripheral_32MX340F512H.a(I2CTransmitterIsReady.o)
 .debug_info    0x00007ae4        0x0 c:/program files (x86)/microchip/xc32/v1.34/bin/bin/../../lib/gcc/pic32mx/4.5.2/../../../../pic32mx/lib\libmchp_peripheral_32MX340F512H.a(I2CPrivate.o)
 .debug_info    0x00007ae4       0xe2 c:/program files (x86)/microchip/xc32/v1.34/bin/bin/../../lib/gcc/pic32mx/4.5.2/../../../../pic32mx/lib\libpic32.a(default-bootstrap-exception-handler.o)
 .debug_info    0x00007bc6       0xbc c:/program files (x86)/microchip/xc32/v1.34/bin/bin/../../lib/gcc/pic32mx/4.5.2/../../../../pic32mx/lib\libpic32.a(default-on-reset.o)
 .debug_info    0x00007c82       0xc4 c:/program files (x86)/microchip/xc32/v1.34/bin/bin/../../lib/gcc/pic32mx/4.5.2/../../../../pic32mx/lib\libpic32.a(default-on-bootstrap.o)
 .debug_info    0x00007d46       0xde c:/program files (x86)/microchip/xc32/v1.34/bin/bin/../../lib/gcc/pic32mx/4.5.2/../../../../pic32mx/lib\libpic32.a(default-general-exception-handler.o)
 .debug_info    0x00007e24       0xd6 c:/program files (x86)/microchip/xc32/v1.34/bin/bin/../../lib/gcc/pic32mx/4.5.2/../../../../pic32mx/lib\libpic32.a(defaultinterrupt.o)

.debug_abbrev   0x00000000     0x1545
 *(.debug_abbrev)
 .debug_abbrev  0x00000000      0x33c build/default/production/main.o
 .debug_abbrev  0x0000033c       0x6d ..\libneopixels.X\dist\default\production\libneopixels.X.a(show.o)
 .debug_abbrev  0x000003a9       0x75 ..\libneopixels.X\dist\default\production\libneopixels.X.a(set.o)
 .debug_abbrev  0x0000041e       0x63 ..\libneopixels.X\dist\default\production\libneopixels.X.a(clear.o)
 .debug_abbrev  0x00000481       0x96 ..\libneopixels.X\dist\default\production\libneopixels.X.a(begin.o)
 .debug_abbrev  0x00000517      0x14e ..\libi2c.X\dist\default\production\libi2c.X.a(enable.o)
 .debug_abbrev  0x00000665      0x10f ..\libi2c.X\dist\default\production\libi2c.X.a(write.o)
 .debug_abbrev  0x00000774      0x11e ..\libi2c.X\dist\default\production\libi2c.X.a(read.o)
 .debug_abbrev  0x00000892       0xe8 ..\libi2c.X\dist\default\production\libi2c.X.a(_stop.o)
 .debug_abbrev  0x0000097a       0xf5 ..\libi2c.X\dist\default\production\libi2c.X.a(_start.o)
 .debug_abbrev  0x00000a6f      0x106 ..\libi2c.X\dist\default\production\libi2c.X.a(_send.o)
 .debug_abbrev  0x00000b75       0xf4 ..\liblcd.X\dist\default\production\liblcd.X.a(begin.o)
 .debug_abbrev  0x00000c69       0x63 ..\liblcd.X\dist\default\production\liblcd.X.a(display.o)
 .debug_abbrev  0x00000ccc       0xb0 ..\liblcd.X\dist\default\production\liblcd.X.a(light.o)
 .debug_abbrev  0x00000d7c       0x52 ..\liblcd.X\dist\default\production\liblcd.X.a(clear.o)
 .debug_abbrev  0x00000dce       0x52 ..\liblcd.X\dist\default\production\liblcd.X.a(home.o)
 .debug_abbrev  0x00000e20       0x6c ..\liblcd.X\dist\default\production\liblcd.X.a(putstr.o)
 .debug_abbrev  0x00000e8c       0xb0 ..\liblcd.X\dist\default\production\liblcd.X.a(send.o)
 .debug_abbrev  0x00000f3c       0x63 ..\liblcd.X\dist\default\production\liblcd.X.a(putchr.o)
 .debug_abbrev  0x00000f9f       0x84 ..\liblcd.X\dist\default\production\liblcd.X.a(move.o)
 .debug_abbrev  0x00001023       0x92 ..\liblcd.X\dist\default\production\liblcd.X.a(pulse.o)
 .debug_abbrev  0x000010b5       0x50 ..\liblcd.X\dist\default\production\liblcd.X.a(delay_micros.o)
 .debug_abbrev  0x00001105       0x50 ..\liblcd.X\dist\default\production\liblcd.X.a(command.o)
 .debug_abbrev  0x00001155       0xc1 ..\libserial.X\dist\default\production\libserial.X.a(begin.o)
 .debug_abbrev  0x00001216       0x25 c:/program files (x86)/microchip/xc32/v1.34/bin/bin/../../lib/gcc/pic32mx/4.5.2/../../../../pic32mx/lib\libmchp_peripheral_32MX340F512H.a(pcache.o)
 .debug_abbrev  0x0000123b       0x25 c:/program files (x86)/microchip/xc32/v1.34/bin/bin/../../lib/gcc/pic32mx/4.5.2/../../../../pic32mx/lib\libmchp_peripheral_32MX340F512H.a(int_disable_interrupts_lib.o)
 .debug_abbrev  0x00001260       0x25 c:/program files (x86)/microchip/xc32/v1.34/bin/bin/../../lib/gcc/pic32mx/4.5.2/../../../../pic32mx/lib\libmchp_peripheral_32MX340F512H.a(int_restore_interrupts_lib.o)
 .debug_abbrev  0x00001285       0x25 c:/program files (x86)/microchip/xc32/v1.34/bin/bin/../../lib/gcc/pic32mx/4.5.2/../../../../pic32mx/lib\libmchp_peripheral_32MX340F512H.a(I2CAcknowledgeByte.o)
 .debug_abbrev  0x000012aa       0x25 c:/program files (x86)/microchip/xc32/v1.34/bin/bin/../../lib/gcc/pic32mx/4.5.2/../../../../pic32mx/lib\libmchp_peripheral_32MX340F512H.a(I2CBusIsIdle.o)
 .debug_abbrev  0x000012cf       0x25 c:/program files (x86)/microchip/xc32/v1.34/bin/bin/../../lib/gcc/pic32mx/4.5.2/../../../../pic32mx/lib\libmchp_peripheral_32MX340F512H.a(I2CByteWasAcknowledged.o)
 .debug_abbrev  0x000012f4       0x25 c:/program files (x86)/microchip/xc32/v1.34/bin/bin/../../lib/gcc/pic32mx/4.5.2/../../../../pic32mx/lib\libmchp_peripheral_32MX340F512H.a(I2CEnable.o)
 .debug_abbrev  0x00001319       0x25 c:/program files (x86)/microchip/xc32/v1.34/bin/bin/../../lib/gcc/pic32mx/4.5.2/../../../../pic32mx/lib\libmchp_peripheral_32MX340F512H.a(I2CGetByte.o)
 .debug_abbrev  0x0000133e       0x25 c:/program files (x86)/microchip/xc32/v1.34/bin/bin/../../lib/gcc/pic32mx/4.5.2/../../../../pic32mx/lib\libmchp_peripheral_32MX340F512H.a(I2CReceivedDataIsAvailable.o)
 .debug_abbrev  0x00001363       0x25 c:/program files (x86)/microchip/xc32/v1.34/bin/bin/../../lib/gcc/pic32mx/4.5.2/../../../../pic32mx/lib\libmchp_peripheral_32MX340F512H.a(I2CReceiverEnable.o)
 .debug_abbrev  0x00001388       0x25 c:/program files (x86)/microchip/xc32/v1.34/bin/bin/../../lib/gcc/pic32mx/4.5.2/../../../../pic32mx/lib\libmchp_peripheral_32MX340F512H.a(I2CRepeatStart.o)
 .debug_abbrev  0x000013ad       0x25 c:/program files (x86)/microchip/xc32/v1.34/bin/bin/../../lib/gcc/pic32mx/4.5.2/../../../../pic32mx/lib\libmchp_peripheral_32MX340F512H.a(I2CSendByte.o)
 .debug_abbrev  0x000013d2       0x25 c:/program files (x86)/microchip/xc32/v1.34/bin/bin/../../lib/gcc/pic32mx/4.5.2/../../../../pic32mx/lib\libmchp_peripheral_32MX340F512H.a(I2CSetFrequency.o)
 .debug_abbrev  0x000013f7       0x25 c:/program files (x86)/microchip/xc32/v1.34/bin/bin/../../lib/gcc/pic32mx/4.5.2/../../../../pic32mx/lib\libmchp_peripheral_32MX340F512H.a(I2CStart.o)
 .debug_abbrev  0x0000141c       0x25 c:/program files (x86)/microchip/xc32/v1.34/bin/bin/../../lib/gcc/pic32mx/4.5.2/../../../../pic32mx/lib\libmchp_peripheral_32MX340F512H.a(I2CStop.o)
 .debug_abbrev  0x00001441       0x25 c:/program files (x86)/microchip/xc32/v1.34/bin/bin/../../lib/gcc/pic32mx/4.5.2/../../../../pic32mx/lib\libmchp_peripheral_32MX340F512H.a(I2CTransmissionHasCompleted.o)
 .debug_abbrev  0x00001466       0x25 c:/program files (x86)/microchip/xc32/v1.34/bin/bin/../../lib/gcc/pic32mx/4.5.2/../../../../pic32mx/lib\libmchp_peripheral_32MX340F512H.a(I2CTransmitterIsReady.o)
 .debug_abbrev  0x0000148b        0x1 c:/program files (x86)/microchip/xc32/v1.34/bin/bin/../../lib/gcc/pic32mx/4.5.2/../../../../pic32mx/lib\libmchp_peripheral_32MX340F512H.a(I2CPrivate.o)
 .debug_abbrev  0x0000148c       0x25 c:/program files (x86)/microchip/xc32/v1.34/bin/bin/../../lib/gcc/pic32mx/4.5.2/../../../../pic32mx/lib\libpic32.a(default-bootstrap-exception-handler.o)
 .debug_abbrev  0x000014b1       0x25 c:/program files (x86)/microchip/xc32/v1.34/bin/bin/../../lib/gcc/pic32mx/4.5.2/../../../../pic32mx/lib\libpic32.a(default-on-reset.o)
 .debug_abbrev  0x000014d6       0x25 c:/program files (x86)/microchip/xc32/v1.34/bin/bin/../../lib/gcc/pic32mx/4.5.2/../../../../pic32mx/lib\libpic32.a(default-on-bootstrap.o)
 .debug_abbrev  0x000014fb       0x25 c:/program files (x86)/microchip/xc32/v1.34/bin/bin/../../lib/gcc/pic32mx/4.5.2/../../../../pic32mx/lib\libpic32.a(default-general-exception-handler.o)
 .debug_abbrev  0x00001520       0x25 c:/program files (x86)/microchip/xc32/v1.34/bin/bin/../../lib/gcc/pic32mx/4.5.2/../../../../pic32mx/lib\libpic32.a(defaultinterrupt.o)

.debug_line     0x00000000     0x2539
 *(.debug_line)
 .debug_line    0x00000000      0x455 build/default/production/main.o
 .debug_line    0x00000455       0xdc ..\libneopixels.X\dist\default\production\libneopixels.X.a(show.o)
 .debug_line    0x00000531       0xd6 ..\libneopixels.X\dist\default\production\libneopixels.X.a(set.o)
 .debug_line    0x00000607       0xd9 ..\libneopixels.X\dist\default\production\libneopixels.X.a(clear.o)
 .debug_line    0x000006e0       0xd7 ..\libneopixels.X\dist\default\production\libneopixels.X.a(begin.o)
 .debug_line    0x000007b7      0x187 ..\libi2c.X\dist\default\production\libi2c.X.a(enable.o)
 .debug_line    0x0000093e      0x179 ..\libi2c.X\dist\default\production\libi2c.X.a(write.o)
 .debug_line    0x00000ab7      0x186 ..\libi2c.X\dist\default\production\libi2c.X.a(read.o)
 .debug_line    0x00000c3d      0x110 ..\libi2c.X\dist\default\production\libi2c.X.a(_stop.o)
 .debug_line    0x00000d4d      0x116 ..\libi2c.X\dist\default\production\libi2c.X.a(_start.o)
 .debug_line    0x00000e63      0x16c ..\libi2c.X\dist\default\production\libi2c.X.a(_send.o)
 .debug_line    0x00000fcf      0x132 ..\liblcd.X\dist\default\production\liblcd.X.a(begin.o)
 .debug_line    0x00001101       0xcf ..\liblcd.X\dist\default\production\liblcd.X.a(display.o)
 .debug_line    0x000011d0      0x110 ..\liblcd.X\dist\default\production\liblcd.X.a(light.o)
 .debug_line    0x000012e0       0xc9 ..\liblcd.X\dist\default\production\liblcd.X.a(clear.o)
 .debug_line    0x000013a9       0xc8 ..\liblcd.X\dist\default\production\liblcd.X.a(home.o)
 .debug_line    0x00001471       0xd6 ..\liblcd.X\dist\default\production\liblcd.X.a(putstr.o)
 .debug_line    0x00001547      0x128 ..\liblcd.X\dist\default\production\liblcd.X.a(send.o)
 .debug_line    0x0000166f       0xca ..\liblcd.X\dist\default\production\liblcd.X.a(putchr.o)
 .debug_line    0x00001739       0xcf ..\liblcd.X\dist\default\production\liblcd.X.a(move.o)
 .debug_line    0x00001808       0xc1 ..\liblcd.X\dist\default\production\liblcd.X.a(pulse.o)
 .debug_line    0x000018c9       0xc3 ..\liblcd.X\dist\default\production\liblcd.X.a(delay_micros.o)
 .debug_line    0x0000198c       0xbe ..\liblcd.X\dist\default\production\liblcd.X.a(command.o)
 .debug_line    0x00001a4a      0x122 ..\libserial.X\dist\default\production\libserial.X.a(begin.o)
 .debug_line    0x00001b6c       0x62 c:/program files (x86)/microchip/xc32/v1.34/bin/bin/../../lib/gcc/pic32mx/4.5.2/../../../../pic32mx/lib\libmchp_peripheral_32MX340F512H.a(pcache.o)
 .debug_line    0x00001bce       0x73 c:/program files (x86)/microchip/xc32/v1.34/bin/bin/../../lib/gcc/pic32mx/4.5.2/../../../../pic32mx/lib\libmchp_peripheral_32MX340F512H.a(int_disable_interrupts_lib.o)
 .debug_line    0x00001c41       0x73 c:/program files (x86)/microchip/xc32/v1.34/bin/bin/../../lib/gcc/pic32mx/4.5.2/../../../../pic32mx/lib\libmchp_peripheral_32MX340F512H.a(int_restore_interrupts_lib.o)
 .debug_line    0x00001cb4       0x6b c:/program files (x86)/microchip/xc32/v1.34/bin/bin/../../lib/gcc/pic32mx/4.5.2/../../../../pic32mx/lib\libmchp_peripheral_32MX340F512H.a(I2CAcknowledgeByte.o)
 .debug_line    0x00001d1f       0x65 c:/program files (x86)/microchip/xc32/v1.34/bin/bin/../../lib/gcc/pic32mx/4.5.2/../../../../pic32mx/lib\libmchp_peripheral_32MX340F512H.a(I2CBusIsIdle.o)
 .debug_line    0x00001d84       0x6f c:/program files (x86)/microchip/xc32/v1.34/bin/bin/../../lib/gcc/pic32mx/4.5.2/../../../../pic32mx/lib\libmchp_peripheral_32MX340F512H.a(I2CByteWasAcknowledged.o)
 .debug_line    0x00001df3       0x62 c:/program files (x86)/microchip/xc32/v1.34/bin/bin/../../lib/gcc/pic32mx/4.5.2/../../../../pic32mx/lib\libmchp_peripheral_32MX340F512H.a(I2CEnable.o)
 .debug_line    0x00001e55       0x63 c:/program files (x86)/microchip/xc32/v1.34/bin/bin/../../lib/gcc/pic32mx/4.5.2/../../../../pic32mx/lib\libmchp_peripheral_32MX340F512H.a(I2CGetByte.o)
 .debug_line    0x00001eb8       0x73 c:/program files (x86)/microchip/xc32/v1.34/bin/bin/../../lib/gcc/pic32mx/4.5.2/../../../../pic32mx/lib\libmchp_peripheral_32MX340F512H.a(I2CReceivedDataIsAvailable.o)
 .debug_line    0x00001f2b       0x6a c:/program files (x86)/microchip/xc32/v1.34/bin/bin/../../lib/gcc/pic32mx/4.5.2/../../../../pic32mx/lib\libmchp_peripheral_32MX340F512H.a(I2CReceiverEnable.o)
 .debug_line    0x00001f95       0x67 c:/program files (x86)/microchip/xc32/v1.34/bin/bin/../../lib/gcc/pic32mx/4.5.2/../../../../pic32mx/lib\libmchp_peripheral_32MX340F512H.a(I2CRepeatStart.o)
 .debug_line    0x00001ffc       0x64 c:/program files (x86)/microchip/xc32/v1.34/bin/bin/../../lib/gcc/pic32mx/4.5.2/../../../../pic32mx/lib\libmchp_peripheral_32MX340F512H.a(I2CSendByte.o)
 .debug_line    0x00002060       0x68 c:/program files (x86)/microchip/xc32/v1.34/bin/bin/../../lib/gcc/pic32mx/4.5.2/../../../../pic32mx/lib\libmchp_peripheral_32MX340F512H.a(I2CSetFrequency.o)
 .debug_line    0x000020c8       0x61 c:/program files (x86)/microchip/xc32/v1.34/bin/bin/../../lib/gcc/pic32mx/4.5.2/../../../../pic32mx/lib\libmchp_peripheral_32MX340F512H.a(I2CStart.o)
 .debug_line    0x00002129       0x60 c:/program files (x86)/microchip/xc32/v1.34/bin/bin/../../lib/gcc/pic32mx/4.5.2/../../../../pic32mx/lib\libmchp_peripheral_32MX340F512H.a(I2CStop.o)
 .debug_line    0x00002189       0x74 c:/program files (x86)/microchip/xc32/v1.34/bin/bin/../../lib/gcc/pic32mx/4.5.2/../../../../pic32mx/lib\libmchp_peripheral_32MX340F512H.a(I2CTransmissionHasCompleted.o)
 .debug_line    0x000021fd       0x6e c:/program files (x86)/microchip/xc32/v1.34/bin/bin/../../lib/gcc/pic32mx/4.5.2/../../../../pic32mx/lib\libmchp_peripheral_32MX340F512H.a(I2CTransmitterIsReady.o)
 .debug_line    0x0000226b        0x0 c:/program files (x86)/microchip/xc32/v1.34/bin/bin/../../lib/gcc/pic32mx/4.5.2/../../../../pic32mx/lib\libmchp_peripheral_32MX340F512H.a(I2CPrivate.o)
 .debug_line    0x0000226b       0x97 c:/program files (x86)/microchip/xc32/v1.34/bin/bin/../../lib/gcc/pic32mx/4.5.2/../../../../pic32mx/lib\libpic32.a(default-bootstrap-exception-handler.o)
 .debug_line    0x00002302       0x84 c:/program files (x86)/microchip/xc32/v1.34/bin/bin/../../lib/gcc/pic32mx/4.5.2/../../../../pic32mx/lib\libpic32.a(default-on-reset.o)
 .debug_line    0x00002386       0x88 c:/program files (x86)/microchip/xc32/v1.34/bin/bin/../../lib/gcc/pic32mx/4.5.2/../../../../pic32mx/lib\libpic32.a(default-on-bootstrap.o)
 .debug_line    0x0000240e       0x95 c:/program files (x86)/microchip/xc32/v1.34/bin/bin/../../lib/gcc/pic32mx/4.5.2/../../../../pic32mx/lib\libpic32.a(default-general-exception-handler.o)
 .debug_line    0x000024a3       0x96 c:/program files (x86)/microchip/xc32/v1.34/bin/bin/../../lib/gcc/pic32mx/4.5.2/../../../../pic32mx/lib\libpic32.a(defaultinterrupt.o)

.debug_frame    0x00000000      0x870
 *(.debug_frame)
 .debug_frame   0x00000000      0x19c build/default/production/main.o
 .debug_frame   0x0000019c       0x2c ..\libneopixels.X\dist\default\production\libneopixels.X.a(show.o)
 .debug_frame   0x000001c8       0x2c ..\libneopixels.X\dist\default\production\libneopixels.X.a(set.o)
 .debug_frame   0x000001f4       0x2c ..\libneopixels.X\dist\default\production\libneopixels.X.a(clear.o)
 .debug_frame   0x00000220       0x2c ..\libneopixels.X\dist\default\production\libneopixels.X.a(begin.o)
 .debug_frame   0x0000024c       0x2c ..\libi2c.X\dist\default\production\libi2c.X.a(enable.o)
 .debug_frame   0x00000278       0x2c ..\libi2c.X\dist\default\production\libi2c.X.a(write.o)
 .debug_frame   0x000002a4       0x2c ..\libi2c.X\dist\default\production\libi2c.X.a(read.o)
 .debug_frame   0x000002d0       0x2c ..\libi2c.X\dist\default\production\libi2c.X.a(_stop.o)
 .debug_frame   0x000002fc       0x2c ..\libi2c.X\dist\default\production\libi2c.X.a(_start.o)
 .debug_frame   0x00000328       0x2c ..\libi2c.X\dist\default\production\libi2c.X.a(_send.o)
 .debug_frame   0x00000354       0x2c ..\liblcd.X\dist\default\production\liblcd.X.a(begin.o)
 .debug_frame   0x00000380       0x2c ..\liblcd.X\dist\default\production\liblcd.X.a(display.o)
 .debug_frame   0x000003ac       0x2c ..\liblcd.X\dist\default\production\liblcd.X.a(light.o)
 .debug_frame   0x000003d8       0x2c ..\liblcd.X\dist\default\production\liblcd.X.a(clear.o)
 .debug_frame   0x00000404       0x2c ..\liblcd.X\dist\default\production\liblcd.X.a(home.o)
 .debug_frame   0x00000430       0x2c ..\liblcd.X\dist\default\production\liblcd.X.a(putstr.o)
 .debug_frame   0x0000045c       0x2c ..\liblcd.X\dist\default\production\liblcd.X.a(send.o)
 .debug_frame   0x00000488       0x2c ..\liblcd.X\dist\default\production\liblcd.X.a(putchr.o)
 .debug_frame   0x000004b4       0x2c ..\liblcd.X\dist\default\production\liblcd.X.a(move.o)
 .debug_frame   0x000004e0       0x2c ..\liblcd.X\dist\default\production\liblcd.X.a(pulse.o)
 .debug_frame   0x0000050c       0x2c ..\liblcd.X\dist\default\production\liblcd.X.a(delay_micros.o)
 .debug_frame   0x00000538       0x2c ..\liblcd.X\dist\default\production\liblcd.X.a(command.o)
 .debug_frame   0x00000564       0x2c ..\libserial.X\dist\default\production\libserial.X.a(begin.o)
 .debug_frame   0x00000590       0x30 c:/program files (x86)/microchip/xc32/v1.34/bin/bin/../../lib/gcc/pic32mx/4.5.2/../../../../pic32mx/lib\libmchp_peripheral_32MX340F512H.a(pcache.o)
 .debug_frame   0x000005c0       0x20 c:/program files (x86)/microchip/xc32/v1.34/bin/bin/../../lib/gcc/pic32mx/4.5.2/../../../../pic32mx/lib\libmchp_peripheral_32MX340F512H.a(int_disable_interrupts_lib.o)
 .debug_frame   0x000005e0       0x20 c:/program files (x86)/microchip/xc32/v1.34/bin/bin/../../lib/gcc/pic32mx/4.5.2/../../../../pic32mx/lib\libmchp_peripheral_32MX340F512H.a(int_restore_interrupts_lib.o)
 .debug_frame   0x00000600       0x20 c:/program files (x86)/microchip/xc32/v1.34/bin/bin/../../lib/gcc/pic32mx/4.5.2/../../../../pic32mx/lib\libmchp_peripheral_32MX340F512H.a(I2CAcknowledgeByte.o)
 .debug_frame   0x00000620       0x20 c:/program files (x86)/microchip/xc32/v1.34/bin/bin/../../lib/gcc/pic32mx/4.5.2/../../../../pic32mx/lib\libmchp_peripheral_32MX340F512H.a(I2CBusIsIdle.o)
 .debug_frame   0x00000640       0x20 c:/program files (x86)/microchip/xc32/v1.34/bin/bin/../../lib/gcc/pic32mx/4.5.2/../../../../pic32mx/lib\libmchp_peripheral_32MX340F512H.a(I2CByteWasAcknowledged.o)
 .debug_frame   0x00000660       0x20 c:/program files (x86)/microchip/xc32/v1.34/bin/bin/../../lib/gcc/pic32mx/4.5.2/../../../../pic32mx/lib\libmchp_peripheral_32MX340F512H.a(I2CEnable.o)
 .debug_frame   0x00000680       0x20 c:/program files (x86)/microchip/xc32/v1.34/bin/bin/../../lib/gcc/pic32mx/4.5.2/../../../../pic32mx/lib\libmchp_peripheral_32MX340F512H.a(I2CGetByte.o)
 .debug_frame   0x000006a0       0x20 c:/program files (x86)/microchip/xc32/v1.34/bin/bin/../../lib/gcc/pic32mx/4.5.2/../../../../pic32mx/lib\libmchp_peripheral_32MX340F512H.a(I2CReceivedDataIsAvailable.o)
 .debug_frame   0x000006c0       0x20 c:/program files (x86)/microchip/xc32/v1.34/bin/bin/../../lib/gcc/pic32mx/4.5.2/../../../../pic32mx/lib\libmchp_peripheral_32MX340F512H.a(I2CReceiverEnable.o)
 .debug_frame   0x000006e0       0x20 c:/program files (x86)/microchip/xc32/v1.34/bin/bin/../../lib/gcc/pic32mx/4.5.2/../../../../pic32mx/lib\libmchp_peripheral_32MX340F512H.a(I2CRepeatStart.o)
 .debug_frame   0x00000700       0x20 c:/program files (x86)/microchip/xc32/v1.34/bin/bin/../../lib/gcc/pic32mx/4.5.2/../../../../pic32mx/lib\libmchp_peripheral_32MX340F512H.a(I2CSendByte.o)
 .debug_frame   0x00000720       0x20 c:/program files (x86)/microchip/xc32/v1.34/bin/bin/../../lib/gcc/pic32mx/4.5.2/../../../../pic32mx/lib\libmchp_peripheral_32MX340F512H.a(I2CSetFrequency.o)
 .debug_frame   0x00000740       0x20 c:/program files (x86)/microchip/xc32/v1.34/bin/bin/../../lib/gcc/pic32mx/4.5.2/../../../../pic32mx/lib\libmchp_peripheral_32MX340F512H.a(I2CStart.o)
 .debug_frame   0x00000760       0x20 c:/program files (x86)/microchip/xc32/v1.34/bin/bin/../../lib/gcc/pic32mx/4.5.2/../../../../pic32mx/lib\libmchp_peripheral_32MX340F512H.a(I2CStop.o)
 .debug_frame   0x00000780       0x20 c:/program files (x86)/microchip/xc32/v1.34/bin/bin/../../lib/gcc/pic32mx/4.5.2/../../../../pic32mx/lib\libmchp_peripheral_32MX340F512H.a(I2CTransmissionHasCompleted.o)
 .debug_frame   0x000007a0       0x20 c:/program files (x86)/microchip/xc32/v1.34/bin/bin/../../lib/gcc/pic32mx/4.5.2/../../../../pic32mx/lib\libmchp_peripheral_32MX340F512H.a(I2CTransmitterIsReady.o)
 .debug_frame   0x000007c0       0x28 c:/program files (x86)/microchip/xc32/v1.34/bin/bin/../../lib/gcc/pic32mx/4.5.2/../../../../pic32mx/lib\libpic32.a(default-bootstrap-exception-handler.o)
 .debug_frame   0x000007e8       0x20 c:/program files (x86)/microchip/xc32/v1.34/bin/bin/../../lib/gcc/pic32mx/4.5.2/../../../../pic32mx/lib\libpic32.a(default-on-reset.o)
 .debug_frame   0x00000808       0x20 c:/program files (x86)/microchip/xc32/v1.34/bin/bin/../../lib/gcc/pic32mx/4.5.2/../../../../pic32mx/lib\libpic32.a(default-on-bootstrap.o)
 .debug_frame   0x00000828       0x28 c:/program files (x86)/microchip/xc32/v1.34/bin/bin/../../lib/gcc/pic32mx/4.5.2/../../../../pic32mx/lib\libpic32.a(default-general-exception-handler.o)
 .debug_frame   0x00000850       0x20 c:/program files (x86)/microchip/xc32/v1.34/bin/bin/../../lib/gcc/pic32mx/4.5.2/../../../../pic32mx/lib\libpic32.a(defaultinterrupt.o)

.debug_str      0x00000000      0x300
 *(.debug_str)
 .debug_str     0x00000000      0x162 build/default/production/main.o
 .debug_str     0x00000162        0x0 ..\libneopixels.X\dist\default\production\libneopixels.X.a(show.o)
 .debug_str     0x00000162        0x0 ..\libneopixels.X\dist\default\production\libneopixels.X.a(set.o)
 .debug_str     0x00000162        0x0 ..\libneopixels.X\dist\default\production\libneopixels.X.a(clear.o)
 .debug_str     0x00000162        0x0 ..\libneopixels.X\dist\default\production\libneopixels.X.a(begin.o)
 .debug_str     0x00000162       0x34 ..\libi2c.X\dist\default\production\libi2c.X.a(enable.o)
 .debug_str     0x00000196       0x29 ..\libi2c.X\dist\default\production\libi2c.X.a(write.o)
 .debug_str     0x000001bf       0x29 ..\libi2c.X\dist\default\production\libi2c.X.a(read.o)
 .debug_str     0x000001e8       0x29 ..\libi2c.X\dist\default\production\libi2c.X.a(_stop.o)
 .debug_str     0x00000211       0x29 ..\libi2c.X\dist\default\production\libi2c.X.a(_start.o)
 .debug_str     0x0000023a       0x29 ..\libi2c.X\dist\default\production\libi2c.X.a(_send.o)
 .debug_str     0x00000263       0x42 ..\liblcd.X\dist\default\production\liblcd.X.a(begin.o)
 .debug_str     0x000002a5       0x10 ..\liblcd.X\dist\default\production\liblcd.X.a(display.o)
 .debug_str     0x000002b5        0x9 ..\liblcd.X\dist\default\production\liblcd.X.a(light.o)
 .debug_str     0x000002be        0x0 ..\liblcd.X\dist\default\production\liblcd.X.a(clear.o)
 .debug_str     0x000002be        0x0 ..\liblcd.X\dist\default\production\liblcd.X.a(home.o)
 .debug_str     0x000002be        0x0 ..\liblcd.X\dist\default\production\liblcd.X.a(putstr.o)
 .debug_str     0x000002be       0x12 ..\liblcd.X\dist\default\production\liblcd.X.a(send.o)
 .debug_str     0x000002d0        0x0 ..\liblcd.X\dist\default\production\liblcd.X.a(putchr.o)
 .debug_str     0x000002d0        0x0 ..\liblcd.X\dist\default\production\liblcd.X.a(move.o)