Archive member included because of file (symbol)

..\libneopixels.X\dist\default\production\libneopixels.X.a(show.o)
                              build/default/production/main.o (libneopixels_show)
..\libneopixels.X\dist\default\production\libneopixels.X.a(set.o)
                              build/default/production/main.o (libneopixels_set)
..\libneopixels.X\dist\default\production\libneopixels.X.a(clear.o)
                              build/default/production/main.o (libneopixels_clear)
..\libneopixels.X\dist\default\production\libneopixels.X.a(begin.o)
                              ..\libneopixels.X\dist\default\production\libneopixels.X.a(show.o) (_leds)
..\libi2c.X\dist\default\production\libi2c.X.a(enable.o)
                              build/default/production/main.o (libi2c_enable)
..\libi2c.X\dist\default\production\libi2c.X.a(write.o)
                              build/default/production/main.o (libi2c_write)
..\libi2c.X\dist\default\production\libi2c.X.a(read.o)
                              build/default/production/main.o (libi2c_read)
..\libi2c.X\dist\default\production\libi2c.X.a(_stop.o)
                              ..\libi2c.X\dist\default\production\libi2c.X.a(write.o) (_libi2c_stop)
..\libi2c.X\dist\default\production\libi2c.X.a(_start.o)
                              ..\libi2c.X\dist\default\production\libi2c.X.a(write.o) (_libi2c_start)
..\libi2c.X\dist\default\production\libi2c.X.a(_send.o)
                              ..\libi2c.X\dist\default\production\libi2c.X.a(write.o) (_libi2c_send)
..\libserial.X\dist\default\production\libserial.X.a(begin.o)
                              build/default/production/main.o (libserial_begin)
..\libserial.X\dist\default\production\libserial.X.a(getstr.o)
                              build/default/production/main.o (libserial_getstr)
..\libserial.X\dist\default\production\libserial.X.a(delay.o)
                              ..\libserial.X\dist\default\production\libserial.X.a(getstr.o) (delay_micros)
..\libserial.X\dist\default\production\libserial.X.a(getchr.o)
                              ..\libserial.X\dist\default\production\libserial.X.a(getstr.o) (libserial_getchr)
..\libserial.X\dist\default\production\libserial.X.a(display_clock.o)
                              build/default/production/main.o (libserial_display_clock)
..\libserial.X\dist\default\production\libserial.X.a(putstr.o)
                              ..\libserial.X\dist\default\production\libserial.X.a(display_clock.o) (libserial_putstr)
..\libserial.X\dist\default\production\libserial.X.a(available.o)
                              ..\libserial.X\dist\default\production\libserial.X.a(getstr.o) (libserial_available)
..\libserial.X\dist\default\production\libserial.X.a(putchr.o)
                              ..\libserial.X\dist\default\production\libserial.X.a(display_clock.o) (libserial_putchr)
..\Nouveau\liblcd.X\dist\default\production\liblcd.X.a(begin.o)
                              build/default/production/main.o (liblcd_begin)
..\Nouveau\liblcd.X\dist\default\production\liblcd.X.a(display.o)
                              ..\Nouveau\liblcd.X\dist\default\production\liblcd.X.a(begin.o) (liblcd_display)
..\Nouveau\liblcd.X\dist\default\production\liblcd.X.a(light.o)
                              build/default/production/main.o (liblcd_light)
..\Nouveau\liblcd.X\dist\default\production\liblcd.X.a(clear.o)
                              build/default/production/main.o (liblcd_clear)
..\Nouveau\liblcd.X\dist\default\production\liblcd.X.a(home.o)
                              ..\Nouveau\liblcd.X\dist\default\production\liblcd.X.a(begin.o) (liblcd_home)
..\Nouveau\liblcd.X\dist\default\production\liblcd.X.a(putstr.o)
                              build/default/production/main.o (liblcd_putstr)
..\Nouveau\liblcd.X\dist\default\production\liblcd.X.a(send.o)
                              ..\Nouveau\liblcd.X\dist\default\production\liblcd.X.a(begin.o) (liblcd_send)
..\Nouveau\liblcd.X\dist\default\production\liblcd.X.a(putchr.o)
                              build/default/production/main.o (liblcd_putchr)
..\Nouveau\liblcd.X\dist\default\production\liblcd.X.a(move.o)
                              build/default/production/main.o (liblcd_move)
..\Nouveau\liblcd.X\dist\default\production\liblcd.X.a(pulse.o)
                              ..\Nouveau\liblcd.X\dist\default\production\liblcd.X.a(send.o) (liblcd_pulse)
..\Nouveau\liblcd.X\dist\default\production\liblcd.X.a(command.o)
                              ..\Nouveau\liblcd.X\dist\default\production\liblcd.X.a(display.o) (liblcd_command)
c:/program files (x86)/microchip/xc32/v1.34/bin/bin/../../lib/gcc/pic32mx/4.5.2/../../../../pic32mx/lib\libmchp_peripheral_32MX340F512H.a(pcache.o)
                              build/default/production/main.o (CheKseg0CacheOn)
[...]
Memory Configuration

Name             Origin             Length             Attributes
kseg0_program_mem 0x9d000000         0x00080000         xr
kseg0_boot_mem   0x9fc00490         0x00000970
exception_mem    0x9fc01000         0x00001000
kseg1_boot_mem   0xbfc00000         0x00000490
debug_exec_mem   0xbfc02000         0x00000ff0
config3          0xbfc02ff0         0x00000004
config2          0xbfc02ff4         0x00000004
config1          0xbfc02ff8         0x00000004
config0          0xbfc02ffc         0x00000004
kseg1_data_mem   0xa0000000         0x00008000         w !x
sfrs             0xbf800000         0x00100000
configsfrs       0xbfc02ff0         0x00000010
*default*        0x00000000         0xffffffff

Linker script and memory map

LOAD c:/program files (x86)/microchip/xc32/v1.34/bin/bin/../../lib/gcc/pic32mx/4.5.2/../../../../pic32mx/lib/./proc/32MX340F512H/crt0_mips32r2.o
LOAD c:/program files (x86)/microchip/xc32/v1.34/bin/bin/../../lib/gcc/pic32mx/4.5.2/../../../../pic32mx/lib\debug-exception-return.o
LOAD build/default/production/main.o
LOAD ..\libneopixels.X\dist\default\production\libneopixels.X.a
LOAD ..\libi2c.X\dist\default\production\libi2c.X.a
LOAD ..\libserial.X\dist\default\production\libserial.X.a
LOAD ..\Nouveau\liblcd.X\dist\default\production\liblcd.X.a
                0x00000001                __MPLAB_BUILD = 0x1
LOAD c:/program files (x86)/microchip/xc32/v1.34/bin/bin/../../lib/gcc/pic32mx/4.5.2/../../../../pic32mx/lib/./proc/32MX340F512H\default_isr_vectors.o
LOAD c:/program files (x86)/microchip/xc32/v1.34/bin/bin/../../lib/gcc/pic32mx/4.5.2/../../../../pic32mx/lib\pic32_software_reset.o
                0x00000400                PROVIDE (_min_stack_size, 0x400)
LOAD c:/program files (x86)/microchip/xc32/v1.34/bin/bin/../../lib/gcc/pic32mx/4.5.2/../../../../pic32mx/lib/./proc/32MX340F512H\processor.o
START GROUP
LOAD c:/program files (x86)/microchip/xc32/v1.34/bin/bin/../../lib/gcc/pic32mx/4.5.2/../../../../pic32mx/lib\libmchp_peripheral.a
END GROUP
START GROUP
LOAD c:/program files (x86)/microchip/xc32/v1.34/bin/bin/../../lib/gcc/pic32mx/4.5.2/../../../../pic32mx/lib\libmchp_peripheral_32MX340F512H.a
END GROUP
                0x00000001                PROVIDE (_vector_spacing, 0x1)
                0x9fc01000                _ebase_address = 0x9fc01000
                0xbfc00000                _RESET_ADDR = 0xbfc00000
                0xbfc00380                _BEV_EXCPT_ADDR = 0xbfc00380
                0xbfc00480                _DBG_EXCPT_ADDR = 0xbfc00480
                0xbfc02000                _DBG_CODE_ADDR = 0xbfc02000
                0x00000ff0                _DBG_CODE_SIZE = 0xff0
                0x9fc01180                _GEN_EXCPT_ADDR = (_ebase_address + 0x180)

.config_BFC02FF0
 *(.config_BFC02FF0)

.config_BFC02FF4
                0xbfc02ff4        0x4
 *(.config_BFC02FF4)
 .config_BFC02FF4
                0xbfc02ff4        0x4 build/default/production/main.o

.config_BFC02FF8
                0xbfc02ff8        0x4
 *(.config_BFC02FF8)
 .config_BFC02FF8
                0xbfc02ff8        0x4 build/default/production/main.o

.config_BFC02FFC
                0xbfc02ffc        0x4
 *(.config_BFC02FFC)
 .config_BFC02FFC
                0xbfc02ffc        0x4 build/default/production/main.o
                0xbfc02000                PROVIDE (_DBG_CODE_ADDR, 0xbfc02000)
                0x00000ff0                PROVIDE (_DBG_CODE_SIZE, 0xff0)

.reset          0xbfc00000      0x1f0
 *(.reset)
 .reset         0xbfc00000        0x8 c:/program files (x86)/microchip/xc32/v1.34/bin/bin/../../lib/gcc/pic32mx/4.5.2/../../../../pic32mx/lib/./proc/32MX340F512H/crt0_mips32r2.o
                0xbfc00000                _reset
 *(.reset.startup)
 .reset.startup
                0xbfc00008      0x1e8 c:/program files (x86)/microchip/xc32/v1.34/bin/bin/../../lib/gcc/pic32mx/4.5.2/../../../../pic32mx/lib/./proc/32MX340F512H/crt0_mips32r2.o

.bev_excpt      0xbfc00380       0x10
 *(.bev_handler)
 .bev_handler   0xbfc00380       0x10 c:/program files (x86)/microchip/xc32/v1.34/bin/bin/../../lib/gcc/pic32mx/4.5.2/../../../../pic32mx/lib/./proc/32MX340F512H/crt0_mips32r2.o

.dbg_excpt      0xbfc00480        0x0
                0xbfc00480                . = (. + DEFINED (_DEBUGGER)?0x8:0x0)

.dbg_code       0xbfc02000        0x0
                0xbfc02000                . = (. + DEFINED (_DEBUGGER)?_DBG_CODE_SIZE:0x0)

.app_excpt      0x9fc01180       0x10
 *(.gen_handler)
 .gen_handler   0x9fc01180       0x10 c:/program files (x86)/microchip/xc32/v1.34/bin/bin/../../lib/gcc/pic32mx/4.5.2/../../../../pic32mx/lib/./proc/32MX340F512H/crt0_mips32r2.o

.vector_0       0x9fc01200        0x8
 *(.vector_0)
 .vector_0      0x9fc01200        0x8 c:/program files (x86)/microchip/xc32/v1.34/bin/bin/../../lib/gcc/pic32mx/4.5.2/../../../../pic32mx/lib\libpic32.a(vector0.o)
                0x9fc01200                __vector_dispatch_0
                0x00000001                ASSERT (((_vector_spacing == 0x0) || (SIZEOF (.vector_0) <= (_vector_spacing << 0x5))), function at exception vector 0 too large)

.vector_1       0x9fc01220        0x8
 *(.vector_1)
 .vector_1      0x9fc01220        0x8 c:/program files (x86)/microchip/xc32/v1.34/bin/bin/../../lib/gcc/pic32mx/4.5.2/../../../../pic32mx/lib\libpic32.a(vector1.o)
                0x9fc01220                __vector_dispatch_1
                0x00000001                ASSERT (((_vector_spacing == 0x0) || (SIZEOF (.vector_1) <= (_vector_spacing << 0x5))), function at exception vector 1 too large)

.vector_2       0x9fc01240        0x8
 *(.vector_2)
 .vector_2      0x9fc01240        0x8 c:/program files (x86)/microchip/xc32/v1.34/bin/bin/../../lib/gcc/pic32mx/4.5.2/../../../../pic32mx/lib\libpic32.a(vector2.o)
                0x9fc01240                __vector_dispatch_2
                0x00000001                ASSERT (((_vector_spacing == 0x0) || (SIZEOF (.vector_2) <= (_vector_spacing << 0x5))), function at exception vector 2 too large)

.vector_3       0x9fc01260        0x8
 *(.vector_3)
 .vector_3      0x9fc01260        0x8 build/default/production/main.o
                0x9fc01260                __vector_dispatch_3
                0x00000001                ASSERT (((_vector_spacing == 0x0) || (SIZEOF (.vector_3) <= (_vector_spacing << 0x5))), function at exception vector 3 too large)

.vector_4       0x9fc01280        0x8
 *(.vector_4)
 .vector_4      0x9fc01280        0x8 build/default/production/main.o
                0x9fc01280                __vector_dispatch_4
                0x00000001                ASSERT (((_vector_spacing == 0x0) || (SIZEOF (.vector_4) <= (_vector_spacing << 0x5))), function at exception vector 4 too large)

.vector_5       0x9fc012a0        0x8
 *(.vector_5)
 .vector_5      0x9fc012a0        0x8 c:/program files (x86)/microchip/xc32/v1.34/bin/bin/../../lib/gcc/pic32mx/4.5.2/../../../../pic32mx/lib\libpic32.a(vector5.o)
                0x9fc012a0                __vector_dispatch_5
                0x00000001                ASSERT (((_vector_spacing == 0x0) || (SIZEOF (.vector_5) <= (_vector_spacing << 0x5))), function at exception vector 5 too large)

.vector_6       0x9fc012c0        0x8
 *(.vector_6)
 .vector_6      0x9fc012c0        0x8 c:/program files (x86)/microchip/xc32/v1.34/bin/bin/../../lib/gcc/pic32mx/4.5.2/../../../../pic32mx/lib\libpic32.a(vector6.o)
                0x9fc012c0                __vector_dispatch_6
                0x00000001                ASSERT (((_vector_spacing == 0x0) || (SIZEOF (.vector_6) <= (_vector_spacing << 0x5))), function at exception vector 6 too large)

.vector_7       0x9fc012e0        0x8
 *(.vector_7)
 .vector_7      0x9fc012e0        0x8 c:/program files (x86)/microchip/xc32/v1.34/bin/bin/../../lib/gcc/pic32mx/4.5.2/../../../../pic32mx/lib\libpic32.a(vector7.o)
                0x9fc012e0                __vector_dispatch_7
                0x00000001                ASSERT (((_vector_spacing == 0x0) || (SIZEOF (.vector_7) <= (_vector_spacing << 0x5))), function at exception vector 7 too large)

.vector_8       0x9fc01300        0x8
 *(.vector_8)
 .vector_8      0x9fc01300        0x8 c:/program files (x86)/microchip/xc32/v1.34/bin/bin/../../lib/gcc/pic32mx/4.5.2/../../../../pic32mx/lib\libpic32.a(vector8.o)
                0x9fc01300                __vector_dispatch_8
                0x00000001                ASSERT (((_vector_spacing == 0x0) || (SIZEOF (.vector_8) <= (_vector_spacing << 0x5))), function at exception vector 8 too large)

.vector_9       0x9fc01320        0x8
 *(.vector_9)
 .vector_9      0x9fc01320        0x8 c:/program files (x86)/microchip/xc32/v1.34/bin/bin/../../lib/gcc/pic32mx/4.5.2/../../../../pic32mx/lib\libpic32.a(vector9.o)
                0x9fc01320                __vector_dispatch_9
                0x00000001                ASSERT (((_vector_spacing == 0x0) || (SIZEOF (.vector_9) <= (_vector_spacing << 0x5))), function at exception vector 9 too large)

.vector_10      0x9fc01340        0x8
 *(.vector_10)
 .vector_10     0x9fc01340        0x8 c:/program files (x86)/microchip/xc32/v1.34/bin/bin/../../lib/gcc/pic32mx/4.5.2/../../../../pic32mx/lib\libpic32.a(vector10.o)
                0x9fc01340                __vector_dispatch_10
                0x00000001                ASSERT (((_vector_spacing == 0x0) || (SIZEOF (.vector_10) <= (_vector_spacing << 0x5))), function at exception vector 10 too large)

.vector_11      0x9fc01360        0x8
 *(.vector_11)
 .vector_11     0x9fc01360        0x8 c:/program files (x86)/microchip/xc32/v1.34/bin/bin/../../lib/gcc/pic32mx/4.5.2/../../../../pic32mx/lib\libpic32.a(vector11.o)
                0x9fc01360                __vector_dispatch_11
                0x00000001                ASSERT (((_vector_spacing == 0x0) || (SIZEOF (.vector_11) <= (_vector_spacing << 0x5))), function at exception vector 11 too large)

.vector_12      0x9fc01380        0x8
 *(.vector_12)
 .vector_12     0x9fc01380        0x8 c:/program files (x86)/microchip/xc32/v1.34/bin/bin/../../lib/gcc/pic32mx/4.5.2/../../../../pic32mx/lib\libpic32.a(vector12.o)
                0x9fc01380                __vector_dispatch_12
                0x00000001                ASSERT (((_vector_spacing == 0x0) || (SIZEOF (.vector_12) <= (_vector_spacing << 0x5))), function at exception vector 12 too large)

.vector_13      0x9fc013a0        0x8
 *(.vector_13)
 .vector_13     0x9fc013a0        0x8 c:/program files (x86)/microchip/xc32/v1.34/bin/bin/../../lib/gcc/pic32mx/4.5.2/../../../../pic32mx/lib\libpic32.a(vector13.o)
                0x9fc013a0                __vector_dispatch_13
                0x00000001                ASSERT (((_vector_spacing == 0x0) || (SIZEOF (.vector_13) <= (_vector_spacing << 0x5))), function at exception vector 13 too large)

.vector_14      0x9fc013c0        0x8
 *(.vector_14)
 .vector_14     0x9fc013c0        0x8 c:/program files (x86)/microchip/xc32/v1.34/bin/bin/../../lib/gcc/pic32mx/4.5.2/../../../../pic32mx/lib\libpic32.a(vector14.o)
                0x9fc013c0                __vector_dispatch_14
                0x00000001                ASSERT (((_vector_spacing == 0x0) || (SIZEOF (.vector_14) <= (_vector_spacing << 0x5))), function at exception vector 14 too large)

.vector_15      0x9fc013e0        0x8
 *(.vector_15)
 .vector_15     0x9fc013e0        0x8 c:/program files (x86)/microchip/xc32/v1.34/bin/bin/../../lib/gcc/pic32mx/4.5.2/../../../../pic32mx/lib\libpic32.a(vector15.o)
                0x9fc013e0                __vector_dispatch_15
                0x00000001                ASSERT (((_vector_spacing == 0x0) || (SIZEOF (.vector_15) <= (_vector_spacing << 0x5))), function at exception vector 15 too large)

.vector_16      0x9fc01400        0x8
 *(.vector_16)
 .vector_16     0x9fc01400        0x8 c:/program files (x86)/microchip/xc32/v1.34/bin/bin/../../lib/gcc/pic32mx/4.5.2/../../../../pic32mx/lib\libpic32.a(vector16.o)
                0x9fc01400                __vector_dispatch_16
                0x00000001                ASSERT (((_vector_spacing == 0x0) || (SIZEOF (.vector_16) <= (_vector_spacing << 0x5))), function at exception vector 16 too large)

.vector_17      0x9fc01420        0x8
 *(.vector_17)
 .vector_17     0x9fc01420        0x8 c:/program files (x86)/microchip/xc32/v1.34/bin/bin/../../lib/gcc/pic32mx/4.5.2/../../../../pic32mx/lib\libpic32.a(vector17.o)
                0x9fc01420                __vector_dispatch_17
                0x00000001                ASSERT (((_vector_spacing == 0x0) || (SIZEOF (.vector_17) <= (_vector_spacing << 0x5))), function at exception vector 17 too large)

.vector_18      0x9fc01440        0x8
 *(.vector_18)
 .vector_18     0x9fc01440        0x8 c:/program files (x86)/microchip/xc32/v1.34/bin/bin/../../lib/gcc/pic32mx/4.5.2/../../../../pic32mx/lib\libpic32.a(vector18.o)
                0x9fc01440                __vector_dispatch_18
                0x00000001                ASSERT (((_vector_spacing == 0x0) || (SIZEOF (.vector_18) <= (_vector_spacing << 0x5))), function at exception vector 18 too large)

.vector_19      0x9fc01460        0x8
 *(.vector_19)
 .vector_19     0x9fc01460        0x8 c:/program files (x86)/microchip/xc32/v1.34/bin/bin/../../lib/gcc/pic32mx/4.5.2/../../../../pic32mx/lib\libpic32.a(vector19.o)
                0x9fc01460                __vector_dispatch_19
                0x00000001                ASSERT (((_vector_spacing == 0x0) || (SIZEOF (.vector_19) <= (_vector_spacing << 0x5))), function at exception vector 19 too large)

.vector_20      0x9fc01480        0x8
 *(.vector_20)
 .vector_20     0x9fc01480        0x8 c:/program files (x86)/microchip/xc32/v1.34/bin/bin/../../lib/gcc/pic32mx/4.5.2/../../../../pic32mx/lib\libpic32.a(vector20.o)
                0x9fc01480                __vector_dispatch_20
                0x00000001                ASSERT (((_vector_spacing == 0x0) || (SIZEOF (.vector_20) <= (_vector_spacing << 0x5))), function at exception vector 20 too large)

.vector_21      0x9fc014a0        0x8
 *(.vector_21)
 .vector_21     0x9fc014a0        0x8 c:/program files (x86)/microchip/xc32/v1.34/bin/bin/../../lib/gcc/pic32mx/4.5.2/../../../../pic32mx/lib\libpic32.a(vector21.o)
                0x9fc014a0                __vector_dispatch_21
                0x00000001                ASSERT (((_vector_spacing == 0x0) || (SIZEOF (.vector_21) <= (_vector_spacing << 0x5))), function at exception vector 21 too large)

.vector_22      0x9fc014c0        0x8
 *(.vector_22)
 .vector_22     0x9fc014c0        0x8 c:/program files (x86)/microchip/xc32/v1.34/bin/bin/../../lib/gcc/pic32mx/4.5.2/../../../../pic32mx/lib\libpic32.a(vector22.o)
                0x9fc014c0                __vector_dispatch_22
                0x00000001                ASSERT (((_vector_spacing == 0x0) || (SIZEOF (.vector_22) <= (_vector_spacing << 0x5))), function at exception vector 22 too large)

.vector_23      0x9fc014e0        0x8
 *(.vector_23)
 .vector_23     0x9fc014e0        0x8 c:/program files (x86)/microchip/xc32/v1.34/bin/bin/../../lib/gcc/pic32mx/4.5.2/../../../../pic32mx/lib\libpic32.a(vector23.o)
                0x9fc014e0                __vector_dispatch_23
                0x00000001                ASSERT (((_vector_spacing == 0x0) || (SIZEOF (.vector_23) <= (_vector_spacing << 0x5))), function at exception vector 23 too large)

.vector_24      0x9fc01500        0x8
 *(.vector_24)
 .vector_24     0x9fc01500        0x8 c:/program files (x86)/microchip/xc32/v1.34/bin/bin/../../lib/gcc/pic32mx/4.5.2/../../../../pic32mx/lib\libpic32.a(vector24.o)
                0x9fc01500                __vector_dispatch_24
                0x00000001                ASSERT (((_vector_spacing == 0x0) || (SIZEOF (.vector_24) <= (_vector_spacing << 0x5))), function at exception vector 24 too large)

.vector_25      0x9fc01520        0x8
 *(.vector_25)
 .vector_25     0x9fc01520        0x8 c:/program files (x86)/microchip/xc32/v1.34/bin/bin/../../lib/gcc/pic32mx/4.5.2/../../../../pic32mx/lib\libpic32.a(vector25.o)
                0x9fc01520                __vector_dispatch_25
                0x00000001                ASSERT (((_vector_spacing == 0x0) || (SIZEOF (.vector_25) <= (_vector_spacing << 0x5))), function at exception vector 25 too large)

.vector_26      0x9fc01540        0x8
 *(.vector_26)
 .vector_26     0x9fc01540        0x8 c:/program files (x86)/microchip/xc32/v1.34/bin/bin/../../lib/gcc/pic32mx/4.5.2/../../../../pic32mx/lib\libpic32.a(vector26.o)
                0x9fc01540                __vector_dispatch_26
                0x00000001                ASSERT (((_vector_spacing == 0x0) || (SIZEOF (.vector_26) <= (_vector_spacing << 0x5))), function at exception vector 26 too large)

.vector_27      0x9fc01560        0x8
 *(.vector_27)
 .vector_27     0x9fc01560        0x8 c:/program files (x86)/microchip/xc32/v1.34/bin/bin/../../lib/gcc/pic32mx/4.5.2/../../../../pic32mx/lib\libpic32.a(vector27.o)
                0x9fc01560                __vector_dispatch_27
                0x00000001                ASSERT (((_vector_spacing == 0x0) || (SIZEOF (.vector_27) <= (_vector_spacing << 0x5))), function at exception vector 27 too large)

.vector_28      0x9fc01580        0x8
 *(.vector_28)
 .vector_28     0x9fc01580        0x8 c:/program files (x86)/microchip/xc32/v1.34/bin/bin/../../lib/gcc/pic32mx/4.5.2/../../../../pic32mx/lib\libpic32.a(vector28.o)
                0x9fc01580                __vector_dispatch_28
                0x00000001                ASSERT (((_vector_spacing == 0x0) || (SIZEOF (.vector_28) <= (_vector_spacing << 0x5))), function at exception vector 28 too large)

.vector_29      0x9fc015a0        0x8
 *(.vector_29)
 .vector_29     0x9fc015a0        0x8 c:/program files (x86)/microchip/xc32/v1.34/bin/bin/../../lib/gcc/pic32mx/4.5.2/../../../../pic32mx/lib\libpic32.a(vector29.o)
                0x9fc015a0                __vector_dispatch_29
                0x00000001                ASSERT (((_vector_spacing == 0x0) || (SIZEOF (.vector_29) <= (_vector_spacing << 0x5))), function at exception vector 29 too large)

.vector_30      0x9fc015c0        0x8
 *(.vector_30)
 .vector_30     0x9fc015c0        0x8 c:/program files (x86)/microchip/xc32/v1.34/bin/bin/../../lib/gcc/pic32mx/4.5.2/../../../../pic32mx/lib\libpic32.a(vector30.o)
                0x9fc015c0                __vector_dispatch_30
                0x00000001                ASSERT (((_vector_spacing == 0x0) || (SIZEOF (.vector_30) <= (_vector_spacing << 0x5))), function at exception vector 30 too large)

.vector_31      0x9fc015e0        0x8
 *(.vector_31)
 .vector_31     0x9fc015e0        0x8 c:/program files (x86)/microchip/xc32/v1.34/bin/bin/../../lib/gcc/pic32mx/4.5.2/../../../../pic32mx/lib\libpic32.a(vector31.o)
                0x9fc015e0                __vector_dispatch_31
                0x00000001                ASSERT (((_vector_spacing == 0x0) || (SIZEOF (.vector_31) <= (_vector_spacing << 0x5))), function at exception vector 31 too large)

.vector_32      0x9fc01600        0x8
 *(.vector_32)
 .vector_32     0x9fc01600        0x8 c:/program files (x86)/microchip/xc32/v1.34/bin/bin/../../lib/gcc/pic32mx/4.5.2/../../../../pic32mx/lib\libpic32.a(vector32.o)
                0x9fc01600                __vector_dispatch_32
                0x00000001                ASSERT (((_vector_spacing == 0x0) || (SIZEOF (.vector_32) <= (_vector_spacing << 0x5))), function at exception vector 32 too large)

.vector_33      0x9fc01620        0x8
 *(.vector_33)
 .vector_33     0x9fc01620        0x8 c:/program files (x86)/microchip/xc32/v1.34/bin/bin/../../lib/gcc/pic32mx/4.5.2/../../../../pic32mx/lib\libpic32.a(vector33.o)
                0x9fc01620                __vector_dispatch_33
                0x00000001                ASSERT (((_vector_spacing == 0x0) || (SIZEOF (.vector_33) <= (_vector_spacing << 0x5))), function at exception vector 33 too large)

.vector_34      0x9fc01640        0x8
 *(.vector_34)
 .vector_34     0x9fc01640        0x8 c:/program files (x86)/microchip/xc32/v1.34/bin/bin/../../lib/gcc/pic32mx/4.5.2/../../../../pic32mx/lib\libpic32.a(vector34.o)
                0x9fc01640                __vector_dispatch_34
                0x00000001                ASSERT (((_vector_spacing == 0x0) || (SIZEOF (.vector_34) <= (_vector_spacing << 0x5))), function at exception vector 34 too large)

.vector_35      0x9fc01660        0x8
 *(.vector_35)
 .vector_35     0x9fc01660        0x8 c:/program files (x86)/microchip/xc32/v1.34/bin/bin/../../lib/gcc/pic32mx/4.5.2/../../../../pic32mx/lib\libpic32.a(vector35.o)
                0x9fc01660                __vector_dispatch_35
                0x00000001                ASSERT (((_vector_spacing == 0x0) || (SIZEOF (.vector_35) <= (_vector_spacing << 0x5))), function at exception vector 35 too large)

.vector_36      0x9fc01680        0x8
 *(.vector_36)
 .vector_36     0x9fc01680        0x8 c:/program files (x86)/microchip/xc32/v1.34/bin/bin/../../lib/gcc/pic32mx/4.5.2/../../../../pic32mx/lib\libpic32.a(vector36.o)
                0x9fc01680                __vector_dispatch_36
                0x00000001                ASSERT (((_vector_spacing == 0x0) || (SIZEOF (.vector_36) <= (_vector_spacing << 0x5))), function at exception vector 36 too large)

.vector_37      0x9fc016a0        0x8
 *(.vector_37)
 .vector_37     0x9fc016a0        0x8 c:/program files (x86)/microchip/xc32/v1.34/bin/bin/../../lib/gcc/pic32mx/4.5.2/../../../../pic32mx/lib\libpic32.a(vector37.o)
                0x9fc016a0                __vector_dispatch_37
                0x00000001                ASSERT (((_vector_spacing == 0x0) || (SIZEOF (.vector_37) <= (_vector_spacing << 0x5))), function at exception vector 37 too large)

.vector_38      0x9fc016c0        0x8
 *(.vector_38)
 .vector_38     0x9fc016c0        0x8 c:/program files (x86)/microchip/xc32/v1.34/bin/bin/../../lib/gcc/pic32mx/4.5.2/../../../../pic32mx/lib\libpic32.a(vector38.o)
                0x9fc016c0                __vector_dispatch_38
                0x00000001                ASSERT (((_vector_spacing == 0x0) || (SIZEOF (.vector_38) <= (_vector_spacing << 0x5))), function at exception vector 38 too large)

.vector_39      0x9fc016e0        0x8
 *(.vector_39)
 .vector_39     0x9fc016e0        0x8 c:/program files (x86)/microchip/xc32/v1.34/bin/bin/../../lib/gcc/pic32mx/4.5.2/../../../../pic32mx/lib\libpic32.a(vector39.o)
                0x9fc016e0                __vector_dispatch_39
                0x00000001                ASSERT (((_vector_spacing == 0x0) || (SIZEOF (.vector_39) <= (_vector_spacing << 0x5))), function at exception vector 39 too large)

.vector_40      0x9fc01700        0x8
 *(.vector_40)
 .vector_40     0x9fc01700        0x8 c:/program files (x86)/microchip/xc32/v1.34/bin/bin/../../lib/gcc/pic32mx/4.5.2/../../../../pic32mx/lib\libpic32.a(vector40.o)
                0x9fc01700                __vector_dispatch_40
                0x00000001                ASSERT (((_vector_spacing == 0x0) || (SIZEOF (.vector_40) <= (_vector_spacing << 0x5))), function at exception vector 40 too large)

.vector_41      0x9fc01720        0x8
 *(.vector_41)
 .vector_41     0x9fc01720        0x8 c:/program files (x86)/microchip/xc32/v1.34/bin/bin/../../lib/gcc/pic32mx/4.5.2/../../../../pic32mx/lib\libpic32.a(vector41.o)
                0x9fc01720                __vector_dispatch_41
                0x00000001                ASSERT (((_vector_spacing == 0x0) || (SIZEOF (.vector_41) <= (_vector_spacing << 0x5))), function at exception vector 41 too large)

.vector_42      0x9fc01740        0x8
 *(.vector_42)
 .vector_42     0x9fc01740        0x8 c:/program files (x86)/microchip/xc32/v1.34/bin/bin/../../lib/gcc/pic32mx/4.5.2/../../../../pic32mx/lib\libpic32.a(vector42.o)
                0x9fc01740                __vector_dispatch_42
                0x00000001                ASSERT (((_vector_spacing == 0x0) || (SIZEOF (.vector_42) <= (_vector_spacing << 0x5))), function at exception vector 42 too large)

.vector_43      0x9fc01760        0x8
 *(.vector_43)
 .vector_43     0x9fc01760        0x8 c:/program files (x86)/microchip/xc32/v1.34/bin/bin/../../lib/gcc/pic32mx/4.5.2/../../../../pic32mx/lib\libpic32.a(vector43.o)
                0x9fc01760                __vector_dispatch_43
                0x00000001                ASSERT (((_vector_spacing == 0x0) || (SIZEOF (.vector_43) <= (_vector_spacing << 0x5))), function at exception vector 43 too large)

.vector_44      0x9fc01780        0x8
 *(.vector_44)
 .vector_44     0x9fc01780        0x8 c:/program files (x86)/microchip/xc32/v1.34/bin/bin/../../lib/gcc/pic32mx/4.5.2/../../../../pic32mx/lib\libpic32.a(vector44.o)
                0x9fc01780                __vector_dispatch_44
                0x00000001                ASSERT (((_vector_spacing == 0x0) || (SIZEOF (.vector_44) <= (_vector_spacing << 0x5))), function at exception vector 44 too large)

.vector_45      0x9fc017a0        0x0
 *(.vector_45)
                0x00000001                ASSERT (((_vector_spacing == 0x0) || (SIZEOF (.vector_45) <= (_vector_spacing << 0x5))), function at exception vector 45 too large)

.vector_46      0x9fc017c0        0x0
 *(.vector_46)
                0x00000001                ASSERT (((_vector_spacing == 0x0) || (SIZEOF (.vector_46) <= (_vector_spacing << 0x5))), function at exception vector 46 too large)

.vector_47      0x9fc017e0        0x0
 *(.vector_47)
                0x00000001                ASSERT (((_vector_spacing == 0x0) || (SIZEOF (.vector_47) <= (_vector_spacing << 0x5))), function at exception vector 47 too large)

.vector_48      0x9fc01800        0x0
 *(.vector_48)
                0x00000001                ASSERT (((_vector_spacing == 0x0) || (SIZEOF (.vector_48) <= (_vector_spacing << 0x5))), function at exception vector 48 too large)

.vector_49      0x9fc01820        0x0
 *(.vector_49)
                0x00000001                ASSERT (((_vector_spacing == 0x0) || (SIZEOF (.vector_49) <= (_vector_spacing << 0x5))), function at exception vector 49 too large)

.vector_50      0x9fc01840        0x0
 *(.vector_50)
                0x00000001                ASSERT (((_vector_spacing == 0x0) || (SIZEOF (.vector_50) <= (_vector_spacing << 0x5))), function at exception vector 50 too large)

.vector_51      0x9fc01860        0x0
 *(.vector_51)
                0x00000001                ASSERT (((_vector_spacing == 0x0) || (SIZEOF (.vector_51) <= (_vector_spacing << 0x5))), function at exception vector 51 too large)

.vector_52      0x9fc01880        0x0
 *(.vector_52)
                0x00000001                ASSERT (((_vector_spacing == 0x0) || (SIZEOF (.vector_52) <= (_vector_spacing << 0x5))), function at exception vector 52 too large)

.vector_53      0x9fc018a0        0x0
 *(.vector_53)
                0x00000001                ASSERT (((_vector_spacing == 0x0) || (SIZEOF (.vector_53) <= (_vector_spacing << 0x5))), function at exception vector 53 too large)

.vector_54      0x9fc018c0        0x0
 *(.vector_54)
                0x00000001                ASSERT (((_vector_spacing == 0x0) || (SIZEOF (.vector_54) <= (_vector_spacing << 0x5))), function at exception vector 54 too large)

.vector_55      0x9fc018e0        0x0
 *(.vector_55)
                0x00000001                ASSERT (((_vector_spacing == 0x0) || (SIZEOF (.vector_55) <= (_vector_spacing << 0x5))), function at exception vector 55 too large)

.vector_56      0x9fc01900        0x0
 *(.vector_56)
                0x00000001                ASSERT (((_vector_spacing == 0x0) || (SIZEOF (.vector_56) <= (_vector_spacing << 0x5))), function at exception vector 56 too large)

.vector_57      0x9fc01920        0x0
 *(.vector_57)
                0x00000001                ASSERT (((_vector_spacing == 0x0) || (SIZEOF (.vector_57) <= (_vector_spacing << 0x5))), function at exception vector 57 too large)

.vector_58      0x9fc01940        0x0
 *(.vector_58)
                0x00000001                ASSERT (((_vector_spacing == 0x0) || (SIZEOF (.vector_58) <= (_vector_spacing << 0x5))), function at exception vector 58 too large)

.vector_59      0x9fc01960        0x0
 *(.vector_59)
                0x00000001                ASSERT (((_vector_spacing == 0x0) || (SIZEOF (.vector_59) <= (_vector_spacing << 0x5))), function at exception vector 59 too large)

.vector_60      0x9fc01980        0x0
 *(.vector_60)
                0x00000001                ASSERT (((_vector_spacing == 0x0) || (SIZEOF (.vector_60) <= (_vector_spacing << 0x5))), function at exception vector 60 too large)

.vector_61      0x9fc019a0        0x0
 *(.vector_61)
                0x00000001                ASSERT (((_vector_spacing == 0x0) || (SIZEOF (.vector_61) <= (_vector_spacing << 0x5))), function at exception vector 61 too large)

.vector_62      0x9fc019c0        0x0
 *(.vector_62)
                0x00000001                ASSERT (((_vector_spacing == 0x0) || (SIZEOF (.vector_62) <= (_vector_spacing << 0x5))), function at exception vector 62 too large)

.vector_63      0x9fc019e0        0x0
 *(.vector_63)
                0x00000001                ASSERT (((_vector_spacing == 0x0) || (SIZEOF (.vector_63) <= (_vector_spacing << 0x5))), function at exception vector 63 too large)

.startup
 *(.startup)

.text           0x9d000000        0x0
 *(.stub .gnu.linkonce.t.*)
 *(.text.*personality*)
 *(.mips16.fn.*)
 *(.mips16.call.*)
 *(.gnu.warning)
                0x9d000000                . = ALIGN (0x4)

.init           0x9d000000        0x0
 *crti.o(.init)
 *crtbegin.o(.init)
 *(EXCLUDE_FILE(*crtn.o *crtend?.o *crtend.o) .init)
 *crtend.o(.init)
 *crtn.o(.init)
                0x9d000000                . = ALIGN (0x4)

.fini           0x9d000000        0x0
 *(.fini)
                0x9d000000                . = ALIGN (0x4)

.preinit_array  0x9d000000        0x0
                0x9d000000                PROVIDE (__preinit_array_start, .)
 *(.preinit_array)
                0x9d000000                PROVIDE (__preinit_array_end, .)
                0x9d000000                . = ALIGN (0x4)

.init_array     0x9d000000        0x0
                0x9d000000                PROVIDE (__init_array_start, .)
 *(SORT(.init_array.*))
 *(.init_array)
                0x9d000000                PROVIDE (__init_array_end, .)
                0x9d000000                . = ALIGN (0x4)

.fini_array     0x9d000000        0x0
                0x9d000000                PROVIDE (__fini_array_start, .)
 *(SORT(.fini_array.*))
 *(.fini_array)
                0x9d000000                PROVIDE (__fini_array_end, .)
                0x9d000000                . = ALIGN (0x4)

.ctors          0x9d000000        0x0
 *crtbegin.o(.ctors)
 *crtbegin?.o(.ctors)
 *(EXCLUDE_FILE(*crtend?.o *crtend.o) .ctors)
 *(SORT(.ctors.*))
 *(.ctors)
                0x9d000000                . = ALIGN (0x4)

.dtors          0x9d000000        0x0
 *crtbegin.o(.dtors)
 *crtbegin?.o(.dtors)
 *(EXCLUDE_FILE(*crtend?.o *crtend.o) .dtors)
 *(SORT(.dtors.*))
 *(.dtors)
                0x9d000000                . = ALIGN (0x4)

.rodata         0x9d000000        0x0
 *(.gnu.linkonce.r.*)
 *(.rodata1)
                0x9d000000                . = ALIGN (0x4)

.sdata2         0x9fc00490        0x0
 *(.sdata2 .sdata2.* .gnu.linkonce.s2.*)
                0x9fc00490                . = ALIGN (0x4)

.sbss2          0x9fc00490        0x0
 *(.sbss2 .sbss2.* .gnu.linkonce.sb2.*)
                0x9fc00490                . = ALIGN (0x4)

.eh_frame_hdr
 *(.eh_frame_hdr)
                0x9fc00490                . = ALIGN (0x4)

.eh_frame
 *(.eh_frame)
                0x9fc00490                . = ALIGN (0x4)

.gcc_except_table
 *(.gcc_except_table .gcc_except_table.*)
                0x9fc00490                . = ALIGN (0x4)

.dbg_data       0xa0000000        0x0
                0xa0000000                . = (. + DEFINED (_DEBUGGER)?0x200:0x0)

.jcr            0xa0000000        0x0
 *(.jcr)
                0xa0000000                . = ALIGN (0x4)

.eh_frame
 *(.eh_frame)
                0xa0000000                . = ALIGN (0x4)

.gcc_except_table
 *(.gcc_except_table .gcc_except_table.*)
                0xa0000000                . = ALIGN (0x4)

.persist        0xa0000000        0x0
                0xa0000000                _persist_begin = .
 *(.persist .persist.*)
 *(.pbss .pbss.*)
                0xa0000000                . = ALIGN (0x4)
                0xa0000000                _persist_end = .

.data           0xa0000000        0x0
 *(.gnu.linkonce.d.*)
 *(.data1)
                0xa0000000                . = ALIGN (0x4)
                0xa0000000                . = .
                0xa0007ff0                _gp = (ALIGN (0x10) + 0x7ff0)

.got            0xa0000000        0x0
 *(.got.plt)
 *(.got)
                0xa0000000                . = ALIGN (0x4)

.sdata          0xa0000000       0x18
                0xa0000000                _sdata_begin = .
 *(.sdata .sdata.* .gnu.linkonce.s.*)
 .sdata         0xa0000000       0x18 build/default/production/main.o
                0xa0000000                _background
                0xa0000004                _mark
                0xa0000008                _hours
                0xa000000c                _minutes
                0xa0000010                _secondes
                0xa0000014                mode
                0xa0000018                . = ALIGN (0x4)
                0xa0000018                _sdata_end = .

.lit8
 *(.lit8)

.lit4
 *(.lit4)
                0xa0000018                . = ALIGN (0x4)
                0xa0000018                _data_end = .
                0xa0000018                _bss_begin = .

.sbss           0xa0000018       0x38
                0xa0000018                _sbss_begin = .
 *(.dynsbss)
 *(.sbss .sbss.* .gnu.linkonce.sb.*)
 .sbss          0xa0000018        0x8 build/default/production/main.o
                0xa0000018                temp
 *(.scommon)
 .scommon       0xa0000020       0x1c build/default/production/main.o
                0xa0000020                tmp
                0xa0000022                dig_T1
                0xa0000024                dig_T2
                0xa0000028                temperature
                0xa000002c                B
                0xa0000030                adc_T
                0xa0000034                G
                0xa0000035                R
                0xa0000036                dig_T3
                0xa0000038                t_fine
 .scommon       0xa000003c        0xc ..\libneopixels.X\dist\default\production\libneopixels.X.a(begin.o)
                0xa000003c                _pin
                0xa0000040                _nleds
                0xa0000044                _latch
 .scommon       0xa0000048        0x7 ..\Nouveau\liblcd.X\dist\default\production\liblcd.X.a(begin.o)
                0xa0000048                _numcol
                0xa0000049                _displaycontrol
                0xa000004a                _curcol
                0xa000004b                _displaymode
                0xa000004c                _currow
                0xa000004d                _displayfunction
                0xa000004e                _numrow
                0xa000004f                _sbss_end = .
                0xa0000050                . = ALIGN (0x4)
 *fill*         0xa000004f        0x1 

.bss            0xa0000050       0xf0
 *(.dynbss)
 *(COMMON)
 COMMON         0xa0000050       0xf0 ..\libneopixels.X\dist\default\production\libneopixels.X.a(begin.o)
                0xa0000050                _leds
                0xa0000140                . = ALIGN ((. != 0x0)?0x4:0x1)
                0xa0000140                . = ALIGN (0x4)
                0xa0000140                _end = .
                0xa0000140                _bss_end = .
                0x00008000                _bmxdudba_address = 0x8000
                0x00008000                _bmxdupba_address = 0x8000

/DISCARD/
 *(.pdr)
 *(.rel.dyn)
 *(.note.GNU-stack)
 *(.note.GNU-stack)
 *(.gnu_debuglink)
 *(.gnu.lto_*)
 *(.discard)

.gptab.sdata
 *(.gptab.data)
 *(.gptab.sdata)

.gptab.sbss
 *(.gptab.bss)
 *(.gptab.sbss)

.mdebug.abi32   0xa0000140        0x0
 *(.mdebug.abi32)
 .mdebug.abi32  0xa0000140        0x0 build/default/production/main.o
 .mdebug.abi32  0xa0000140        0x0 ..\libneopixels.X\dist\default\production\libneopixels.X.a(show.o)
 .mdebug.abi32  0xa0000140        0x0 ..\libneopixels.X\dist\default\production\libneopixels.X.a(set.o)
 .mdebug.abi32  0xa0000140        0x0 ..\libneopixels.X\dist\default\production\libneopixels.X.a(clear.o)
 .mdebug.abi32  0xa0000140        0x0 ..\libneopixels.X\dist\default\production\libneopixels.X.a(begin.o)
 .mdebug.abi32  0xa0000140        0x0 ..\libi2c.X\dist\default\production\libi2c.X.a(enable.o)
 .mdebug.abi32  0xa0000140        0x0 ..\libi2c.X\dist\default\production\libi2c.X.a(write.o)
 .mdebug.abi32  0xa0000140        0x0 ..\libi2c.X\dist\default\production\libi2c.X.a(read.o)
 .mdebug.abi32  0xa0000140        0x0 ..\libi2c.X\dist\default\production\libi2c.X.a(_stop.o)
 .mdebug.abi32  0xa0000140        0x0 ..\libi2c.X\dist\default\production\libi2c.X.a(_start.o)
 .mdebug.abi32  0xa0000140        0x0 ..\libi2c.X\dist\default\production\libi2c.X.a(_send.o)
 .mdebug.abi32  0xa0000140        0x0 ..\libserial.X\dist\default\production\libserial.X.a(begin.o)
 .mdebug.abi32  0xa0000140        0x0 ..\libserial.X\dist\default\production\libserial.X.a(getstr.o)
 .mdebug.abi32  0xa0000140        0x0 ..\libserial.X\dist\default\production\libserial.X.a(delay.o)
 .mdebug.abi32  0xa0000140        0x0 ..\libserial.X\dist\default\production\libserial.X.a(getchr.o)
 .mdebug.abi32  0xa0000140        0x0 ..\libserial.X\dist\default\production\libserial.X.a(display_clock.o)
 .mdebug.abi32  0xa0000140        0x0 ..\libserial.X\dist\default\production\libserial.X.a(putstr.o)
 .mdebug.abi32  0xa0000140        0x0 ..\libserial.X\dist\default\production\libserial.X.a(available.o)
 .mdebug.abi32  0xa0000140        0x0 ..\libserial.X\dist\default\production\libserial.X.a(putchr.o)
 .mdebug.abi32  0xa0000140        0x0 ..\Nouveau\liblcd.X\dist\default\production\liblcd.X.a(begin.o)
 .mdebug.abi32  0xa0000140        0x0 ..\Nouveau\liblcd.X\dist\default\production\liblcd.X.a(display.o)
 .mdebug.abi32  0xa0000140        0x0 ..\Nouveau\liblcd.X\dist\default\production\liblcd.X.a(light.o)
 .mdebug.abi32  0xa0000140        0x0 ..\Nouveau\liblcd.X\dist\default\production\liblcd.X.a(clear.o)
 .mdebug.abi32  0xa0000140        0x0 ..\Nouveau\liblcd.X\dist\default\production\liblcd.X.a(home.o)
 .mdebug.abi32  0xa0000140        0x0 ..\Nouveau\liblcd.X\dist\default\production\liblcd.X.a(putstr.o)
 .mdebug.abi32  0xa0000140        0x0 ..\Nouveau\liblcd.X\dist\default\production\liblcd.X.a(send.o)
 .mdebug.abi32  0xa0000140        0x0 ..\Nouveau\liblcd.X\dist\default\production\liblcd.X.a(putchr.o)
 .mdebug.abi32  0xa0000140        0x0 ..\Nouveau\liblcd.X\dist\default\production\liblcd.X.a(move.o)
 .mdebug.abi32  0xa0000140        0x0 ..\Nouveau\liblcd.X\dist\default\production\liblcd.X.a(pulse.o)
 .mdebug.abi32  0xa0000140        0x0 ..\Nouveau\liblcd.X\dist\default\production\liblcd.X.a(command.o)
 .mdebug.abi32  0xa0000140        0x0 c:/program files (x86)/microchip/xc32/v1.34/bin/bin/../../lib/gcc/pic32mx/4.5.2/../../../../pic32mx/lib\libmchp_peripheral_32MX340F512H.a(pcache.o)
 .mdebug.abi32  0xa0000140        0x0 c:/program files (x86)/microchip/xc32/v1.34/bin/bin/../../lib/gcc/pic32mx/4.5.2/../../../../pic32mx/lib\libmchp_peripheral_32MX340F512H.a(int_disable_interrupts_lib.o)
 .mdebug.abi32  0xa0000140        0x0 c:/program files (x86)/microchip/xc32/v1.34/bin/bin/../../lib/gcc/pic32mx/4.5.2/../../../../pic32mx/lib\libmchp_peripheral_32MX340F512H.a(int_restore_interrupts_lib.o)
 .mdebug.abi32  0xa0000140        0x0 c:/program files (x86)/microchip/xc32/v1.34/bin/bin/../../lib/gcc/pic32mx/4.5.2/../../../../pic32mx/lib\libmchp_peripheral_32MX340F512H.a(I2CAcknowledgeByte.o)
 .mdebug.abi32  0xa0000140        0x0 c:/program files (x86)/microchip/xc32/v1.34/bin/bin/../../lib/gcc/pic32mx/4.5.2/../../../../pic32mx/lib\libmchp_peripheral_32MX340F512H.a(I2CBusIsIdle.o)
 .mdebug.abi32  0xa0000140        0x0 c:/program files (x86)/microchip/xc32/v1.34/bin/bin/../../lib/gcc/pic32mx/4.5.2/../../../../pic32mx/lib\libmchp_peripheral_32MX340F512H.a(I2CByteWasAcknowledged.o)
 .mdebug.abi32  0xa0000140        0x0 c:/program files (x86)/microchip/xc32/v1.34/bin/bin/../../lib/gcc/pic32mx/4.5.2/../../../../pic32mx/lib\libmchp_peripheral_32MX340F512H.a(I2CEnable.o)
 .mdebug.abi32  0xa0000140        0x0 c:/program files (x86)/microchip/xc32/v1.34/bin/bin/../../lib/gcc/pic32mx/4.5.2/../../../../pic32mx/lib\libmchp_peripheral_32MX340F512H.a(I2CGetByte.o)
 .mdebug.abi32  0xa0000140        0x0 c:/program files (x86)/microchip/xc32/v1.34/bin/bin/../../lib/gcc/pic32mx/4.5.2/../../../../pic32mx/lib\libmchp_peripheral_32MX340F512H.a(I2CReceivedDataIsAvailable.o)
 .mdebug.abi32  0xa0000140        0x0 c:/program files (x86)/microchip/xc32/v1.34/bin/bin/../../lib/gcc/pic32mx/4.5.2/../../../../pic32mx/lib\libmchp_peripheral_32MX340F512H.a(I2CReceiverEnable.o)
 .mdebug.abi32  0xa0000140        0x0 c:/program files (x86)/microchip/xc32/v1.34/bin/bin/../../lib/gcc/pic32mx/4.5.2/../../../../pic32mx/lib\libmchp_peripheral_32MX340F512H.a(I2CRepeatStart.o)
 .mdebug.abi32  0xa0000140        0x0 c:/program files (x86)/microchip/xc32/v1.34/bin/bin/../../lib/gcc/pic32mx/4.5.2/../../../../pic32mx/lib\libmchp_peripheral_32MX340F512H.a(I2CSendByte.o)
 .mdebug.abi32  0xa0000140        0x0 c:/program files (x86)/microchip/xc32/v1.34/bin/bin/../../lib/gcc/pic32mx/4.5.2/../../../../pic32mx/lib\libmchp_peripheral_32MX340F512H.a(I2CSetFrequency.o)
 .mdebug.abi32  0xa0000140        0x0 c:/program files (x86)/microchip/xc32/v1.34/bin/bin/../../lib/gcc/pic32mx/4.5.2/../../../../pic32mx/lib\libmchp_peripheral_32MX340F512H.a(I2CStart.o)
 .mdebug.abi32  0xa0000140        0x0 c:/program files (x86)/microchip/xc32/v1.34/bin/bin/../../lib/gcc/pic32mx/4.5.2/../../../../pic32mx/lib\libmchp_peripheral_32MX340F512H.a(I2CStop.o)
 .mdebug.abi32  0xa0000140        0x0 c:/program files (x86)/microchip/xc32/v1.34/bin/bin/../../lib/gcc/pic32mx/4.5.2/../../../../pic32mx/lib\libmchp_peripheral_32MX340F512H.a(I2CTransmissionHasCompleted.o)
 .mdebug.abi32  0xa0000140        0x0 c:/program files (x86)/microchip/xc32/v1.34/bin/bin/../../lib/gcc/pic32mx/4.5.2/../../../../pic32mx/lib\libmchp_peripheral_32MX340F512H.a(I2CTransmitterIsReady.o)
 .mdebug.abi32  0xa0000140        0x0 c:/program files (x86)/microchip/xc32/v1.34/bin/bin/../../lib/gcc/pic32mx/4.5.2/../../../../pic32mx/lib\libmchp_peripheral_32MX340F512H.a(I2CPrivate.o)
 .mdebug.abi32  0xa0000140        0x0 c:/program files (x86)/microchip/xc32/v1.34/bin/bin/../../lib/gcc/pic32mx/4.5.2/../../../../pic32mx/lib\libpic32.a(default-bootstrap-exception-handler.o)
 .mdebug.abi32  0xa0000140        0x0 c:/program files (x86)/microchip/xc32/v1.34/bin/bin/../../lib/gcc/pic32mx/4.5.2/../../../../pic32mx/lib\libpic32.a(default-on-reset.o)
 .mdebug.abi32  0xa0000140        0x0 c:/program files (x86)/microchip/xc32/v1.34/bin/bin/../../lib/gcc/pic32mx/4.5.2/../../../../pic32mx/lib\libpic32.a(default-on-bootstrap.o)
 .mdebug.abi32  0xa0000140        0x0 c:/program files (x86)/microchip/xc32/v1.34/bin/bin/../../lib/gcc/pic32mx/4.5.2/../../../../pic32mx/lib\libpic32.a(default-general-exception-handler.o)
 .mdebug.abi32  0xa0000140        0x0 c:/program files (x86)/microchip/xc32/v1.34/bin/bin/../../lib/gcc/pic32mx/4.5.2/../../../../pic32mx/lib\libpic32.a(defaultinterrupt.o)
 .mdebug.abi32  0xa0000140        0x0 c:/program files (x86)/microchip/xc32/v1.34/bin/bin/../../lib/gcc/pic32mx/4.5.2/../../../../pic32mx/lib\libc.a(atoi.o)
 .mdebug.abi32  0xa0000140        0x0 c:/program files (x86)/microchip/xc32/v1.34/bin/bin/../../lib/gcc/pic32mx/4.5.2/../../../../pic32mx/lib\libc.a(ctype.o)

.mdebug.abiN32
 *(.mdebug.abiN32)

.mdebug.abi64
 *(.mdebug.abi64)

.mdebug.abiO64
 *(.mdebug.abiO64)

.mdebug.eabi32
 *(.mdebug.eabi32)

.mdebug.eabi64
 *(.mdebug.eabi64)

.gcc_compiled_long32
 *(.gcc_compiled_long32)

.gcc_compiled_long64
 *(.gcc_compiled_long64)

.stab
 *(.stab)

.stabstr
 *(.stabstr)

.stab.excl
 *(.stab.excl)

.stab.exclstr
 *(.stab.exclstr)

.stab.index
 *(.stab.index)

.stab.indexstr
 *(.stab.indexstr)

.comment        0x00000000       0xc6
 *(.comment)
 .comment       0x00000000       0x3c build/default/production/main.o
                                 0x3d (size before relaxing)
 .comment       0x00000000       0x3d ..\libneopixels.X\dist\default\production\libneopixels.X.a(show.o)
 .comment       0x00000000       0x3d ..\libneopixels.X\dist\default\production\libneopixels.X.a(set.o)
 .comment       0x00000000       0x3d ..\libneopixels.X\dist\default\production\libneopixels.X.a(clear.o)
 .comment       0x00000000       0x3d ..\libneopixels.X\dist\default\production\libneopixels.X.a(begin.o)
 .comment       0x00000000       0x3d ..\libi2c.X\dist\default\production\libi2c.X.a(enable.o)
 .comment       0x00000000       0x3d ..\libi2c.X\dist\default\production\libi2c.X.a(write.o)
 .comment       0x00000000       0x3d ..\libi2c.X\dist\default\production\libi2c.X.a(read.o)
 .comment       0x00000000       0x3d ..\libi2c.X\dist\default\production\libi2c.X.a(_stop.o)
 .comment       0x00000000       0x3d ..\libi2c.X\dist\default\production\libi2c.X.a(_start.o)
 .comment       0x00000000       0x3d ..\libi2c.X\dist\default\production\libi2c.X.a(_send.o)
 .comment       0x00000000       0x3d ..\libserial.X\dist\default\production\libserial.X.a(begin.o)
 .comment       0x00000000       0x3d ..\libserial.X\dist\default\production\libserial.X.a(getstr.o)
 .comment       0x00000000       0x3d ..\libserial.X\dist\default\production\libserial.X.a(delay.o)
 .comment       0x00000000       0x3d ..\libserial.X\dist\default\production\libserial.X.a(getchr.o)
 .comment       0x00000000       0x3d ..\libserial.X\dist\default\production\libserial.X.a(display_clock.o)
 .comment       0x00000000       0x3d ..\libserial.X\dist\default\production\libserial.X.a(putstr.o)
 .comment       0x00000000       0x3d ..\libserial.X\dist\default\production\libserial.X.a(available.o)
 .comment       0x00000000       0x3d ..\libserial.X\dist\default\production\libserial.X.a(putchr.o)
 .comment       0x00000000       0x3d ..\Nouveau\liblcd.X\dist\default\production\liblcd.X.a(begin.o)
 .comment       0x00000000       0x3d ..\Nouveau\liblcd.X\dist\default\production\liblcd.X.a(display.o)
 .comment       0x00000000       0x3d ..\Nouveau\liblcd.X\dist\default\production\liblcd.X.a(light.o)
 .comment       0x00000000       0x3d ..\Nouveau\liblcd.X\dist\default\production\liblcd.X.a(clear.o)
 .comment       0x00000000       0x3d ..\Nouveau\liblcd.X\dist\default\production\liblcd.X.a(home.o)
 .comment       0x00000000       0x3d ..\Nouveau\liblcd.X\dist\default\production\liblcd.X.a(putstr.o)
 .comment       0x00000000       0x3d ..\Nouveau\liblcd.X\dist\default\production\liblcd.X.a(send.o)
 .comment       0x00000000       0x3d ..\Nouveau\liblcd.X\dist\default\production\liblcd.X.a(putchr.o)
 .comment       0x00000000       0x3d ..\Nouveau\liblcd.X\dist\default\production\liblcd.X.a(move.o)
 .comment       0x00000000       0x3d ..\Nouveau\liblcd.X\dist\default\production\liblcd.X.a(pulse.o)
 .comment       0x00000000       0x3d ..\Nouveau\liblcd.X\dist\default\production\liblcd.X.a(command.o)
 .comment       0x0000003c       0x3c c:/program files (x86)/microchip/xc32/v1.34/bin/bin/../../lib/gcc/pic32mx/4.5.2/../../../../pic32mx/lib\libmchp_peripheral_32MX340F512H.a(pcache.o)
                                 0x3d (size before relaxing)
 .comment       0x00000000       0x3d c:/program files (x86)/microchip/xc32/v1.34/bin/bin/../../lib/gcc/pic32mx/4.5.2/../../../../pic32mx/lib\libmchp_peripheral_32MX340F512H.a(int_disable_interrupts_lib.o)
 .comment       0x00000000       0x3d c:/program files (x86)/microchip/xc32/v1.34/bin/bin/../../lib/gcc/pic32mx/4.5.2/../../../../pic32mx/lib\libmchp_peripheral_32MX340F512H.a(int_restore_interrupts_lib.o)
 .comment       0x00000000       0x3d c:/program files (x86)/microchip/xc32/v1.34/bin/bin/../../lib/gcc/pic32mx/4.5.2/../../../../pic32mx/lib\libmchp_peripheral_32MX340F512H.a(I2CAcknowledgeByte.o)
 .comment       0x00000000       0x3d c:/program files (x86)/microchip/xc32/v1.34/bin/bin/../../lib/gcc/pic32mx/4.5.2/../../../../pic32mx/lib\libmchp_peripheral_32MX340F512H.a(I2CBusIsIdle.o)
 .comment       0x00000000       0x3d c:/program files (x86)/microchip/xc32/v1.34/bin/bin/../../lib/gcc/pic32mx/4.5.2/../../../../pic32mx/lib\libmchp_peripheral_32MX340F512H.a(I2CByteWasAcknowledged.o)
 .comment       0x00000000       0x3d c:/program files (x86)/microchip/xc32/v1.34/bin/bin/../../lib/gcc/pic32mx/4.5.2/../../../../pic32mx/lib\libmchp_peripheral_32MX340F512H.a(I2CEnable.o)
 .comment       0x00000000       0x3d c:/program files (x86)/microchip/xc32/v1.34/bin/bin/../../lib/gcc/pic32mx/4.5.2/../../../../pic32mx/lib\libmchp_peripheral_32MX340F512H.a(I2CGetByte.o)
 .comment       0x00000000       0x3d c:/program files (x86)/microchip/xc32/v1.34/bin/bin/../../lib/gcc/pic32mx/4.5.2/../../../../pic32mx/lib\libmchp_peripheral_32MX340F512H.a(I2CReceivedDataIsAvailable.o)
 .comment       0x00000000       0x3d c:/program files (x86)/microchip/xc32/v1.34/bin/bin/../../lib/gcc/pic32mx/4.5.2/../../../../pic32mx/lib\libmchp_peripheral_32MX340F512H.a(I2CReceiverEnable.o)
 .comment       0x00000000       0x3d c:/program files (x86)/microchip/xc32/v1.34/bin/bin/../../lib/gcc/pic32mx/4.5.2/../../../../pic32mx/lib\libmchp_peripheral_32MX340F512H.a(I2CRepeatStart.o)
 .comment       0x00000000       0x3d c:/program files (x86)/microchip/xc32/v1.34/bin/bin/../../lib/gcc/pic32mx/4.5.2/../../../../pic32mx/lib\libmchp_peripheral_32MX340F512H.a(I2CSendByte.o)
 .comment       0x00000000       0x3d c:/program files (x86)/microchip/xc32/v1.34/bin/bin/../../lib/gcc/pic32mx/4.5.2/../../../../pic32mx/lib\libmchp_peripheral_32MX340F512H.a(I2CSetFrequency.o)
 .comment       0x00000000       0x3d c:/program files (x86)/microchip/xc32/v1.34/bin/bin/../../lib/gcc/pic32mx/4.5.2/../../../../pic32mx/lib\libmchp_peripheral_32MX340F512H.a(I2CStart.o)
 .comment       0x00000000       0x3d c:/program files (x86)/microchip/xc32/v1.34/bin/bin/../../lib/gcc/pic32mx/4.5.2/../../../../pic32mx/lib\libmchp_peripheral_32MX340F512H.a(I2CStop.o)
 .comment       0x00000000       0x3d c:/program files (x86)/microchip/xc32/v1.34/bin/bin/../../lib/gcc/pic32mx/4.5.2/../../../../pic32mx/lib\libmchp_peripheral_32MX340F512H.a(I2CTransmissionHasCompleted.o)
 .comment       0x00000000       0x3d c:/program files (x86)/microchip/xc32/v1.34/bin/bin/../../lib/gcc/pic32mx/4.5.2/../../../../pic32mx/lib\libmchp_peripheral_32MX340F512H.a(I2CTransmitterIsReady.o)
 .comment       0x00000000       0x3d c:/program files (x86)/microchip/xc32/v1.34/bin/bin/../../lib/gcc/pic32mx/4.5.2/../../../../pic32mx/lib\libmchp_peripheral_32MX340F512H.a(I2CPrivate.o)
 .comment       0x00000000       0x3d c:/program files (x86)/microchip/xc32/v1.34/bin/bin/../../lib/gcc/pic32mx/4.5.2/../../../../pic32mx/lib\libpic32.a(default-bootstrap-exception-handler.o)
 .comment       0x00000000       0x3d c:/program files (x86)/microchip/xc32/v1.34/bin/bin/../../lib/gcc/pic32mx/4.5.2/../../../../pic32mx/lib\libpic32.a(default-on-reset.o)
 .comment       0x00000000       0x3d c:/program files (x86)/microchip/xc32/v1.34/bin/bin/../../lib/gcc/pic32mx/4.5.2/../../../../pic32mx/lib\libpic32.a(default-on-bootstrap.o)
 .comment       0x00000000       0x3d c:/program files (x86)/microchip/xc32/v1.34/bin/bin/../../lib/gcc/pic32mx/4.5.2/../../../../pic32mx/lib\libpic32.a(default-general-exception-handler.o)
 .comment       0x00000000       0x3d c:/program files (x86)/microchip/xc32/v1.34/bin/bin/../../lib/gcc/pic32mx/4.5.2/../../../../pic32mx/lib\libpic32.a(defaultinterrupt.o)
 .comment       0x00000000       0x3d c:/program files (x86)/microchip/xc32/v1.34/bin/bin/../../lib/gcc/pic32mx/4.5.2/../../../../pic32mx/lib\libc.a(atoi.o)
 .comment       0x00000078       0x4e c:/program files (x86)/microchip/xc32/v1.34/bin/bin/../../lib/gcc/pic32mx/4.5.2/../../../../pic32mx/lib\libc.a(ctype.o)
                                 0x8b (size before relaxing)

.debug
 *(.debug)

.line
 *(.line)

.debug_srcinfo
 *(.debug_srcinfo)

.debug_sfnames
 *(.debug_sfnames)

.debug_aranges  0x00000000      0x6a8
 *(.debug_aranges)
 .debug_aranges
                0x00000000       0x20 build/default/production/main.o
 .debug_aranges
                0x00000020       0x20 ..\libneopixels.X\dist\default\production\libneopixels.X.a(show.o)
 .debug_aranges
                0x00000040       0x20 ..\libneopixels.X\dist\default\production\libneopixels.X.a(set.o)
 .debug_aranges
                0x00000060       0x20 ..\libneopixels.X\dist\default\production\libneopixels.X.a(clear.o)
 .debug_aranges
                0x00000080       0x20 ..\libneopixels.X\dist\default\production\libneopixels.X.a(begin.o)
 .debug_aranges
                0x000000a0       0x20 ..\libi2c.X\dist\default\production\libi2c.X.a(enable.o)
 .debug_aranges
                0x000000c0       0x20 ..\libi2c.X\dist\default\production\libi2c.X.a(write.o)
 .debug_aranges
                0x000000e0       0x20 ..\libi2c.X\dist\default\production\libi2c.X.a(read.o)
 .debug_aranges
                0x00000100       0x20 ..\libi2c.X\dist\default\production\libi2c.X.a(_stop.o)
 .debug_aranges
                0x00000120       0x20 ..\libi2c.X\dist\default\production\libi2c.X.a(_start.o)
 .debug_aranges
                0x00000140       0x20 ..\libi2c.X\dist\default\production\libi2c.X.a(_send.o)
 .debug_aranges
                0x00000160       0x20 ..\libserial.X\dist\default\production\libserial.X.a(begin.o)
 .debug_aranges
                0x00000180       0x20 ..\libserial.X\dist\default\production\libserial.X.a(getstr.o)
 .debug_aranges
                0x000001a0       0x20 ..\libserial.X\dist\default\production\libserial.X.a(delay.o)
 .debug_aranges
                0x000001c0       0x20 ..\libserial.X\dist\default\production\libserial.X.a(getchr.o)
 .debug_aranges
                0x000001e0       0x20 ..\libserial.X\dist\default\production\libserial.X.a(display_clock.o)
 .debug_aranges
                0x00000200       0x20 ..\libserial.X\dist\default\production\libserial.X.a(putstr.o)
 .debug_aranges
                0x00000220       0x20 ..\libserial.X\dist\default\production\libserial.X.a(available.o)
 .debug_aranges
                0x00000240       0x20 ..\libserial.X\dist\default\production\libserial.X.a(putchr.o)
 .debug_aranges
                0x00000260       0x20 ..\Nouveau\liblcd.X\dist\default\production\liblcd.X.a(begin.o)
 .debug_aranges
                0x00000280       0x20 ..\Nouveau\liblcd.X\dist\default\production\liblcd.X.a(display.o)
 .debug_aranges
                0x000002a0       0x20 ..\Nouveau\liblcd.X\dist\default\production\liblcd.X.a(light.o)
 .debug_aranges
                0x000002c0       0x20 ..\Nouveau\liblcd.X\dist\default\production\liblcd.X.a(clear.o)
 .debug_aranges
                0x000002e0       0x20 ..\Nouveau\liblcd.X\dist\default\production\liblcd.X.a(home.o)
 .debug_aranges
                0x00000300       0x20 ..\Nouveau\liblcd.X\dist\default\production\liblcd.X.a(putstr.o)
 .debug_aranges
                0x00000320       0x20 ..\Nouveau\liblcd.X\dist\default\production\liblcd.X.a(send.o)
 .debug_aranges
                0x00000340       0x20 ..\Nouveau\liblcd.X\dist\default\production\liblcd.X.a(putchr.o)
 .debug_aranges
                0x00000360       0x20 ..\Nouveau\liblcd.X\dist\default\production\liblcd.X.a(move.o)
 .debug_aranges
                0x00000380       0x20 ..\Nouveau\liblcd.X\dist\default\production\liblcd.X.a(pulse.o)
 .debug_aranges
                0x000003a0       0x20 ..\Nouveau\liblcd.X\dist\default\production\liblcd.X.a(command.o)
 .debug_aranges
                0x000003c0       0x28 c:/program files (x86)/microchip/xc32/v1.34/bin/bin/../../lib/gcc/pic32mx/4.5.2/../../../../pic32mx/lib\libmchp_peripheral_32MX340F512H.a(pcache.o)
 .debug_aranges
                0x000003e8       0x20 c:/program files (x86)/microchip/xc32/v1.34/bin/bin/../../lib/gcc/pic32mx/4.5.2/../../../../pic32mx/lib\libmchp_peripheral_32MX340F512H.a(int_disable_interrupts_lib.o)
 .debug_aranges
                0x00000408       0x20 c:/program files (x86)/microchip/xc32/v1.34/bin/bin/../../lib/gcc/pic32mx/4.5.2/../../../../pic32mx/lib\libmchp_peripheral_32MX340F512H.a(int_restore_interrupts_lib.o)
 .debug_aranges
                0x00000428       0x20 c:/program files (x86)/microchip/xc32/v1.34/bin/bin/../../lib/gcc/pic32mx/4.5.2/../../../../pic32mx/lib\libmchp_peripheral_32MX340F512H.a(I2CAcknowledgeByte.o)
 .debug_aranges
                0x00000448       0x20 c:/program files (x86)/microchip/xc32/v1.34/bin/bin/../../lib/gcc/pic32mx/4.5.2/../../../../pic32mx/lib\libmchp_peripheral_32MX340F512H.a(I2CBusIsIdle.o)
 .debug_aranges
                0x00000468       0x20 c:/program files (x86)/microchip/xc32/v1.34/bin/bin/../../lib/gcc/pic32mx/4.5.2/../../../../pic32mx/lib\libmchp_peripheral_32MX340F512H.a(I2CByteWasAcknowledged.o)
 .debug_aranges
                0x00000488       0x20 c:/program files (x86)/microchip/xc32/v1.34/bin/bin/../../lib/gcc/pic32mx/4.5.2/../../../../pic32mx/lib\libmchp_peripheral_32MX340F512H.a(I2CEnable.o)
 .debug_aranges
                0x000004a8       0x20 c:/program files (x86)/microchip/xc32/v1.34/bin/bin/../../lib/gcc/pic32mx/4.5.2/../../../../pic32mx/lib\libmchp_peripheral_32MX340F512H.a(I2CGetByte.o)
 .debug_aranges
                0x000004c8       0x20 c:/program files (x86)/microchip/xc32/v1.34/bin/bin/../../lib/gcc/pic32mx/4.5.2/../../../../pic32mx/lib\libmchp_peripheral_32MX340F512H.a(I2CReceivedDataIsAvailable.o)
 .debug_aranges
                0x000004e8       0x20 c:/program files (x86)/microchip/xc32/v1.34/bin/bin/../../lib/gcc/pic32mx/4.5.2/../../../../pic32mx/lib\libmchp_peripheral_32MX340F512H.a(I2CReceiverEnable.o)
 .debug_aranges
                0x00000508       0x20 c:/program files (x86)/microchip/xc32/v1.34/bin/bin/../../lib/gcc/pic32mx/4.5.2/../../../../pic32mx/lib\libmchp_peripheral_32MX340F512H.a(I2CRepeatStart.o)
 .debug_aranges
                0x00000528       0x20 c:/program files (x86)/microchip/xc32/v1.34/bin/bin/../../lib/gcc/pic32mx/4.5.2/../../../../pic32mx/lib\libmchp_peripheral_32MX340F512H.a(I2CSendByte.o)
 .debug_aranges
                0x00000548       0x20 c:/program files (x86)/microchip/xc32/v1.34/bin/bin/../../lib/gcc/pic32mx/4.5.2/../../../../pic32mx/lib\libmchp_peripheral_32MX340F512H.a(I2CSetFrequency.o)
 .debug_aranges
                0x00000568       0x20 c:/program files (x86)/microchip/xc32/v1.34/bin/bin/../../lib/gcc/pic32mx/4.5.2/../../../../pic32mx/lib\libmchp_peripheral_32MX340F512H.a(I2CStart.o)
 .debug_aranges
                0x00000588       0x20 c:/program files (x86)/microchip/xc32/v1.34/bin/bin/../../lib/gcc/pic32mx/4.5.2/../../../../pic32mx/lib\libmchp_peripheral_32MX340F512H.a(I2CStop.o)
 .debug_aranges
                0x000005a8       0x20 c:/program files (x86)/microchip/xc32/v1.34/bin/bin/../../lib/gcc/pic32mx/4.5.2/../../../../pic32mx/lib\libmchp_peripheral_32MX340F512H.a(I2CTransmissionHasCompleted.o)
 .debug_aranges
                0x000005c8       0x20 c:/program files (x86)/microchip/xc32/v1.34/bin/bin/../../lib/gcc/pic32mx/4.5.2/../../../../pic32mx/lib\libmchp_peripheral_32MX340F512H.a(I2CTransmitterIsReady.o)
 .debug_aranges
                0x000005e8       0x20 c:/program files (x86)/microchip/xc32/v1.34/bin/bin/../../lib/gcc/pic32mx/4.5.2/../../../../pic32mx/lib\libpic32.a(default-bootstrap-exception-handler.o)
 .debug_aranges
                0x00000608       0x20 c:/program files (x86)/microchip/xc32/v1.34/bin/bin/../../lib/gcc/pic32mx/4.5.2/../../../../pic32mx/lib\libpic32.a(default-on-reset.o)
 .debug_aranges
                0x00000628       0x20 c:/program files (x86)/microchip/xc32/v1.34/bin/bin/../../lib/gcc/pic32mx/4.5.2/../../../../pic32mx/lib\libpic32.a(default-on-bootstrap.o)
 .debug_aranges
                0x00000648       0x20 c:/program files (x86)/microchip/xc32/v1.34/bin/bin/../../lib/gcc/pic32mx/4.5.2/../../../../pic32mx/lib\libpic32.a(default-general-exception-handler.o)
 .debug_aranges
                0x00000668       0x20 c:/program files (x86)/microchip/xc32/v1.34/bin/bin/../../lib/gcc/pic32mx/4.5.2/../../../../pic32mx/lib\libpic32.a(defaultinterrupt.o)
 .debug_aranges
                0x00000688       0x20 c:/program files (x86)/microchip/xc32/v1.34/bin/bin/../../lib/gcc/pic32mx/4.5.2/../../../../pic32mx/lib\libc.a(atoi.o)

.debug_pubnames
                0x00000000      0xa2f
 *(.debug_pubnames)
 .debug_pubnames
                0x00000000      0x19b build/default/production/main.o
 .debug_pubnames
                0x0000019b       0x28 ..\libneopixels.X\dist\default\production\libneopixels.X.a(show.o)
 .debug_pubnames
                0x000001c3       0x27 ..\libneopixels.X\dist\default\production\libneopixels.X.a(set.o)
 .debug_pubnames
                0x000001ea       0x29 ..\libneopixels.X\dist\default\production\libneopixels.X.a(clear.o)
 .debug_pubnames
                0x00000213       0x52 ..\libneopixels.X\dist\default\production\libneopixels.X.a(begin.o)
 .debug_pubnames
                0x00000265       0x48 ..\libi2c.X\dist\default\production\libi2c.X.a(enable.o)
 .debug_pubnames
                0x000002ad       0x23 ..\libi2c.X\dist\default\production\libi2c.X.a(write.o)
 .debug_pubnames
                0x000002d0       0x22 ..\libi2c.X\dist\default\production\libi2c.X.a(read.o)
 .debug_pubnames
                0x000002f2       0x23 ..\libi2c.X\dist\default\production\libi2c.X.a(_stop.o)
 .debug_pubnames
                0x00000315       0x24 ..\libi2c.X\dist\default\production\libi2c.X.a(_start.o)
 .debug_pubnames
                0x00000339       0x23 ..\libi2c.X\dist\default\production\libi2c.X.a(_send.o)
 .debug_pubnames
                0x0000035c       0x26 ..\libserial.X\dist\default\production\libserial.X.a(begin.o)
 .debug_pubnames
                0x00000382       0x27 ..\libserial.X\dist\default\production\libserial.X.a(getstr.o)
 .debug_pubnames
                0x000003a9       0x34 ..\libserial.X\dist\default\production\libserial.X.a(delay.o)
 .debug_pubnames
                0x000003dd       0x27 ..\libserial.X\dist\default\production\libserial.X.a(getchr.o)
 .debug_pubnames
                0x00000404       0x2e ..\libserial.X\dist\default\production\libserial.X.a(display_clock.o)
 .debug_pubnames
                0x00000432       0x27 ..\libserial.X\dist\default\production\libserial.X.a(putstr.o)
 .debug_pubnames
                0x00000459       0x2a ..\libserial.X\dist\default\production\libserial.X.a(available.o)
 .debug_pubnames
                0x00000483       0x27 ..\libserial.X\dist\default\production\libserial.X.a(putchr.o)
 .debug_pubnames
                0x000004aa       0x8d ..\Nouveau\liblcd.X\dist\default\production\liblcd.X.a(begin.o)
 .debug_pubnames
                0x00000537       0x25 ..\Nouveau\liblcd.X\dist\default\production\liblcd.X.a(display.o)
 .debug_pubnames
                0x0000055c       0x23 ..\Nouveau\liblcd.X\dist\default\production\liblcd.X.a(light.o)
 .debug_pubnames
                0x0000057f       0x23 ..\Nouveau\liblcd.X\dist\default\production\liblcd.X.a(clear.o)
 .debug_pubnames
                0x000005a2       0x22 ..\Nouveau\liblcd.X\dist\default\production\liblcd.X.a(home.o)
 .debug_pubnames
                0x000005c4       0x24 ..\Nouveau\liblcd.X\dist\default\production\liblcd.X.a(putstr.o)
 .debug_pubnames
                0x000005e8       0x22 ..\Nouveau\liblcd.X\dist\default\production\liblcd.X.a(send.o)
 .debug_pubnames
                0x0000060a       0x24 ..\Nouveau\liblcd.X\dist\default\production\liblcd.X.a(putchr.o)
 .debug_pubnames
                0x0000062e       0x22 ..\Nouveau\liblcd.X\dist\default\production\liblcd.X.a(move.o)
 .debug_pubnames
                0x00000650       0x23 ..\Nouveau\liblcd.X\dist\default\production\liblcd.X.a(pulse.o)
 .debug_pubnames
                0x00000673       0x25 ..\Nouveau\liblcd.X\dist\default\production\liblcd.X.a(command.o)
 .debug_pubnames
                0x00000698       0x3b c:/program files (x86)/microchip/xc32/v1.34/bin/bin/../../lib/gcc/pic32mx/4.5.2/../../../../pic32mx/lib\libmchp_peripheral_32MX340F512H.a(pcache.o)
 .debug_pubnames
                0x000006d3       0x2b c:/program files (x86)/microchip/xc32/v1.34/bin/bin/../../lib/gcc/pic32mx/4.5.2/../../../../pic32mx/lib\libmchp_peripheral_32MX340F512H.a(int_disable_interrupts_lib.o)
 .debug_pubnames
                0x000006fe       0x2b c:/program files (x86)/microchip/xc32/v1.34/bin/bin/../../lib/gcc/pic32mx/4.5.2/../../../../pic32mx/lib\libmchp_peripheral_32MX340F512H.a(int_restore_interrupts_lib.o)
 .debug_pubnames
                0x00000729       0x29 c:/program files (x86)/microchip/xc32/v1.34/bin/bin/../../lib/gcc/pic32mx/4.5.2/../../../../pic32mx/lib\libmchp_peripheral_32MX340F512H.a(I2CAcknowledgeByte.o)
 .debug_pubnames
                0x00000752       0x23 c:/program files (x86)/microchip/xc32/v1.34/bin/bin/../../lib/gcc/pic32mx/4.5.2/../../../../pic32mx/lib\libmchp_peripheral_32MX340F512H.a(I2CBusIsIdle.o)
 .debug_pubnames
                0x00000775       0x2d c:/program files (x86)/microchip/xc32/v1.34/bin/bin/../../lib/gcc/pic32mx/4.5.2/../../../../pic32mx/lib\libmchp_peripheral_32MX340F512H.a(I2CByteWasAcknowledged.o)
 .debug_pubnames
                0x000007a2       0x20 c:/program files (x86)/microchip/xc32/v1.34/bin/bin/../../lib/gcc/pic32mx/4.5.2/../../../../pic32mx/lib\libmchp_peripheral_32MX340F512H.a(I2CEnable.o)
 .debug_pubnames
                0x000007c2       0x21 c:/program files (x86)/microchip/xc32/v1.34/bin/bin/../../lib/gcc/pic32mx/4.5.2/../../../../pic32mx/lib\libmchp_peripheral_32MX340F512H.a(I2CGetByte.o)
 .debug_pubnames
                0x000007e3       0x31 c:/program files (x86)/microchip/xc32/v1.34/bin/bin/../../lib/gcc/pic32mx/4.5.2/../../../../pic32mx/lib\libmchp_peripheral_32MX340F512H.a(I2CReceivedDataIsAvailable.o)
 .debug_pubnames
                0x00000814       0x28 c:/program files (x86)/microchip/xc32/v1.34/bin/bin/../../lib/gcc/pic32mx/4.5.2/../../../../pic32mx/lib\libmchp_peripheral_32MX340F512H.a(I2CReceiverEnable.o)
 .debug_pubnames
                0x0000083c       0x25 c:/program files (x86)/microchip/xc32/v1.34/bin/bin/../../lib/gcc/pic32mx/4.5.2/../../../../pic32mx/lib\libmchp_peripheral_32MX340F512H.a(I2CRepeatStart.o)
 .debug_pubnames
                0x00000861       0x22 c:/program files (x86)/microchip/xc32/v1.34/bin/bin/../../lib/gcc/pic32mx/4.5.2/../../../../pic32mx/lib\libmchp_peripheral_32MX340F512H.a(I2CSendByte.o)
 .debug_pubnames
                0x00000883       0x26 c:/program files (x86)/microchip/xc32/v1.34/bin/bin/../../lib/gcc/pic32mx/4.5.2/../../../../pic32mx/lib\libmchp_peripheral_32MX340F512H.a(I2CSetFrequency.o)
 .debug_pubnames
                0x000008a9       0x1f c:/program files (x86)/microchip/xc32/v1.34/bin/bin/../../lib/gcc/pic32mx/4.5.2/../../../../pic32mx/lib\libmchp_peripheral_32MX340F512H.a(I2CStart.o)
 .debug_pubnames
                0x000008c8       0x1e c:/program files (x86)/microchip/xc32/v1.34/bin/bin/../../lib/gcc/pic32mx/4.5.2/../../../../pic32mx/lib\libmchp_peripheral_32MX340F512H.a(I2CStop.o)
 .debug_pubnames
                0x000008e6       0x32 c:/program files (x86)/microchip/xc32/v1.34/bin/bin/../../lib/gcc/pic32mx/4.5.2/../../../../pic32mx/lib\libmchp_peripheral_32MX340F512H.a(I2CTransmissionHasCompleted.o)
 .debug_pubnames
                0x00000918       0x2c c:/program files (x86)/microchip/xc32/v1.34/bin/bin/../../lib/gcc/pic32mx/4.5.2/../../../../pic32mx/lib\libmchp_peripheral_32MX340F512H.a(I2CTransmitterIsReady.o)
 .debug_pubnames
                0x00000944       0x33 c:/program files (x86)/microchip/xc32/v1.34/bin/bin/../../lib/gcc/pic32mx/4.5.2/../../../../pic32mx/lib\libpic32.a(default-bootstrap-exception-handler.o)
 .debug_pubnames
                0x00000977       0x20 c:/program files (x86)/microchip/xc32/v1.34/bin/bin/../../lib/gcc/pic32mx/4.5.2/../../../../pic32mx/lib\libpic32.a(default-on-reset.o)
 .debug_pubnames
                0x00000997       0x24 c:/program files (x86)/microchip/xc32/v1.34/bin/bin/../../lib/gcc/pic32mx/4.5.2/../../../../pic32mx/lib\libpic32.a(default-on-bootstrap.o)
 .debug_pubnames
                0x000009bb       0x31 c:/program files (x86)/microchip/xc32/v1.34/bin/bin/../../lib/gcc/pic32mx/4.5.2/../../../../pic32mx/lib\libpic32.a(default-general-exception-handler.o)
 .debug_pubnames
                0x000009ec       0x28 c:/program files (x86)/microchip/xc32/v1.34/bin/bin/../../lib/gcc/pic32mx/4.5.2/../../../../pic32mx/lib\libpic32.a(defaultinterrupt.o)
 .debug_pubnames
                0x00000a14       0x1b c:/program files (x86)/microchip/xc32/v1.34/bin/bin/../../lib/gcc/pic32mx/4.5.2/../../../../pic32mx/lib\libc.a(atoi.o)

.debug_info     0x00000000     0x8e6e
 *(.debug_info .gnu.linkonce.wi.*)
 .debug_info    0x00000000     0x28b6 build/default/production/main.o
 .debug_info    0x000028b6      0x207 ..\libneopixels.X\dist\default\production\libneopixels.X.a(show.o)
 .debug_info    0x00002abd      0x1cc ..\libneopixels.X\dist\default\production\libneopixels.X.a(set.o)
 .debug_info    0x00002c89      0x193 ..\libneopixels.X\dist\default\production\libneopixels.X.a(clear.o)
 .debug_info    0x00002e1c      0x24d ..\libneopixels.X\dist\default\production\libneopixels.X.a(begin.o)
 .debug_info    0x00003069      0x75e ..\libi2c.X\dist\default\production\libi2c.X.a(enable.o)
 .debug_info    0x000037c7      0x391 ..\libi2c.X\dist\default\production\libi2c.X.a(write.o)
 .debug_info    0x00003b58      0x392 ..\libi2c.X\dist\default\production\libi2c.X.a(read.o)
 .debug_info    0x00003eea      0x2ba ..\libi2c.X\dist\default\production\libi2c.X.a(_stop.o)
 .debug_info    0x000041a4      0x312 ..\libi2c.X\dist\default\production\libi2c.X.a(_start.o)
 .debug_info    0x000044b6      0x354 ..\libi2c.X\dist\default\production\libi2c.X.a(_send.o)
 .debug_info    0x0000480a      0xb95 ..\libserial.X\dist\default\production\libserial.X.a(begin.o)
 .debug_info    0x0000539f      0x1ab ..\libserial.X\dist\default\production\libserial.X.a(getstr.o)
 .debug_info    0x0000554a      0x199 ..\libserial.X\dist\default\production\libserial.X.a(delay.o)
 .debug_info    0x000056e3      0x1d3 ..\libserial.X\dist\default\production\libserial.X.a(getchr.o)
 .debug_info    0x000058b6      0x20a ..\libserial.X\dist\default\production\libserial.X.a(display_clock.o)
 .debug_info    0x00005ac0      0x18c ..\libserial.X\dist\default\production\libserial.X.a(putstr.o)
 .debug_info    0x00005c4c      0x3b1 ..\libserial.X\dist\default\production\libserial.X.a(available.o)
 .debug_info    0x00005ffd      0x3e2 ..\libserial.X\dist\default\production\libserial.X.a(putchr.o)
 .debug_info    0x000063df      0x601 ..\Nouveau\liblcd.X\dist\default\production\liblcd.X.a(begin.o)
 .debug_info    0x000069e0      0x192 ..\Nouveau\liblcd.X\dist\default\production\liblcd.X.a(display.o)
 .debug_info    0x00006b72      0x273 ..\Nouveau\liblcd.X\dist\default\production\liblcd.X.a(light.o)
 .debug_info    0x00006de5      0x19d ..\Nouveau\liblcd.X\dist\default\production\liblcd.X.a(clear.o)
 .debug_info    0x00006f82      0x19b ..\Nouveau\liblcd.X\dist\default\production\liblcd.X.a(home.o)
 .debug_info    0x0000711d      0x1d8 ..\Nouveau\liblcd.X\dist\default\production\liblcd.X.a(putstr.o)
 .debug_info    0x000072f5      0x401 ..\Nouveau\liblcd.X\dist\default\production\liblcd.X.a(send.o)
 .debug_info    0x000076f6      0x18e ..\Nouveau\liblcd.X\dist\default\production\liblcd.X.a(putchr.o)
 .debug_info    0x00007884      0x204 ..\Nouveau\liblcd.X\dist\default\production\liblcd.X.a(move.o)
 .debug_info    0x00007a88      0x266 ..\Nouveau\liblcd.X\dist\default\production\liblcd.X.a(pulse.o)
 .debug_info    0x00007cee      0x16c ..\Nouveau\liblcd.X\dist\default\production\liblcd.X.a(command.o)
 .debug_info    0x00007e5a       0xbf c:/program files (x86)/microchip/xc32/v1.34/bin/bin/../../lib/gcc/pic32mx/4.5.2/../../../../pic32mx/lib\libmchp_peripheral_32MX340F512H.a(pcache.o)
 .debug_info    0x00007f19       0xb6 c:/program files (x86)/microchip/xc32/v1.34/bin/bin/../../lib/gcc/pic32mx/4.5.2/../../../../pic32mx/lib\libmchp_peripheral_32MX340F512H.a(int_disable_interrupts_lib.o)
 .debug_info    0x00007fcf       0xb6 c:/program files (x86)/microchip/xc32/v1.34/bin/bin/../../lib/gcc/pic32mx/4.5.2/../../../../pic32mx/lib\libmchp_peripheral_32MX340F512H.a(int_restore_interrupts_lib.o)
 .debug_info    0x00008085       0xac c:/program files (x86)/microchip/xc32/v1.34/bin/bin/../../lib/gcc/pic32mx/4.5.2/../../../../pic32mx/lib\libmchp_peripheral_32MX340F512H.a(I2CAcknowledgeByte.o)
 .debug_info    0x00008131       0xa0 c:/program files (x86)/microchip/xc32/v1.34/bin/bin/../../lib/gcc/pic32mx/4.5.2/../../../../pic32mx/lib\libmchp_peripheral_32MX340F512H.a(I2CBusIsIdle.o)
 .debug_info    0x000081d1       0xb4 c:/program files (x86)/microchip/xc32/v1.34/bin/bin/../../lib/gcc/pic32mx/4.5.2/../../../../pic32mx/lib\libmchp_peripheral_32MX340F512H.a(I2CByteWasAcknowledged.o)
 .debug_info    0x00008285       0x9a c:/program files (x86)/microchip/xc32/v1.34/bin/bin/../../lib/gcc/pic32mx/4.5.2/../../../../pic32mx/lib\libmchp_peripheral_32MX340F512H.a(I2CEnable.o)
 .debug_info    0x0000831f       0x9c c:/program files (x86)/microchip/xc32/v1.34/bin/bin/../../lib/gcc/pic32mx/4.5.2/../../../../pic32mx/lib\libmchp_peripheral_32MX340F512H.a(I2CGetByte.o)
 .debug_info    0x000083bb       0xbc c:/program files (x86)/microchip/xc32/v1.34/bin/bin/../../lib/gcc/pic32mx/4.5.2/../../../../pic32mx/lib\libmchp_peripheral_32MX340F512H.a(I2CReceivedDataIsAvailable.o)
 .debug_info    0x00008477       0xaa c:/program files (x86)/microchip/xc32/v1.34/bin/bin/../../lib/gcc/pic32mx/4.5.2/../../../../pic32mx/lib\libmchp_peripheral_32MX340F512H.a(I2CReceiverEnable.o)
 .debug_info    0x00008521       0xa4 c:/program files (x86)/microchip/xc32/v1.34/bin/bin/../../lib/gcc/pic32mx/4.5.2/../../../../pic32mx/lib\libmchp_peripheral_32MX340F512H.a(I2CRepeatStart.o)
 .debug_info    0x000085c5       0x9e c:/program files (x86)/microchip/xc32/v1.34/bin/bin/../../lib/gcc/pic32mx/4.5.2/../../../../pic32mx/lib\libmchp_peripheral_32MX340F512H.a(I2CSendByte.o)
 .debug_info    0x00008663       0xa6 c:/program files (x86)/microchip/xc32/v1.34/bin/bin/../../lib/gcc/pic32mx/4.5.2/../../../../pic32mx/lib\libmchp_peripheral_32MX340F512H.a(I2CSetFrequency.o)
 .debug_info    0x00008709       0x98 c:/program files (x86)/microchip/xc32/v1.34/bin/bin/../../lib/gcc/pic32mx/4.5.2/../../../../pic32mx/lib\libmchp_peripheral_32MX340F512H.a(I2CStart.o)
 .debug_info    0x000087a1       0x96 c:/program files (x86)/microchip/xc32/v1.34/bin/bin/../../lib/gcc/pic32mx/4.5.2/../../../../pic32mx/lib\libmchp_peripheral_32MX340F512H.a(I2CStop.o)
 .debug_info    0x00008837       0xbe c:/program files (x86)/microchip/xc32/v1.34/bin/bin/../../lib/gcc/pic32mx/4.5.2/../../../../pic32mx/lib\libmchp_peripheral_32MX340F512H.a(I2CTransmissionHasCompleted.o)
 .debug_info    0x000088f5       0xb2 c:/program files (x86)/microchip/xc32/v1.34/bin/bin/../../lib/gcc/pic32mx/4.5.2/../../../../pic32mx/lib\libmchp_peripheral_32MX340F512H.a(I2CTransmitterIsReady.o)
 .debug_info    0x000089a7        0x0 c:/program files (x86)/microchip/xc32/v1.34/bin/bin/../../lib/gcc/pic32mx/4.5.2/../../../../pic32mx/lib\libmchp_peripheral_32MX340F512H.a(I2CPrivate.o)
 .debug_info    0x000089a7       0xe2 c:/program files (x86)/microchip/xc32/v1.34/bin/bin/../../lib/gcc/pic32mx/4.5.2/../../../../pic32mx/lib\libpic32.a(default-bootstrap-exception-handler.o)
 .debug_info    0x00008a89       0xbc c:/program files (x86)/microchip/xc32/v1.34/bin/bin/../../lib/gcc/pic32mx/4.5.2/../../../../pic32mx/lib\libpic32.a(default-on-reset.o)
 .debug_info    0x00008b45       0xc4 c:/program files (x86)/microchip/xc32/v1.34/bin/bin/../../lib/gcc/pic32mx/4.5.2/../../../../pic32mx/lib\libpic32.a(default-on-bootstrap.o)
 .debug_info    0x00008c09       0xde c:/program files (x86)/microchip/xc32/v1.34/bin/bin/../../lib/gcc/pic32mx/4.5.2/../../../../pic32mx/lib\libpic32.a(default-general-exception-handler.o)
 .debug_info    0x00008ce7       0xd6 c:/program files (x86)/microchip/xc32/v1.34/bin/bin/../../lib/gcc/pic32mx/4.5.2/../../../../pic32mx/lib\libpic32.a(defaultinterrupt.o)
 .debug_info    0x00008dbd       0xb1 c:/program files (x86)/microchip/xc32/v1.34/bin/bin/../../lib/gcc/pic32mx/4.5.2/../../../../pic32mx/lib\libc.a(atoi.o)
 .debug_info    0x00008e6e        0x0 c:/program files (x86)/microchip/xc32/v1.34/bin/bin/../../lib/gcc/pic32mx/4.5.2/../../../../pic32mx/lib\libc.a(ctype.o)

.debug_abbrev   0x00000000     0x1946
 *(.debug_abbrev)
 .debug_abbrev  0x00000000      0x3c8 build/default/production/main.o
 .debug_abbrev  0x000003c8       0x6d ..\libneopixels.X\dist\default\production\libneopixels.X.a(show.o)
 .debug_abbrev  0x00000435       0x75 ..\libneopixels.X\dist\default\production\libneopixels.X.a(set.o)
 .debug_abbrev  0x000004aa       0x63 ..\libneopixels.X\dist\default\production\libneopixels.X.a(clear.o)
 .debug_abbrev  0x0000050d       0x96 ..\libneopixels.X\dist\default\production\libneopixels.X.a(begin.o)
 .debug_abbrev  0x000005a3      0x14e ..\libi2c.X\dist\default\production\libi2c.X.a(enable.o)
 .debug_abbrev  0x000006f1      0x10f ..\libi2c.X\dist\default\production\libi2c.X.a(write.o)
 .debug_abbrev  0x00000800      0x11e ..\libi2c.X\dist\default\production\libi2c.X.a(read.o)
 .debug_abbrev  0x0000091e       0xe8 ..\libi2c.X\dist\default\production\libi2c.X.a(_stop.o)
 .debug_abbrev  0x00000a06       0xf5 ..\libi2c.X\dist\default\production\libi2c.X.a(_start.o)
 .debug_abbrev  0x00000afb      0x106 ..\libi2c.X\dist\default\production\libi2c.X.a(_send.o)
 .debug_abbrev  0x00000c01       0xc1 ..\libserial.X\dist\default\production\libserial.X.a(begin.o)
 .debug_abbrev  0x00000cc2       0x6c ..\libserial.X\dist\default\production\libserial.X.a(getstr.o)
 .debug_abbrev  0x00000d2e       0x67 ..\libserial.X\dist\default\production\libserial.X.a(delay.o)
 .debug_abbrev  0x00000d95       0x7d ..\libserial.X\dist\default\production\libserial.X.a(getchr.o)
 .debug_abbrev  0x00000e12       0x83 ..\libserial.X\dist\default\production\libserial.X.a(display_clock.o)
 .debug_abbrev  0x00000e95       0x6a ..\libserial.X\dist\default\production\libserial.X.a(putstr.o)
 .debug_abbrev  0x00000eff       0xa1 ..\libserial.X\dist\default\production\libserial.X.a(available.o)
 .debug_abbrev  0x00000fa0       0xc1 ..\libserial.X\dist\default\production\libserial.X.a(putchr.o)
 .debug_abbrev  0x00001061       0xf4 ..\Nouveau\liblcd.X\dist\default\production\liblcd.X.a(begin.o)
 .debug_abbrev  0x00001155       0x63 ..\Nouveau\liblcd.X\dist\default\production\liblcd.X.a(display.o)
 .debug_abbrev  0x000011b8       0xb0 ..\Nouveau\liblcd.X\dist\default\production\liblcd.X.a(light.o)
 .debug_abbrev  0x00001268       0x52 ..\Nouveau\liblcd.X\dist\default\production\liblcd.X.a(clear.o)
 .debug_abbrev  0x000012ba       0x52 ..\Nouveau\liblcd.X\dist\default\production\liblcd.X.a(home.o)
 .debug_abbrev  0x0000130c       0x6c ..\Nouveau\liblcd.X\dist\default\production\liblcd.X.a(putstr.o)
 .debug_abbrev  0x00001378       0xb0 ..\Nouveau\liblcd.X\dist\default\production\liblcd.X.a(send.o)
 .debug_abbrev  0x00001428       0x63 ..\Nouveau\liblcd.X\dist\default\production\liblcd.X.a(putchr.o)
 .debug_abbrev  0x0000148b       0x84 ..\Nouveau\liblcd.X\dist\default\production\liblcd.X.a(move.o)
 .debug_abbrev  0x0000150f       0x92 ..\Nouveau\liblcd.X\dist\default\production\liblcd.X.a(pulse.o)
 .debug_abbrev  0x000015a1       0x50 ..\Nouveau\liblcd.X\dist\default\production\liblcd.X.a(command.o)
 .debug_abbrev  0x000015f1       0x25 c:/program files (x86)/microchip/xc32/v1.34/bin/bin/../../lib/gcc/pic32mx/4.5.2/../../../../pic32mx/lib\libmchp_peripheral_32MX340F512H.a(pcache.o)
 .debug_abbrev  0x00001616       0x25 c:/program files (x86)/microchip/xc32/v1.34/bin/bin/../../lib/gcc/pic32mx/4.5.2/../../../../pic32mx/lib\libmchp_peripheral_32MX340F512H.a(int_disable_interrupts_lib.o)
 .debug_abbrev  0x0000163b       0x25 c:/program files (x86)/microchip/xc32/v1.34/bin/bin/../../lib/gcc/pic32mx/4.5.2/../../../../pic32mx/lib\libmchp_peripheral_32MX340F512H.a(int_restore_interrupts_lib.o)
 .debug_abbrev  0x00001660       0x25 c:/program files (x86)/microchip/xc32/v1.34/bin/bin/../../lib/gcc/pic32mx/4.5.2/../../../../pic32mx/lib\libmchp_peripheral_32MX340F512H.a(I2CAcknowledgeByte.o)
 .debug_abbrev  0x00001685       0x25 c:/program files (x86)/microchip/xc32/v1.34/bin/bin/../../lib/gcc/pic32mx/4.5.2/../../../../pic32mx/lib\libmchp_peripheral_32MX340F512H.a(I2CBusIsIdle.o)
 .debug_abbrev  0x000016aa       0x25 c:/program files (x86)/microchip/xc32/v1.34/bin/bin/../../lib/gcc/pic32mx/4.5.2/../../../../pic32mx/lib\libmchp_peripheral_32MX340F512H.a(I2CByteWasAcknowledged.o)
 .debug_abbrev  0x000016cf       0x25 c:/program files (x86)/microchip/xc32/v1.34/bin/bin/../../lib/gcc/pic32mx/4.5.2/../../../../pic32mx/lib\libmchp_peripheral_32MX340F512H.a(I2CEnable.o)
 .debug_abbrev  0x000016f4       0x25 c:/program files (x86)/microchip/xc32/v1.34/bin/bin/../../lib/gcc/pic32mx/4.5.2/../../../../pic32mx/lib\libmchp_peripheral_32MX340F512H.a(I2CGetByte.o)
 .debug_abbrev  0x00001719       0x25 c:/program files (x86)/microchip/xc32/v1.34/bin/bin/../../lib/gcc/pic32mx/4.5.2/../../../../pic32mx/lib\libmchp_peripheral_32MX340F512H.a(I2CReceivedDataIsAvailable.o)
 .debug_abbrev  0x0000173e       0x25 c:/program files (x86)/microchip/xc32/v1.34/bin/bin/../../lib/gcc/pic32mx/4.5.2/../../../../pic32mx/lib\libmchp_peripheral_32MX340F512H.a(I2CReceiverEnable.o)
 .debug_abbrev  0x00001763       0x25 c:/program files (x86)/microchip/xc32/v1.34/bin/bin/../../lib/gcc/pic32mx/4.5.2/../../../../pic32mx/lib\libmchp_peripheral_32MX340F512H.a(I2CRepeatStart.o)
 .debug_abbrev  0x00001788       0x25 c:/program files (x86)/microchip/xc32/v1.34/bin/bin/../../lib/gcc/pic32mx/4.5.2/../../../../pic32mx/lib\libmchp_peripheral_32MX340F512H.a(I2CSendByte.o)
 .debug_abbrev  0x000017ad       0x25 c:/program files (x86)/microchip/xc32/v1.34/bin/bin/../../lib/gcc/pic32mx/4.5.2/../../../../pic32mx/lib\libmchp_peripheral_32MX340F512H.a(I2CSetFrequency.o)
 .debug_abbrev  0x000017d2       0x25 c:/program files (x86)/microchip/xc32/v1.34/bin/bin/../../lib/gcc/pic32mx/4.5.2/../../../../pic32mx/lib\libmchp_peripheral_32MX340F512H.a(I2CStart.o)
 .debug_abbrev  0x000017f7       0x25 c:/program files (x86)/microchip/xc32/v1.34/bin/bin/../../lib/gcc/pic32mx/4.5.2/../../../../pic32mx/lib\libmchp_peripheral_32MX340F512H.a(I2CStop.o)
 .debug_abbrev  0x0000181c       0x25 c:/program files (x86)/microchip/xc32/v1.34/bin/bin/../../lib/gcc/pic32mx/4.5.2/../../../../pic32mx/lib\libmchp_peripheral_32MX340F512H.a(I2CTransmissionHasCompleted.o)
 .debug_abbrev  0x00001841       0x25 c:/program files (x86)/microchip/xc32/v1.34/bin/bin/../../lib/gcc/pic32mx/4.5.2/../../../../pic32mx/lib\libmchp_peripheral_32MX340F512H.a(I2CTransmitterIsReady.o)
 .debug_abbrev  0x00001866        0x1 c:/program files (x86)/microchip/xc32/v1.34/bin/bin/../../lib/gcc/pic32mx/4.5.2/../../../../pic32mx/lib\libmchp_peripheral_32MX340F512H.a(I2CPrivate.o)
 .debug_abbrev  0x00001867       0x25 c:/program files (x86)/microchip/xc32/v1.34/bin/bin/../../lib/gcc/pic32mx/4.5.2/../../../../pic32mx/lib\libpic32.a(default-bootstrap-exception-handler.o)
 .debug_abbrev  0x0000188c       0x25 c:/program files (x86)/microchip/xc32/v1.34/bin/bin/../../lib/gcc/pic32mx/4.5.2/../../../../pic32mx/lib\libpic32.a(default-on-reset.o)
 .debug_abbrev  0x000018b1       0x25 c:/program files (x86)/microchip/xc32/v1.34/bin/bin/../../lib/gcc/pic32mx/4.5.2/../../../../pic32mx/lib\libpic32.a(default-on-bootstrap.o)
 .debug_abbrev  0x000018d6       0x25 c:/program files (x86)/microchip/xc32/v1.34/bin/bin/../../lib/gcc/pic32mx/4.5.2/../../../../pic32mx/lib\libpic32.a(default-general-exception-handler.o)
 .debug_abbrev  0x000018fb       0x25 c:/program files (x86)/microchip/xc32/v1.34/bin/bin/../../lib/gcc/pic32mx/4.5.2/../../../../pic32mx/lib\libpic32.a(defaultinterrupt.o)
 .debug_abbrev  0x00001920       0x25 c:/program files (x86)/microchip/xc32/v1.34/bin/bin/../../lib/gcc/pic32mx/4.5.2/../../../../pic32mx/lib\libc.a(atoi.o)
 .debug_abbrev  0x00001945        0x1 c:/program files (x86)/microchip/xc32/v1.34/bin/bin/../../lib/gcc/pic32mx/4.5.2/../../../../pic32mx/lib\libc.a(ctype.o)

.debug_line     0x00000000     0x2c55
 *(.debug_line)
 .debug_line    0x00000000      0x4c0 build/default/production/main.o
 .debug_line    0x000004c0       0xdc ..\libneopixels.X\dist\default\production\libneopixels.X.a(show.o)
 .debug_line    0x0000059c       0xd6 ..\libneopixels.X\dist\default\production\libneopixels.X.a(set.o)
 .debug_line    0x00000672       0xd9 ..\libneopixels.X\dist\default\production\libneopixels.X.a(clear.o)
 .debug_line    0x0000074b       0xd7 ..\libneopixels.X\dist\default\production\libneopixels.X.a(begin.o)
 .debug_line    0x00000822      0x187 ..\libi2c.X\dist\default\production\libi2c.X.a(enable.o)
 .debug_line    0x000009a9      0x179 ..\libi2c.X\dist\default\production\libi2c.X.a(write.o)
 .debug_line    0x00000b22      0x181 ..\libi2c.X\dist\default\production\libi2c.X.a(read.o)
 .debug_line    0x00000ca3      0x110 ..\libi2c.X\dist\default\production\libi2c.X.a(_stop.o)
 .debug_line    0x00000db3      0x116 ..\libi2c.X\dist\default\production\libi2c.X.a(_start.o)
 .debug_line    0x00000ec9      0x16c ..\libi2c.X\dist\default\production\libi2c.X.a(_send.o)
 .debug_line    0x00001035      0x122 ..\libserial.X\dist\default\production\libserial.X.a(begin.o)
 .debug_line    0x00001157       0xd8 ..\libserial.X\dist\default\production\libserial.X.a(getstr.o)
 .debug_line    0x0000122f       0xc7 ..\libserial.X\dist\default\production\libserial.X.a(delay.o)
 .debug_line    0x000012f6      0x118 ..\libserial.X\dist\default\production\libserial.X.a(getchr.o)
 .debug_line    0x0000140e      0x108 ..\libserial.X\dist\default\production\libserial.X.a(display_clock.o)
 .debug_line    0x00001516       0xc5 ..\libserial.X\dist\default\production\libserial.X.a(putstr.o)
 .debug_line    0x000015db      0x115 ..\libserial.X\dist\default\production\libserial.X.a(available.o)
 .debug_line    0x000016f0      0x115 ..\libserial.X\dist\default\production\libserial.X.a(putchr.o)
 .debug_line    0x00001805      0x13d ..\Nouveau\liblcd.X\dist\default\production\liblcd.X.a(begin.o)
 .debug_line    0x00001942       0xd7 ..\Nouveau\liblcd.X\dist\default\production\liblcd.X.a(display.o)
 .debug_line    0x00001a19      0x118 ..\Nouveau\liblcd.X\dist\default\production\liblcd.X.a(light.o)
 .debug_line    0x00001b31       0xd1 ..\Nouveau\liblcd.X\dist\default\production\liblcd.X.a(clear.o)
 .debug_line    0x00001c02       0xd0 ..\Nouveau\liblcd.X\dist\default\production\liblcd.X.a(home.o)
 .debug_line    0x00001cd2       0xde ..\Nouveau\liblcd.X\dist\default\production\liblcd.X.a(putstr.o)
 .debug_line    0x00001db0      0x130 ..\Nouveau\liblcd.X\dist\default\production\liblcd.X.a(send.o)
 .debug_line    0x00001ee0       0xd2 ..\Nouveau\liblcd.X\dist\default\production\liblcd.X.a(putchr.o)
 .debug_line    0x00001fb2       0xd7 ..\Nouveau\liblcd.X\dist\default\production\liblcd.X.a(move.o)
 .debug_line    0x00002089       0xcb ..\Nouveau\liblcd.X\dist\default\production\liblcd.X.a(pulse.o)
 .debug_line    0x00002154       0xc6 ..\Nouveau\liblcd.X\dist\default\production\liblcd.X.a(command.o)
 .debug_line    0x0000221a       0x62 c:/program files (x86)/microchip/xc32/v1.34/bin/bin/../../lib/gcc/pic32mx/4.5.2/../../../../pic32mx/lib\libmchp_peripheral_32MX340F512H.a(pcache.o)
 .debug_line    0x0000227c       0x73 c:/program files (x86)/microchip/xc32/v1.34/bin/bin/../../lib/gcc/pic32mx/4.5.2/../../../../pic32mx/lib\libmchp_peripheral_32MX340F512H.a(int_disable_interrupts_lib.o)
 .debug_line    0x000022ef       0x73 c:/program files (x86)/microchip/xc32/v1.34/bin/bin/../../lib/gcc/pic32mx/4.5.2/../../../../pic32mx/lib\libmchp_peripheral_32MX340F512H.a(int_restore_interrupts_lib.o)
 .debug_line    0x00002362       0x6b c:/program files (x86)/microchip/xc32/v1.34/bin/bin/../../lib/gcc/pic32mx/4.5.2/../../../../pic32mx/lib\libmchp_peripheral_32MX340F512H.a(I2CAcknowledgeByte.o)
 .debug_line    0x000023cd       0x65 c:/program files (x86)/microchip/xc32/v1.34/bin/bin/../../lib/gcc/pic32mx/4.5.2/../../../../pic32mx/lib\libmchp_peripheral_32MX340F512H.a(I2CBusIsIdle.o)
 .debug_line    0x00002432       0x6f c:/program files (x86)/microchip/xc32/v1.34/bin/bin/../../lib/gcc/pic32mx/4.5.2/../../../../pic32mx/lib\libmchp_peripheral_32MX340F512H.a(I2CByteWasAcknowledged.o)
 .debug_line    0x000024a1       0x62 c:/program files (x86)/microchip/xc32/v1.34/bin/bin/../../lib/gcc/pic32mx/4.5.2/../../../../pic32mx/lib\libmchp_peripheral_32MX340F512H.a(I2CEnable.o)
 .debug_line    0x00002503       0x63 c:/program files (x86)/microchip/xc32/v1.34/bin/bin/../../lib/gcc/pic32mx/4.5.2/../../../../pic32mx/lib\libmchp_peripheral_32MX340F512H.a(I2CGetByte.o)
 .debug_line    0x00002566       0x73 c:/program files (x86)/microchip/xc32/v1.34/bin/bin/../../lib/gcc/pic32mx/4.5.2/../../../../pic32mx/lib\libmchp_peripheral_32MX340F512H.a(I2CReceivedDataIsAvailable.o)
 .debug_line    0x000025d9       0x6a c:/program files (x86)/microchip/xc32/v1.34/bin/bin/../../lib/gcc/pic32mx/4.5.2/../../../../pic32mx/lib\libmchp_peripheral_32MX340F512H.a(I2CReceiverEnable.o)
 .debug_line    0x00002643       0x67 c:/program files (x86)/microchip/xc32/v1.34/bin/bin/../../lib/gcc/pic32mx/4.5.2/../../../../pic32mx/lib\libmchp_peripheral_32MX340F512H.a(I2CRepeatStart.o)
 .debug_line    0x000026aa       0x64 c:/program files (x86)/microchip/xc32/v1.34/bin/bin/../../lib/gcc/pic32mx/4.5.2/../../../../pic32mx/lib\libmchp_peripheral_32MX340F512H.a(I2CSendByte.o)
 .debug_line    0x0000270e       0x68 c:/program files (x86)/microchip/xc32/v1.34/bin/bin/../../lib/gcc/pic32mx/4.5.2/../../../../pic32mx/lib\libmchp_peripheral_32MX340F512H.a(I2CSetFrequency.o)
 .debug_line    0x00002776       0x61 c:/program files (x86)/microchip/xc32/v1.34/bin/bin/../../lib/gcc/pic32mx/4.5.2/../../../../pic32mx/lib\libmchp_peripheral_32MX340F512H.a(I2CStart.o)
 .debug_line    0x000027d7       0x60 c:/program files (x86)/microchip/xc32/v1.34/bin/bin/../../lib/gcc/pic32mx/4.5.2/../../../../pic32mx/lib\libmchp_peripheral_32MX340F512H.a(I2CStop.o)
 .debug_line    0x00002837       0x74 c:/program files (x86)/microchip/xc32/v1.34/bin/bin/../../lib/gcc/pic32mx/4.5.2/../../../../pic32mx/lib\libmchp_peripheral_32MX340F512H.a(I2CTransmissionHasCompleted.o)
 .debug_line    0x000028ab       0x6e c:/program files (x86)/microchip/xc32/v1.34/bin/bin/../../lib/gcc/pic32mx/4.5.2/../../../../pic32mx/lib\libmchp_peripheral_32MX340F512H.a(I2CTransmitterIsReady.o)
 .debug_line    0x00002919        0x0 c:/program files (x86)/microchip/xc32/v1.34/bin/bin/../../lib/gcc/pic32mx/4.5.2/../../../../pic32mx/lib\libmchp_peripheral_32MX340F512H.a(I2CPrivate.o)
 .debug_line    0x00002919       0x97 c:/program files (x86)/microchip/xc32/v1.34/bin/bin/../../lib/gcc/pic32mx/4.5.2/../../../../pic32mx/lib\libpic32.a(default-bootstrap-exception-handler.o)
 .debug_line    0x000029b0       0x84 c:/program files (x86)/microchip/xc32/v1.34/bin/bin/../../lib/gcc/pic32mx/4.5.2/../../../../pic32mx/lib\libpic32.a(default-on-reset.o)
 .debug_line    0x00002a34       0x88 c:/program files (x86)/microchip/xc32/v1.34/bin/bin/../../lib/gcc/pic32mx/4.5.2/../../../../pic32mx/lib\libpic32.a(default-on-bootstrap.o)
 .debug_line    0x00002abc       0x95 c:/program files (x86)/microchip/xc32/v1.34/bin/bin/../../lib/gcc/pic32mx/4.5.2/../../../../pic32mx/lib\libpic32.a(default-general-exception-handler.o)
 .debug_line    0x00002b51       0x96 c:/program files (x86)/microchip/xc32/v1.34/bin/bin/../../lib/gcc/pic32mx/4.5.2/../../../../pic32mx/lib\libpic32.a(defaultinterrupt.o)
 .debug_line    0x00002be7       0x6e c:/program files (x86)/microchip/xc32/v1.34/bin/bin/../../lib/gcc/pic32mx/4.5.2/../../../../pic32mx/lib\libc.a(atoi.o)
 .debug_line    0x00002c55        0x0 c:/program files (x86)/microchip/xc32/v1.34/bin/bin/../../lib/gcc/pic32mx/4.5.2/../../../../pic32mx/lib\libc.a(ctype.o)

.debug_frame    0x00000000      0x9d4
 *(.debug_frame)
 .debug_frame   0x00000000      0x1b8 build/default/production/main.o
 .debug_frame   0x000001b8       0x2c ..\libneopixels.X\dist\default\production\libneopixels.X.a(show.o)
 .debug_frame   0x000001e4       0x2c ..\libneopixels.X\dist\default\production\libneopixels.X.a(set.o)
 .debug_frame   0x00000210       0x2c ..\libneopixels.X\dist\default\production\libneopixels.X.a(clear.o)
 .debug_frame   0x0000023c       0x2c ..\libneopixels.X\dist\default\production\libneopixels.X.a(begin.o)
 .debug_frame   0x00000268       0x2c ..\libi2c.X\dist\default\production\libi2c.X.a(enable.o)
 .debug_frame   0x00000294       0x2c ..\libi2c.X\dist\default\production\libi2c.X.a(write.o)
 .debug_frame   0x000002c0       0x2c ..\libi2c.X\dist\default\production\libi2c.X.a(read.o)
 .debug_frame   0x000002ec       0x2c ..\libi2c.X\dist\default\production\libi2c.X.a(_stop.o)
 .debug_frame   0x00000318       0x2c ..\libi2c.X\dist\default\production\libi2c.X.a(_start.o)
 .debug_frame   0x00000344       0x2c ..\libi2c.X\dist\default\production\libi2c.X.a(_send.o)
 .debug_frame   0x00000370       0x2c ..\libserial.X\dist\default\production\libserial.X.a(begin.o)