Archive member included because of file (symbol)

..\libneopixels.X\dist\default\debug\libneopixels.X.a(show.o)
                              build/default/debug/main.o (libneopixels_show)
..\libneopixels.X\dist\default\debug\libneopixels.X.a(set.o)
                              build/default/debug/main.o (libneopixels_set)
..\libneopixels.X\dist\default\debug\libneopixels.X.a(clear.o)
                              build/default/debug/main.o (libneopixels_clear)
..\libneopixels.X\dist\default\debug\libneopixels.X.a(begin.o)
                              ..\libneopixels.X\dist\default\debug\libneopixels.X.a(show.o) (_leds)
..\libi2c.X\dist\default\debug\libi2c.X.a(enable.o)
                              build/default/debug/main.o (libi2c_enable)
..\libi2c.X\dist\default\debug\libi2c.X.a(write.o)
                              build/default/debug/main.o (libi2c_write)
..\libi2c.X\dist\default\debug\libi2c.X.a(read.o)
                              build/default/debug/main.o (libi2c_read)
..\libi2c.X\dist\default\debug\libi2c.X.a(_stop.o)
                              ..\libi2c.X\dist\default\debug\libi2c.X.a(write.o) (_libi2c_stop)
..\libi2c.X\dist\default\debug\libi2c.X.a(_start.o)
                              ..\libi2c.X\dist\default\debug\libi2c.X.a(write.o) (_libi2c_start)
..\libi2c.X\dist\default\debug\libi2c.X.a(_send.o)
                              ..\libi2c.X\dist\default\debug\libi2c.X.a(write.o) (_libi2c_send)
..\liblcd.X\dist\default\debug\liblcd.X.a(LCD_begin.o)
                              build/default/debug/main.o (LCD_begin)
..\liblcd.X\dist\default\debug\liblcd.X.a(LCD_clear.o)
                              ..\liblcd.X\dist\default\debug\liblcd.X.a(LCD_begin.o) (LCD_clear)
..\liblcd.X\dist\default\debug\liblcd.X.a(LCD_command.o)
                              ..\liblcd.X\dist\default\debug\liblcd.X.a(LCD_clear.o) (LCD_command)
..\liblcd.X\dist\default\debug\liblcd.X.a(LCD_display.o)
                              ..\liblcd.X\dist\default\debug\liblcd.X.a(LCD_begin.o) (LCD_display)
..\liblcd.X\dist\default\debug\liblcd.X.a(LCD_display_clock.o)
                              build/default/debug/main.o (LCD_display_clock)
..\liblcd.X\dist\default\debug\liblcd.X.a(LCD_home.o)
                              ..\liblcd.X\dist\default\debug\liblcd.X.a(LCD_begin.o) (LCD_home)
..\liblcd.X\dist\default\debug\liblcd.X.a(LCD_Light.o)
                              build/default/debug/main.o (LCD_Light)
..\liblcd.X\dist\default\debug\liblcd.X.a(LCD_pin_reset.o)
                              ..\liblcd.X\dist\default\debug\liblcd.X.a(LCD_begin.o) (LCD_pin_reset)
..\liblcd.X\dist\default\debug\liblcd.X.a(LCD_putchar.o)
                              ..\liblcd.X\dist\default\debug\liblcd.X.a(LCD_display_clock.o) (LCD_putchar)
..\liblcd.X\dist\default\debug\liblcd.X.a(LCD_putstr.o)
                              ..\liblcd.X\dist\default\debug\liblcd.X.a(LCD_display_clock.o) (LCD_putstr)
..\liblcd.X\dist\default\debug\liblcd.X.a(LCD_putstrPos.o)
                              build/default/debug/main.o (LCD_putstrPos)
..\liblcd.X\dist\default\debug\liblcd.X.a(LCD_send.o)
                              ..\liblcd.X\dist\default\debug\liblcd.X.a(LCD_begin.o) (LCD_send)
..\liblcd.X\dist\default\debug\liblcd.X.a(LCD_setCursor.o)
                              build/default/debug/main.o (LCD_setCursor)
..\liblcd.X\dist\default\debug\liblcd.X.a(delay_micros.o)
                              ..\liblcd.X\dist\default\debug\liblcd.X.a(LCD_begin.o) (delay_micros)
..\liblcd.X\dist\default\debug\liblcd.X.a(LCD_pulseE.o)
                              ..\liblcd.X\dist\default\debug\liblcd.X.a(LCD_send.o) (LCD_pulseE)
..\libserial.X\dist\default\debug\libserial.X.a(begin.o)
                              build/default/debug/main.o (libserial_begin)
..\libserial.X\dist\default\debug\libserial.X.a(getstr.o)
                              build/default/debug/main.o (libserial_getstr)
..\libserial.X\dist\default\debug\libserial.X.a(getchr.o)
                              ..\libserial.X\dist\default\debug\libserial.X.a(getstr.o) (libserial_getchr)
..\libserial.X\dist\default\debug\libserial.X.a(display_clock.o)
                              build/default/debug/main.o (libserial_display_clock)
..\libserial.X\dist\default\debug\libserial.X.a(putstr.o)
                              ..\libserial.X\dist\default\debug\libserial.X.a(display_clock.o) (libserial_putstr)
..\libserial.X\dist\default\debug\libserial.X.a(available.o)
                              ..\libserial.X\dist\default\debug\libserial.X.a(getstr.o) (libserial_available)
..\libserial.X\dist\default\debug\libserial.X.a(putchr.o)
                              ..\libserial.X\dist\default\debug\libserial.X.a(display_clock.o) (libserial_putchr)
c:/program files (x86)/microchip/xc32/v1.34/bin/bin/../../lib/gcc/pic32mx/4.5.2/../../../../pic32mx/lib\libmchp_peripheral_32MX340F512H.a(pcache.o)
[...]
Memory Configuration

Name             Origin             Length             Attributes
kseg0_data_mem   0x80000000         0x00000200
kseg1_data_mem   0xa0000000         0x00008000         w !x
kseg0_boot_mem   0x9fc00490         0x00000970
kseg1_boot_mem   0xbfc00000         0x00000490
kseg0_program_mem 0x9d000000         0x00080000         xr
exception_mem    0x9fc01000         0x00001000
debug_exec_mem   0xbfc02000         0x00000ff0
config3          0xbfc02ff0         0x00000004
config2          0xbfc02ff4         0x00000004
config1          0xbfc02ff8         0x00000004
config0          0xbfc02ffc         0x00000004
sfrs             0xbf800000         0x00100000
configsfrs       0xbfc02ff0         0x00000010
*default*        0x00000000         0xffffffff

Linker script and memory map


reserve_data_0_kseg0
                0x80000000      0x200
                0x80000000        0x2 SHORT 0x0
                0x000001fd                . = 0x1fd
 *fill*         0x80000002      0x1fb 
                0x80000200                . = ALIGN (0x4)
 *fill*         0x800001fd        0x3 

reserve_data_0_kseg1
                0xa0000000      0x200
                0xa0000000        0x2 SHORT 0x0
                0x000001fd                . = 0x1fd
 *fill*         0xa0000002      0x1fb 
                0xa0000200                . = ALIGN (0x4)
 *fill*         0xa00001fd        0x3 

reserve_boot_0x1fc02000_kseg0
                0x9fc02000      0xff0
                0x9fc02000        0x2 SHORT 0x0
                0x00000500                . = 0x500
 *fill*         0x9fc02002      0x4fe 
                0x9fc02500                . = ALIGN (0x4)
                0x9fc02500        0x2 SHORT 0x0
                0x00000ff0                . = 0xff0
 *fill*         0x9fc02502      0xaee 
                0x9fc02ff0                . = ALIGN (0x4)

reserve_boot_0x1fc02000_kseg1
                0xbfc02000      0xff0
                0xbfc02000        0x2 SHORT 0x0
                0x00000500                . = 0x500
 *fill*         0xbfc02002      0x4fe 
                0xbfc02500                . = ALIGN (0x4)
                0xbfc02500        0x2 SHORT 0x0
                0x00000ff0                . = 0xff0
 *fill*         0xbfc02502      0xaee 
                0xbfc02ff0                . = ALIGN (0x4)
LOAD c:/program files (x86)/microchip/xc32/v1.34/bin/bin/../../lib/gcc/pic32mx/4.5.2/../../../../pic32mx/lib/./proc/32MX340F512H/crt0_mips32r2.o
LOAD c:/program files (x86)/microchip/xc32/v1.34/bin/bin/../../lib/gcc/pic32mx/4.5.2/../../../../pic32mx/lib\software-debug-break.o
LOAD build/default/debug/main.o
LOAD ..\libneopixels.X\dist\default\debug\libneopixels.X.a
LOAD ..\libi2c.X\dist\default\debug\libi2c.X.a
LOAD ..\liblcd.X\dist\default\debug\liblcd.X.a
LOAD ..\libserial.X\dist\default\debug\libserial.X.a
                0x00000001                __MPLAB_BUILD = 0x1
                0x00000001                __MPLAB_DEBUG = 0x1
                0x00000001                __DEBUG = 0x1
                0x00000001                __MPLAB_DEBUGGER_ICD3 = 0x1
LOAD c:/program files (x86)/microchip/xc32/v1.34/bin/bin/../../lib/gcc/pic32mx/4.5.2/../../../../pic32mx/lib/./proc/32MX340F512H\default_isr_vectors.o
LOAD c:/program files (x86)/microchip/xc32/v1.34/bin/bin/../../lib/gcc/pic32mx/4.5.2/../../../../pic32mx/lib\pic32_software_reset.o
                0x00000400                PROVIDE (_min_stack_size, 0x400)
LOAD c:/program files (x86)/microchip/xc32/v1.34/bin/bin/../../lib/gcc/pic32mx/4.5.2/../../../../pic32mx/lib/./proc/32MX340F512H\processor.o
START GROUP
LOAD c:/program files (x86)/microchip/xc32/v1.34/bin/bin/../../lib/gcc/pic32mx/4.5.2/../../../../pic32mx/lib\libmchp_peripheral.a
END GROUP
START GROUP
LOAD c:/program files (x86)/microchip/xc32/v1.34/bin/bin/../../lib/gcc/pic32mx/4.5.2/../../../../pic32mx/lib\libmchp_peripheral_32MX340F512H.a
END GROUP
                0x00000001                PROVIDE (_vector_spacing, 0x1)
                0x9fc01000                _ebase_address = 0x9fc01000
                0xbfc00000                _RESET_ADDR = 0xbfc00000
                0xbfc00380                _BEV_EXCPT_ADDR = 0xbfc00380
                0xbfc00480                _DBG_EXCPT_ADDR = 0xbfc00480
                0xbfc02000                _DBG_CODE_ADDR = 0xbfc02000
                0x00000ff0                _DBG_CODE_SIZE = 0xff0
                0x9fc01180                _GEN_EXCPT_ADDR = (_ebase_address + 0x180)

.config_BFC02FF0
 *(.config_BFC02FF0)

.config_BFC02FF4
                0xbfc02ff4        0x4
 *(.config_BFC02FF4)
 .config_BFC02FF4
                0xbfc02ff4        0x4 build/default/debug/main.o

.config_BFC02FF8
                0xbfc02ff8        0x4
 *(.config_BFC02FF8)
 .config_BFC02FF8
                0xbfc02ff8        0x4 build/default/debug/main.o

.config_BFC02FFC
                0xbfc02ffc        0x4
 *(.config_BFC02FFC)
 .config_BFC02FFC
                0xbfc02ffc        0x4 build/default/debug/main.o
                0xbfc02000                PROVIDE (_DBG_CODE_ADDR, 0xbfc02000)
                0x00000ff0                PROVIDE (_DBG_CODE_SIZE, 0xff0)

.reset          0xbfc00000      0x1f0
 *(.reset)
 .reset         0xbfc00000        0x8 c:/program files (x86)/microchip/xc32/v1.34/bin/bin/../../lib/gcc/pic32mx/4.5.2/../../../../pic32mx/lib/./proc/32MX340F512H/crt0_mips32r2.o
                0xbfc00000                _reset
 *(.reset.startup)
 .reset.startup
                0xbfc00008      0x1e8 c:/program files (x86)/microchip/xc32/v1.34/bin/bin/../../lib/gcc/pic32mx/4.5.2/../../../../pic32mx/lib/./proc/32MX340F512H/crt0_mips32r2.o

.bev_excpt      0xbfc00380       0x10
 *(.bev_handler)
 .bev_handler   0xbfc00380       0x10 c:/program files (x86)/microchip/xc32/v1.34/bin/bin/../../lib/gcc/pic32mx/4.5.2/../../../../pic32mx/lib/./proc/32MX340F512H/crt0_mips32r2.o

.dbg_excpt      0xbfc00480        0x0
                0xbfc00480                . = (. + DEFINED (_DEBUGGER)?0x8:0x0)

.dbg_code       0xbfc02000        0x0
                0xbfc02000                . = (. + DEFINED (_DEBUGGER)?_DBG_CODE_SIZE:0x0)

.app_excpt      0x9fc01180       0x10
 *(.gen_handler)
 .gen_handler   0x9fc01180       0x10 c:/program files (x86)/microchip/xc32/v1.34/bin/bin/../../lib/gcc/pic32mx/4.5.2/../../../../pic32mx/lib/./proc/32MX340F512H/crt0_mips32r2.o

.vector_0       0x9fc01200        0x8
 *(.vector_0)
 .vector_0      0x9fc01200        0x8 c:/program files (x86)/microchip/xc32/v1.34/bin/bin/../../lib/gcc/pic32mx/4.5.2/../../../../pic32mx/lib\libpic32.a(vector0.o)
                0x9fc01200                __vector_dispatch_0
                0x00000001                ASSERT (((_vector_spacing == 0x0) || (SIZEOF (.vector_0) <= (_vector_spacing << 0x5))), function at exception vector 0 too large)

.vector_1       0x9fc01220        0x8
 *(.vector_1)
 .vector_1      0x9fc01220        0x8 c:/program files (x86)/microchip/xc32/v1.34/bin/bin/../../lib/gcc/pic32mx/4.5.2/../../../../pic32mx/lib\libpic32.a(vector1.o)
                0x9fc01220                __vector_dispatch_1
                0x00000001                ASSERT (((_vector_spacing == 0x0) || (SIZEOF (.vector_1) <= (_vector_spacing << 0x5))), function at exception vector 1 too large)

.vector_2       0x9fc01240        0x8
 *(.vector_2)
 .vector_2      0x9fc01240        0x8 c:/program files (x86)/microchip/xc32/v1.34/bin/bin/../../lib/gcc/pic32mx/4.5.2/../../../../pic32mx/lib\libpic32.a(vector2.o)
                0x9fc01240                __vector_dispatch_2
                0x00000001                ASSERT (((_vector_spacing == 0x0) || (SIZEOF (.vector_2) <= (_vector_spacing << 0x5))), function at exception vector 2 too large)

.vector_3       0x9fc01260        0x8
 *(.vector_3)
 .vector_3      0x9fc01260        0x8 build/default/debug/main.o
                0x9fc01260                __vector_dispatch_3
                0x00000001                ASSERT (((_vector_spacing == 0x0) || (SIZEOF (.vector_3) <= (_vector_spacing << 0x5))), function at exception vector 3 too large)

.vector_4       0x9fc01280        0x8
 *(.vector_4)
 .vector_4      0x9fc01280        0x8 build/default/debug/main.o
                0x9fc01280                __vector_dispatch_4
                0x00000001                ASSERT (((_vector_spacing == 0x0) || (SIZEOF (.vector_4) <= (_vector_spacing << 0x5))), function at exception vector 4 too large)

.vector_5       0x9fc012a0        0x8
 *(.vector_5)
 .vector_5      0x9fc012a0        0x8 c:/program files (x86)/microchip/xc32/v1.34/bin/bin/../../lib/gcc/pic32mx/4.5.2/../../../../pic32mx/lib\libpic32.a(vector5.o)
                0x9fc012a0                __vector_dispatch_5
                0x00000001                ASSERT (((_vector_spacing == 0x0) || (SIZEOF (.vector_5) <= (_vector_spacing << 0x5))), function at exception vector 5 too large)

.vector_6       0x9fc012c0        0x8
 *(.vector_6)
 .vector_6      0x9fc012c0        0x8 c:/program files (x86)/microchip/xc32/v1.34/bin/bin/../../lib/gcc/pic32mx/4.5.2/../../../../pic32mx/lib\libpic32.a(vector6.o)
                0x9fc012c0                __vector_dispatch_6
                0x00000001                ASSERT (((_vector_spacing == 0x0) || (SIZEOF (.vector_6) <= (_vector_spacing << 0x5))), function at exception vector 6 too large)

.vector_7       0x9fc012e0        0x8
 *(.vector_7)
 .vector_7      0x9fc012e0        0x8 c:/program files (x86)/microchip/xc32/v1.34/bin/bin/../../lib/gcc/pic32mx/4.5.2/../../../../pic32mx/lib\libpic32.a(vector7.o)
                0x9fc012e0                __vector_dispatch_7
                0x00000001                ASSERT (((_vector_spacing == 0x0) || (SIZEOF (.vector_7) <= (_vector_spacing << 0x5))), function at exception vector 7 too large)

.vector_8       0x9fc01300        0x8
 *(.vector_8)
 .vector_8      0x9fc01300        0x8 c:/program files (x86)/microchip/xc32/v1.34/bin/bin/../../lib/gcc/pic32mx/4.5.2/../../../../pic32mx/lib\libpic32.a(vector8.o)
                0x9fc01300                __vector_dispatch_8
                0x00000001                ASSERT (((_vector_spacing == 0x0) || (SIZEOF (.vector_8) <= (_vector_spacing << 0x5))), function at exception vector 8 too large)

.vector_9       0x9fc01320        0x8
 *(.vector_9)
 .vector_9      0x9fc01320        0x8 c:/program files (x86)/microchip/xc32/v1.34/bin/bin/../../lib/gcc/pic32mx/4.5.2/../../../../pic32mx/lib\libpic32.a(vector9.o)
                0x9fc01320                __vector_dispatch_9
                0x00000001                ASSERT (((_vector_spacing == 0x0) || (SIZEOF (.vector_9) <= (_vector_spacing << 0x5))), function at exception vector 9 too large)

.vector_10      0x9fc01340        0x8
 *(.vector_10)
 .vector_10     0x9fc01340        0x8 c:/program files (x86)/microchip/xc32/v1.34/bin/bin/../../lib/gcc/pic32mx/4.5.2/../../../../pic32mx/lib\libpic32.a(vector10.o)
                0x9fc01340                __vector_dispatch_10
                0x00000001                ASSERT (((_vector_spacing == 0x0) || (SIZEOF (.vector_10) <= (_vector_spacing << 0x5))), function at exception vector 10 too large)

.vector_11      0x9fc01360        0x8
 *(.vector_11)
 .vector_11     0x9fc01360        0x8 c:/program files (x86)/microchip/xc32/v1.34/bin/bin/../../lib/gcc/pic32mx/4.5.2/../../../../pic32mx/lib\libpic32.a(vector11.o)
                0x9fc01360                __vector_dispatch_11
                0x00000001                ASSERT (((_vector_spacing == 0x0) || (SIZEOF (.vector_11) <= (_vector_spacing << 0x5))), function at exception vector 11 too large)

.vector_12      0x9fc01380        0x8
 *(.vector_12)
 .vector_12     0x9fc01380        0x8 c:/program files (x86)/microchip/xc32/v1.34/bin/bin/../../lib/gcc/pic32mx/4.5.2/../../../../pic32mx/lib\libpic32.a(vector12.o)
                0x9fc01380                __vector_dispatch_12
                0x00000001                ASSERT (((_vector_spacing == 0x0) || (SIZEOF (.vector_12) <= (_vector_spacing << 0x5))), function at exception vector 12 too large)

.vector_13      0x9fc013a0        0x8
 *(.vector_13)
 .vector_13     0x9fc013a0        0x8 c:/program files (x86)/microchip/xc32/v1.34/bin/bin/../../lib/gcc/pic32mx/4.5.2/../../../../pic32mx/lib\libpic32.a(vector13.o)
                0x9fc013a0                __vector_dispatch_13
                0x00000001                ASSERT (((_vector_spacing == 0x0) || (SIZEOF (.vector_13) <= (_vector_spacing << 0x5))), function at exception vector 13 too large)

.vector_14      0x9fc013c0        0x8
 *(.vector_14)
 .vector_14     0x9fc013c0        0x8 c:/program files (x86)/microchip/xc32/v1.34/bin/bin/../../lib/gcc/pic32mx/4.5.2/../../../../pic32mx/lib\libpic32.a(vector14.o)
                0x9fc013c0                __vector_dispatch_14
                0x00000001                ASSERT (((_vector_spacing == 0x0) || (SIZEOF (.vector_14) <= (_vector_spacing << 0x5))), function at exception vector 14 too large)

.vector_15      0x9fc013e0        0x8
 *(.vector_15)
 .vector_15     0x9fc013e0        0x8 c:/program files (x86)/microchip/xc32/v1.34/bin/bin/../../lib/gcc/pic32mx/4.5.2/../../../../pic32mx/lib\libpic32.a(vector15.o)
                0x9fc013e0                __vector_dispatch_15
                0x00000001                ASSERT (((_vector_spacing == 0x0) || (SIZEOF (.vector_15) <= (_vector_spacing << 0x5))), function at exception vector 15 too large)

.vector_16      0x9fc01400        0x8
 *(.vector_16)
 .vector_16     0x9fc01400        0x8 c:/program files (x86)/microchip/xc32/v1.34/bin/bin/../../lib/gcc/pic32mx/4.5.2/../../../../pic32mx/lib\libpic32.a(vector16.o)
                0x9fc01400                __vector_dispatch_16
                0x00000001                ASSERT (((_vector_spacing == 0x0) || (SIZEOF (.vector_16) <= (_vector_spacing << 0x5))), function at exception vector 16 too large)

.vector_17      0x9fc01420        0x8
 *(.vector_17)
 .vector_17     0x9fc01420        0x8 c:/program files (x86)/microchip/xc32/v1.34/bin/bin/../../lib/gcc/pic32mx/4.5.2/../../../../pic32mx/lib\libpic32.a(vector17.o)
                0x9fc01420                __vector_dispatch_17
                0x00000001                ASSERT (((_vector_spacing == 0x0) || (SIZEOF (.vector_17) <= (_vector_spacing << 0x5))), function at exception vector 17 too large)

.vector_18      0x9fc01440        0x8
 *(.vector_18)
 .vector_18     0x9fc01440        0x8 c:/program files (x86)/microchip/xc32/v1.34/bin/bin/../../lib/gcc/pic32mx/4.5.2/../../../../pic32mx/lib\libpic32.a(vector18.o)
                0x9fc01440                __vector_dispatch_18
                0x00000001                ASSERT (((_vector_spacing == 0x0) || (SIZEOF (.vector_18) <= (_vector_spacing << 0x5))), function at exception vector 18 too large)

.vector_19      0x9fc01460        0x8
 *(.vector_19)
 .vector_19     0x9fc01460        0x8 c:/program files (x86)/microchip/xc32/v1.34/bin/bin/../../lib/gcc/pic32mx/4.5.2/../../../../pic32mx/lib\libpic32.a(vector19.o)
                0x9fc01460                __vector_dispatch_19
                0x00000001                ASSERT (((_vector_spacing == 0x0) || (SIZEOF (.vector_19) <= (_vector_spacing << 0x5))), function at exception vector 19 too large)

.vector_20      0x9fc01480        0x8
 *(.vector_20)
 .vector_20     0x9fc01480        0x8 c:/program files (x86)/microchip/xc32/v1.34/bin/bin/../../lib/gcc/pic32mx/4.5.2/../../../../pic32mx/lib\libpic32.a(vector20.o)
                0x9fc01480                __vector_dispatch_20
                0x00000001                ASSERT (((_vector_spacing == 0x0) || (SIZEOF (.vector_20) <= (_vector_spacing << 0x5))), function at exception vector 20 too large)

.vector_21      0x9fc014a0        0x8
 *(.vector_21)
 .vector_21     0x9fc014a0        0x8 c:/program files (x86)/microchip/xc32/v1.34/bin/bin/../../lib/gcc/pic32mx/4.5.2/../../../../pic32mx/lib\libpic32.a(vector21.o)
                0x9fc014a0                __vector_dispatch_21
                0x00000001                ASSERT (((_vector_spacing == 0x0) || (SIZEOF (.vector_21) <= (_vector_spacing << 0x5))), function at exception vector 21 too large)

.vector_22      0x9fc014c0        0x8
 *(.vector_22)
 .vector_22     0x9fc014c0        0x8 c:/program files (x86)/microchip/xc32/v1.34/bin/bin/../../lib/gcc/pic32mx/4.5.2/../../../../pic32mx/lib\libpic32.a(vector22.o)
                0x9fc014c0                __vector_dispatch_22
                0x00000001                ASSERT (((_vector_spacing == 0x0) || (SIZEOF (.vector_22) <= (_vector_spacing << 0x5))), function at exception vector 22 too large)

.vector_23      0x9fc014e0        0x8
 *(.vector_23)
 .vector_23     0x9fc014e0        0x8 c:/program files (x86)/microchip/xc32/v1.34/bin/bin/../../lib/gcc/pic32mx/4.5.2/../../../../pic32mx/lib\libpic32.a(vector23.o)
                0x9fc014e0                __vector_dispatch_23
                0x00000001                ASSERT (((_vector_spacing == 0x0) || (SIZEOF (.vector_23) <= (_vector_spacing << 0x5))), function at exception vector 23 too large)

.vector_24      0x9fc01500        0x8
 *(.vector_24)
 .vector_24     0x9fc01500        0x8 c:/program files (x86)/microchip/xc32/v1.34/bin/bin/../../lib/gcc/pic32mx/4.5.2/../../../../pic32mx/lib\libpic32.a(vector24.o)
                0x9fc01500                __vector_dispatch_24
                0x00000001                ASSERT (((_vector_spacing == 0x0) || (SIZEOF (.vector_24) <= (_vector_spacing << 0x5))), function at exception vector 24 too large)

.vector_25      0x9fc01520        0x8
 *(.vector_25)
 .vector_25     0x9fc01520        0x8 c:/program files (x86)/microchip/xc32/v1.34/bin/bin/../../lib/gcc/pic32mx/4.5.2/../../../../pic32mx/lib\libpic32.a(vector25.o)
                0x9fc01520                __vector_dispatch_25
                0x00000001                ASSERT (((_vector_spacing == 0x0) || (SIZEOF (.vector_25) <= (_vector_spacing << 0x5))), function at exception vector 25 too large)

.vector_26      0x9fc01540        0x8
 *(.vector_26)
 .vector_26     0x9fc01540        0x8 c:/program files (x86)/microchip/xc32/v1.34/bin/bin/../../lib/gcc/pic32mx/4.5.2/../../../../pic32mx/lib\libpic32.a(vector26.o)
                0x9fc01540                __vector_dispatch_26
                0x00000001                ASSERT (((_vector_spacing == 0x0) || (SIZEOF (.vector_26) <= (_vector_spacing << 0x5))), function at exception vector 26 too large)

.vector_27      0x9fc01560        0x8
 *(.vector_27)
 .vector_27     0x9fc01560        0x8 c:/program files (x86)/microchip/xc32/v1.34/bin/bin/../../lib/gcc/pic32mx/4.5.2/../../../../pic32mx/lib\libpic32.a(vector27.o)
                0x9fc01560                __vector_dispatch_27
                0x00000001                ASSERT (((_vector_spacing == 0x0) || (SIZEOF (.vector_27) <= (_vector_spacing << 0x5))), function at exception vector 27 too large)

.vector_28      0x9fc01580        0x8
 *(.vector_28)
 .vector_28     0x9fc01580        0x8 c:/program files (x86)/microchip/xc32/v1.34/bin/bin/../../lib/gcc/pic32mx/4.5.2/../../../../pic32mx/lib\libpic32.a(vector28.o)
                0x9fc01580                __vector_dispatch_28
                0x00000001                ASSERT (((_vector_spacing == 0x0) || (SIZEOF (.vector_28) <= (_vector_spacing << 0x5))), function at exception vector 28 too large)

.vector_29      0x9fc015a0        0x8
 *(.vector_29)
 .vector_29     0x9fc015a0        0x8 c:/program files (x86)/microchip/xc32/v1.34/bin/bin/../../lib/gcc/pic32mx/4.5.2/../../../../pic32mx/lib\libpic32.a(vector29.o)
                0x9fc015a0                __vector_dispatch_29
                0x00000001                ASSERT (((_vector_spacing == 0x0) || (SIZEOF (.vector_29) <= (_vector_spacing << 0x5))), function at exception vector 29 too large)

.vector_30      0x9fc015c0        0x8
 *(.vector_30)
 .vector_30     0x9fc015c0        0x8 c:/program files (x86)/microchip/xc32/v1.34/bin/bin/../../lib/gcc/pic32mx/4.5.2/../../../../pic32mx/lib\libpic32.a(vector30.o)
                0x9fc015c0                __vector_dispatch_30
                0x00000001                ASSERT (((_vector_spacing == 0x0) || (SIZEOF (.vector_30) <= (_vector_spacing << 0x5))), function at exception vector 30 too large)

.vector_31      0x9fc015e0        0x8
 *(.vector_31)
 .vector_31     0x9fc015e0        0x8 c:/program files (x86)/microchip/xc32/v1.34/bin/bin/../../lib/gcc/pic32mx/4.5.2/../../../../pic32mx/lib\libpic32.a(vector31.o)
                0x9fc015e0                __vector_dispatch_31
                0x00000001                ASSERT (((_vector_spacing == 0x0) || (SIZEOF (.vector_31) <= (_vector_spacing << 0x5))), function at exception vector 31 too large)

.vector_32      0x9fc01600        0x8
 *(.vector_32)
 .vector_32     0x9fc01600        0x8 c:/program files (x86)/microchip/xc32/v1.34/bin/bin/../../lib/gcc/pic32mx/4.5.2/../../../../pic32mx/lib\libpic32.a(vector32.o)
                0x9fc01600                __vector_dispatch_32
                0x00000001                ASSERT (((_vector_spacing == 0x0) || (SIZEOF (.vector_32) <= (_vector_spacing << 0x5))), function at exception vector 32 too large)

.vector_33      0x9fc01620        0x8
 *(.vector_33)
 .vector_33     0x9fc01620        0x8 c:/program files (x86)/microchip/xc32/v1.34/bin/bin/../../lib/gcc/pic32mx/4.5.2/../../../../pic32mx/lib\libpic32.a(vector33.o)
                0x9fc01620                __vector_dispatch_33
                0x00000001                ASSERT (((_vector_spacing == 0x0) || (SIZEOF (.vector_33) <= (_vector_spacing << 0x5))), function at exception vector 33 too large)

.vector_34      0x9fc01640        0x8
 *(.vector_34)
 .vector_34     0x9fc01640        0x8 c:/program files (x86)/microchip/xc32/v1.34/bin/bin/../../lib/gcc/pic32mx/4.5.2/../../../../pic32mx/lib\libpic32.a(vector34.o)
                0x9fc01640                __vector_dispatch_34
                0x00000001                ASSERT (((_vector_spacing == 0x0) || (SIZEOF (.vector_34) <= (_vector_spacing << 0x5))), function at exception vector 34 too large)

.vector_35      0x9fc01660        0x8
 *(.vector_35)
 .vector_35     0x9fc01660        0x8 c:/program files (x86)/microchip/xc32/v1.34/bin/bin/../../lib/gcc/pic32mx/4.5.2/../../../../pic32mx/lib\libpic32.a(vector35.o)
                0x9fc01660                __vector_dispatch_35
                0x00000001                ASSERT (((_vector_spacing == 0x0) || (SIZEOF (.vector_35) <= (_vector_spacing << 0x5))), function at exception vector 35 too large)

.vector_36      0x9fc01680        0x8
 *(.vector_36)
 .vector_36     0x9fc01680        0x8 c:/program files (x86)/microchip/xc32/v1.34/bin/bin/../../lib/gcc/pic32mx/4.5.2/../../../../pic32mx/lib\libpic32.a(vector36.o)
                0x9fc01680                __vector_dispatch_36
                0x00000001                ASSERT (((_vector_spacing == 0x0) || (SIZEOF (.vector_36) <= (_vector_spacing << 0x5))), function at exception vector 36 too large)

.vector_37      0x9fc016a0        0x8
 *(.vector_37)
 .vector_37     0x9fc016a0        0x8 c:/program files (x86)/microchip/xc32/v1.34/bin/bin/../../lib/gcc/pic32mx/4.5.2/../../../../pic32mx/lib\libpic32.a(vector37.o)
                0x9fc016a0                __vector_dispatch_37
                0x00000001                ASSERT (((_vector_spacing == 0x0) || (SIZEOF (.vector_37) <= (_vector_spacing << 0x5))), function at exception vector 37 too large)

.vector_38      0x9fc016c0        0x8
 *(.vector_38)
 .vector_38     0x9fc016c0        0x8 c:/program files (x86)/microchip/xc32/v1.34/bin/bin/../../lib/gcc/pic32mx/4.5.2/../../../../pic32mx/lib\libpic32.a(vector38.o)
                0x9fc016c0                __vector_dispatch_38
                0x00000001                ASSERT (((_vector_spacing == 0x0) || (SIZEOF (.vector_38) <= (_vector_spacing << 0x5))), function at exception vector 38 too large)

.vector_39      0x9fc016e0        0x8
 *(.vector_39)
 .vector_39     0x9fc016e0        0x8 c:/program files (x86)/microchip/xc32/v1.34/bin/bin/../../lib/gcc/pic32mx/4.5.2/../../../../pic32mx/lib\libpic32.a(vector39.o)
                0x9fc016e0                __vector_dispatch_39
                0x00000001                ASSERT (((_vector_spacing == 0x0) || (SIZEOF (.vector_39) <= (_vector_spacing << 0x5))), function at exception vector 39 too large)

.vector_40      0x9fc01700        0x8
 *(.vector_40)
 .vector_40     0x9fc01700        0x8 c:/program files (x86)/microchip/xc32/v1.34/bin/bin/../../lib/gcc/pic32mx/4.5.2/../../../../pic32mx/lib\libpic32.a(vector40.o)
                0x9fc01700                __vector_dispatch_40
                0x00000001                ASSERT (((_vector_spacing == 0x0) || (SIZEOF (.vector_40) <= (_vector_spacing << 0x5))), function at exception vector 40 too large)

.vector_41      0x9fc01720        0x8
 *(.vector_41)
 .vector_41     0x9fc01720        0x8 c:/program files (x86)/microchip/xc32/v1.34/bin/bin/../../lib/gcc/pic32mx/4.5.2/../../../../pic32mx/lib\libpic32.a(vector41.o)
                0x9fc01720                __vector_dispatch_41
                0x00000001                ASSERT (((_vector_spacing == 0x0) || (SIZEOF (.vector_41) <= (_vector_spacing << 0x5))), function at exception vector 41 too large)

.vector_42      0x9fc01740        0x8
 *(.vector_42)
 .vector_42     0x9fc01740        0x8 c:/program files (x86)/microchip/xc32/v1.34/bin/bin/../../lib/gcc/pic32mx/4.5.2/../../../../pic32mx/lib\libpic32.a(vector42.o)
                0x9fc01740                __vector_dispatch_42
                0x00000001                ASSERT (((_vector_spacing == 0x0) || (SIZEOF (.vector_42) <= (_vector_spacing << 0x5))), function at exception vector 42 too large)

.vector_43      0x9fc01760        0x8
 *(.vector_43)
 .vector_43     0x9fc01760        0x8 c:/program files (x86)/microchip/xc32/v1.34/bin/bin/../../lib/gcc/pic32mx/4.5.2/../../../../pic32mx/lib\libpic32.a(vector43.o)
                0x9fc01760                __vector_dispatch_43
                0x00000001                ASSERT (((_vector_spacing == 0x0) || (SIZEOF (.vector_43) <= (_vector_spacing << 0x5))), function at exception vector 43 too large)

.vector_44      0x9fc01780        0x8
 *(.vector_44)
 .vector_44     0x9fc01780        0x8 c:/program files (x86)/microchip/xc32/v1.34/bin/bin/../../lib/gcc/pic32mx/4.5.2/../../../../pic32mx/lib\libpic32.a(vector44.o)
                0x9fc01780                __vector_dispatch_44
                0x00000001                ASSERT (((_vector_spacing == 0x0) || (SIZEOF (.vector_44) <= (_vector_spacing << 0x5))), function at exception vector 44 too large)

.vector_45      0x9fc017a0        0x0
 *(.vector_45)
                0x00000001                ASSERT (((_vector_spacing == 0x0) || (SIZEOF (.vector_45) <= (_vector_spacing << 0x5))), function at exception vector 45 too large)

.vector_46      0x9fc017c0        0x0
 *(.vector_46)
                0x00000001                ASSERT (((_vector_spacing == 0x0) || (SIZEOF (.vector_46) <= (_vector_spacing << 0x5))), function at exception vector 46 too large)

.vector_47      0x9fc017e0        0x0
 *(.vector_47)
                0x00000001                ASSERT (((_vector_spacing == 0x0) || (SIZEOF (.vector_47) <= (_vector_spacing << 0x5))), function at exception vector 47 too large)

.vector_48      0x9fc01800        0x0
 *(.vector_48)
                0x00000001                ASSERT (((_vector_spacing == 0x0) || (SIZEOF (.vector_48) <= (_vector_spacing << 0x5))), function at exception vector 48 too large)

.vector_49      0x9fc01820        0x0
 *(.vector_49)
                0x00000001                ASSERT (((_vector_spacing == 0x0) || (SIZEOF (.vector_49) <= (_vector_spacing << 0x5))), function at exception vector 49 too large)

.vector_50      0x9fc01840        0x0
 *(.vector_50)
                0x00000001                ASSERT (((_vector_spacing == 0x0) || (SIZEOF (.vector_50) <= (_vector_spacing << 0x5))), function at exception vector 50 too large)

.vector_51      0x9fc01860        0x0
 *(.vector_51)
                0x00000001                ASSERT (((_vector_spacing == 0x0) || (SIZEOF (.vector_51) <= (_vector_spacing << 0x5))), function at exception vector 51 too large)

.vector_52      0x9fc01880        0x0
 *(.vector_52)
                0x00000001                ASSERT (((_vector_spacing == 0x0) || (SIZEOF (.vector_52) <= (_vector_spacing << 0x5))), function at exception vector 52 too large)

.vector_53      0x9fc018a0        0x0
 *(.vector_53)
                0x00000001                ASSERT (((_vector_spacing == 0x0) || (SIZEOF (.vector_53) <= (_vector_spacing << 0x5))), function at exception vector 53 too large)

.vector_54      0x9fc018c0        0x0
 *(.vector_54)
                0x00000001                ASSERT (((_vector_spacing == 0x0) || (SIZEOF (.vector_54) <= (_vector_spacing << 0x5))), function at exception vector 54 too large)

.vector_55      0x9fc018e0        0x0
 *(.vector_55)
                0x00000001                ASSERT (((_vector_spacing == 0x0) || (SIZEOF (.vector_55) <= (_vector_spacing << 0x5))), function at exception vector 55 too large)

.vector_56      0x9fc01900        0x0
 *(.vector_56)
                0x00000001                ASSERT (((_vector_spacing == 0x0) || (SIZEOF (.vector_56) <= (_vector_spacing << 0x5))), function at exception vector 56 too large)

.vector_57      0x9fc01920        0x0
 *(.vector_57)
                0x00000001                ASSERT (((_vector_spacing == 0x0) || (SIZEOF (.vector_57) <= (_vector_spacing << 0x5))), function at exception vector 57 too large)

.vector_58      0x9fc01940        0x0
 *(.vector_58)
                0x00000001                ASSERT (((_vector_spacing == 0x0) || (SIZEOF (.vector_58) <= (_vector_spacing << 0x5))), function at exception vector 58 too large)

.vector_59      0x9fc01960        0x0
 *(.vector_59)
                0x00000001                ASSERT (((_vector_spacing == 0x0) || (SIZEOF (.vector_59) <= (_vector_spacing << 0x5))), function at exception vector 59 too large)

.vector_60      0x9fc01980        0x0
 *(.vector_60)
                0x00000001                ASSERT (((_vector_spacing == 0x0) || (SIZEOF (.vector_60) <= (_vector_spacing << 0x5))), function at exception vector 60 too large)

.vector_61      0x9fc019a0        0x0
 *(.vector_61)
                0x00000001                ASSERT (((_vector_spacing == 0x0) || (SIZEOF (.vector_61) <= (_vector_spacing << 0x5))), function at exception vector 61 too large)

.vector_62      0x9fc019c0        0x0
 *(.vector_62)
                0x00000001                ASSERT (((_vector_spacing == 0x0) || (SIZEOF (.vector_62) <= (_vector_spacing << 0x5))), function at exception vector 62 too large)

.vector_63      0x9fc019e0        0x0
 *(.vector_63)
                0x00000001                ASSERT (((_vector_spacing == 0x0) || (SIZEOF (.vector_63) <= (_vector_spacing << 0x5))), function at exception vector 63 too large)

.startup
 *(.startup)

.text           0x9d000000        0x0
 *(.stub .gnu.linkonce.t.*)
 *(.text.*personality*)
 *(.mips16.fn.*)
 *(.mips16.call.*)
 *(.gnu.warning)
                0x9d000000                . = ALIGN (0x4)

.init           0x9d000000        0x0
 *crti.o(.init)
 *crtbegin.o(.init)
 *(EXCLUDE_FILE(*crtn.o *crtend?.o *crtend.o) .init)
 *crtend.o(.init)
 *crtn.o(.init)
                0x9d000000                . = ALIGN (0x4)

.fini           0x9d000000        0x0
 *(.fini)
                0x9d000000                . = ALIGN (0x4)

.preinit_array  0x9d000000        0x0
                0x9d000000                PROVIDE (__preinit_array_start, .)
 *(.preinit_array)
                0x9d000000                PROVIDE (__preinit_array_end, .)
                0x9d000000                . = ALIGN (0x4)

.init_array     0x9d000000        0x0
                0x9d000000                PROVIDE (__init_array_start, .)
 *(SORT(.init_array.*))
 *(.init_array)
                0x9d000000                PROVIDE (__init_array_end, .)
                0x9d000000                . = ALIGN (0x4)

.fini_array     0x9d000000        0x0
                0x9d000000                PROVIDE (__fini_array_start, .)
 *(SORT(.fini_array.*))
 *(.fini_array)
                0x9d000000                PROVIDE (__fini_array_end, .)
                0x9d000000                . = ALIGN (0x4)

.ctors          0x9d000000        0x0
 *crtbegin.o(.ctors)
 *crtbegin?.o(.ctors)
 *(EXCLUDE_FILE(*crtend?.o *crtend.o) .ctors)
 *(SORT(.ctors.*))
 *(.ctors)
                0x9d000000                . = ALIGN (0x4)

.dtors          0x9d000000        0x0
 *crtbegin.o(.dtors)
 *crtbegin?.o(.dtors)
 *(EXCLUDE_FILE(*crtend?.o *crtend.o) .dtors)
 *(SORT(.dtors.*))
 *(.dtors)
                0x9d000000                . = ALIGN (0x4)

.rodata         0x9d000000        0x0
 *(.gnu.linkonce.r.*)
 *(.rodata1)
                0x9d000000                . = ALIGN (0x4)

.sdata2         0x9fc00490        0x0
 *(.sdata2 .sdata2.* .gnu.linkonce.s2.*)
                0x9fc00490                . = ALIGN (0x4)

.sbss2          0x9fc00490        0x0
 *(.sbss2 .sbss2.* .gnu.linkonce.sb2.*)
                0x9fc00490                . = ALIGN (0x4)

.eh_frame_hdr
 *(.eh_frame_hdr)
                0x9fc00490                . = ALIGN (0x4)

.eh_frame
 *(.eh_frame)
                0x9fc00490                . = ALIGN (0x4)

.gcc_except_table
 *(.gcc_except_table .gcc_except_table.*)
                0x9fc00490                . = ALIGN (0x4)

.dbg_data       0xa0000200        0x0
                0xa0000200                . = (. + DEFINED (_DEBUGGER)?0x200:0x0)

.jcr            0xa0000200        0x0
 *(.jcr)
                0xa0000200                . = ALIGN (0x4)

.eh_frame
 *(.eh_frame)
                0xa0000200                . = ALIGN (0x4)

.gcc_except_table
 *(.gcc_except_table .gcc_except_table.*)
                0xa0000200                . = ALIGN (0x4)

.persist        0xa0000200        0x0
                0xa0000200                _persist_begin = .
 *(.persist .persist.*)
 *(.pbss .pbss.*)
                0xa0000200                . = ALIGN (0x4)
                0xa0000200                _persist_end = .

.data           0xa0000200        0x0
 *(.gnu.linkonce.d.*)
 *(.data1)
                0xa0000200                . = ALIGN (0x4)
                0xa0000200                . = .
                0xa00081f0                _gp = (ALIGN (0x10) + 0x7ff0)

.got            0xa0000200        0x0
 *(.got.plt)
 *(.got)
                0xa0000200                . = ALIGN (0x4)

.sdata          0xa0000200        0x4
                0xa0000200                _sdata_begin = .
 *(.sdata .sdata.* .gnu.linkonce.s.*)
 .sdata         0xa0000200        0x4 build/default/debug/main.o
                0xa0000200                background
                0xa0000204                . = ALIGN (0x4)
                0xa0000204                _sdata_end = .

.lit8
 *(.lit8)

.lit4
 *(.lit4)
                0xa0000204                . = ALIGN (0x4)
                0xa0000204                _data_end = .
                0xa0000204                _bss_begin = .

.sbss           0xa0000204       0x48
                0xa0000204                _sbss_begin = .
 *(.dynsbss)
 *(.sbss .sbss.* .gnu.linkonce.sb.*)
 .sbss          0xa0000204        0xc build/default/debug/main.o
 .sbss          0xa0000210        0x7 ..\liblcd.X\dist\default\debug\liblcd.X.a(LCD_begin.o)
                0xa0000210                _displayfunction
                0xa0000211                _displaycontrol
                0xa0000212                _displaymode
                0xa0000213                _curcol
                0xa0000214                _currow
                0xa0000215                _numrow
                0xa0000216                _numcol
 *(.scommon)
 *fill*         0xa0000217        0x1 
 .scommon       0xa0000218       0x28 build/default/debug/main.o
                0xa0000218                tmp
                0xa000021c                dig_T1
                0xa0000220                dig_T2
                0xa0000224                var1
                0xa0000228                B
                0xa000022c                adc_T
                0xa0000230                G
                0xa0000234                var2
                0xa0000238                R
                0xa000023c                dig_T3
 .scommon       0xa0000240        0xc ..\libneopixels.X\dist\default\debug\libneopixels.X.a(begin.o)
                0xa0000240                _pin
                0xa0000244                _nleds
                0xa0000248                _latch
                0xa000024c                _sbss_end = .
                0xa000024c                . = ALIGN (0x4)

.bss            0xa000024c       0xf0
 *(.dynbss)
 *(COMMON)
 COMMON         0xa000024c       0xf0 ..\libneopixels.X\dist\default\debug\libneopixels.X.a(begin.o)
                0xa000024c                _leds
                0xa000033c                . = ALIGN ((. != 0x0)?0x4:0x1)
                0xa000033c                . = ALIGN (0x4)
                0xa000033c                _end = .
                0xa000033c                _bss_end = .
                0x00008000                _bmxdudba_address = 0x8000
                0x00008000                _bmxdupba_address = 0x8000

/DISCARD/
 *(.pdr)
 *(.rel.dyn)
 *(.note.GNU-stack)
 *(.note.GNU-stack)
 *(.gnu_debuglink)
 *(.gnu.lto_*)
 *(.discard)

.gptab.sdata
 *(.gptab.data)
 *(.gptab.sdata)

.gptab.sbss
 *(.gptab.bss)
 *(.gptab.sbss)

.mdebug.abi32   0xa000033c        0x0
 *(.mdebug.abi32)
 .mdebug.abi32  0xa000033c        0x0 c:/program files (x86)/microchip/xc32/v1.34/bin/bin/../../lib/gcc/pic32mx/4.5.2/../../../../pic32mx/lib\software-debug-break.o
 .mdebug.abi32  0xa000033c        0x0 build/default/debug/main.o
 .mdebug.abi32  0xa000033c        0x0 ..\libneopixels.X\dist\default\debug\libneopixels.X.a(show.o)
 .mdebug.abi32  0xa000033c        0x0 ..\libneopixels.X\dist\default\debug\libneopixels.X.a(set.o)
 .mdebug.abi32  0xa000033c        0x0 ..\libneopixels.X\dist\default\debug\libneopixels.X.a(clear.o)
 .mdebug.abi32  0xa000033c        0x0 ..\libneopixels.X\dist\default\debug\libneopixels.X.a(begin.o)
 .mdebug.abi32  0xa000033c        0x0 ..\libi2c.X\dist\default\debug\libi2c.X.a(enable.o)
 .mdebug.abi32  0xa000033c        0x0 ..\libi2c.X\dist\default\debug\libi2c.X.a(write.o)
 .mdebug.abi32  0xa000033c        0x0 ..\libi2c.X\dist\default\debug\libi2c.X.a(read.o)
 .mdebug.abi32  0xa000033c        0x0 ..\libi2c.X\dist\default\debug\libi2c.X.a(_stop.o)
 .mdebug.abi32  0xa000033c        0x0 ..\libi2c.X\dist\default\debug\libi2c.X.a(_start.o)
 .mdebug.abi32  0xa000033c        0x0 ..\libi2c.X\dist\default\debug\libi2c.X.a(_send.o)
 .mdebug.abi32  0xa000033c        0x0 ..\liblcd.X\dist\default\debug\liblcd.X.a(LCD_begin.o)
 .mdebug.abi32  0xa000033c        0x0 ..\liblcd.X\dist\default\debug\liblcd.X.a(LCD_clear.o)
 .mdebug.abi32  0xa000033c        0x0 ..\liblcd.X\dist\default\debug\liblcd.X.a(LCD_command.o)
 .mdebug.abi32  0xa000033c        0x0 ..\liblcd.X\dist\default\debug\liblcd.X.a(LCD_display.o)
 .mdebug.abi32  0xa000033c        0x0 ..\liblcd.X\dist\default\debug\liblcd.X.a(LCD_display_clock.o)
 .mdebug.abi32  0xa000033c        0x0 ..\liblcd.X\dist\default\debug\liblcd.X.a(LCD_home.o)
 .mdebug.abi32  0xa000033c        0x0 ..\liblcd.X\dist\default\debug\liblcd.X.a(LCD_Light.o)
 .mdebug.abi32  0xa000033c        0x0 ..\liblcd.X\dist\default\debug\liblcd.X.a(LCD_pin_reset.o)
 .mdebug.abi32  0xa000033c        0x0 ..\liblcd.X\dist\default\debug\liblcd.X.a(LCD_putchar.o)
 .mdebug.abi32  0xa000033c        0x0 ..\liblcd.X\dist\default\debug\liblcd.X.a(LCD_putstr.o)
 .mdebug.abi32  0xa000033c        0x0 ..\liblcd.X\dist\default\debug\liblcd.X.a(LCD_putstrPos.o)
 .mdebug.abi32  0xa000033c        0x0 ..\liblcd.X\dist\default\debug\liblcd.X.a(LCD_send.o)
 .mdebug.abi32  0xa000033c        0x0 ..\liblcd.X\dist\default\debug\liblcd.X.a(LCD_setCursor.o)
 .mdebug.abi32  0xa000033c        0x0 ..\liblcd.X\dist\default\debug\liblcd.X.a(delay_micros.o)
 .mdebug.abi32  0xa000033c        0x0 ..\liblcd.X\dist\default\debug\liblcd.X.a(LCD_pulseE.o)
 .mdebug.abi32  0xa000033c        0x0 ..\libserial.X\dist\default\debug\libserial.X.a(begin.o)
 .mdebug.abi32  0xa000033c        0x0 ..\libserial.X\dist\default\debug\libserial.X.a(getstr.o)
 .mdebug.abi32  0xa000033c        0x0 ..\libserial.X\dist\default\debug\libserial.X.a(getchr.o)
 .mdebug.abi32  0xa000033c        0x0 ..\libserial.X\dist\default\debug\libserial.X.a(display_clock.o)
 .mdebug.abi32  0xa000033c        0x0 ..\libserial.X\dist\default\debug\libserial.X.a(putstr.o)
 .mdebug.abi32  0xa000033c        0x0 ..\libserial.X\dist\default\debug\libserial.X.a(available.o)
 .mdebug.abi32  0xa000033c        0x0 ..\libserial.X\dist\default\debug\libserial.X.a(putchr.o)
 .mdebug.abi32  0xa000033c        0x0 c:/program files (x86)/microchip/xc32/v1.34/bin/bin/../../lib/gcc/pic32mx/4.5.2/../../../../pic32mx/lib\libmchp_peripheral_32MX340F512H.a(pcache.o)
 .mdebug.abi32  0xa000033c        0x0 c:/program files (x86)/microchip/xc32/v1.34/bin/bin/../../lib/gcc/pic32mx/4.5.2/../../../../pic32mx/lib\libmchp_peripheral_32MX340F512H.a(int_disable_interrupts_lib.o)
 .mdebug.abi32  0xa000033c        0x0 c:/program files (x86)/microchip/xc32/v1.34/bin/bin/../../lib/gcc/pic32mx/4.5.2/../../../../pic32mx/lib\libmchp_peripheral_32MX340F512H.a(int_restore_interrupts_lib.o)
 .mdebug.abi32  0xa000033c        0x0 c:/program files (x86)/microchip/xc32/v1.34/bin/bin/../../lib/gcc/pic32mx/4.5.2/../../../../pic32mx/lib\libmchp_peripheral_32MX340F512H.a(I2CAcknowledgeByte.o)
 .mdebug.abi32  0xa000033c        0x0 c:/program files (x86)/microchip/xc32/v1.34/bin/bin/../../lib/gcc/pic32mx/4.5.2/../../../../pic32mx/lib\libmchp_peripheral_32MX340F512H.a(I2CBusIsIdle.o)
 .mdebug.abi32  0xa000033c        0x0 c:/program files (x86)/microchip/xc32/v1.34/bin/bin/../../lib/gcc/pic32mx/4.5.2/../../../../pic32mx/lib\libmchp_peripheral_32MX340F512H.a(I2CByteWasAcknowledged.o)
 .mdebug.abi32  0xa000033c        0x0 c:/program files (x86)/microchip/xc32/v1.34/bin/bin/../../lib/gcc/pic32mx/4.5.2/../../../../pic32mx/lib\libmchp_peripheral_32MX340F512H.a(I2CEnable.o)
 .mdebug.abi32  0xa000033c        0x0 c:/program files (x86)/microchip/xc32/v1.34/bin/bin/../../lib/gcc/pic32mx/4.5.2/../../../../pic32mx/lib\libmchp_peripheral_32MX340F512H.a(I2CGetByte.o)
 .mdebug.abi32  0xa000033c        0x0 c:/program files (x86)/microchip/xc32/v1.34/bin/bin/../../lib/gcc/pic32mx/4.5.2/../../../../pic32mx/lib\libmchp_peripheral_32MX340F512H.a(I2CReceivedDataIsAvailable.o)
 .mdebug.abi32  0xa000033c        0x0 c:/program files (x86)/microchip/xc32/v1.34/bin/bin/../../lib/gcc/pic32mx/4.5.2/../../../../pic32mx/lib\libmchp_peripheral_32MX340F512H.a(I2CReceiverEnable.o)
 .mdebug.abi32  0xa000033c        0x0 c:/program files (x86)/microchip/xc32/v1.34/bin/bin/../../lib/gcc/pic32mx/4.5.2/../../../../pic32mx/lib\libmchp_peripheral_32MX340F512H.a(I2CRepeatStart.o)
 .mdebug.abi32  0xa000033c        0x0 c:/program files (x86)/microchip/xc32/v1.34/bin/bin/../../lib/gcc/pic32mx/4.5.2/../../../../pic32mx/lib\libmchp_peripheral_32MX340F512H.a(I2CSendByte.o)
 .mdebug.abi32  0xa000033c        0x0 c:/program files (x86)/microchip/xc32/v1.34/bin/bin/../../lib/gcc/pic32mx/4.5.2/../../../../pic32mx/lib\libmchp_peripheral_32MX340F512H.a(I2CSetFrequency.o)
 .mdebug.abi32  0xa000033c        0x0 c:/program files (x86)/microchip/xc32/v1.34/bin/bin/../../lib/gcc/pic32mx/4.5.2/../../../../pic32mx/lib\libmchp_peripheral_32MX340F512H.a(I2CStart.o)
 .mdebug.abi32  0xa000033c        0x0 c:/program files (x86)/microchip/xc32/v1.34/bin/bin/../../lib/gcc/pic32mx/4.5.2/../../../../pic32mx/lib\libmchp_peripheral_32MX340F512H.a(I2CStop.o)
 .mdebug.abi32  0xa000033c        0x0 c:/program files (x86)/microchip/xc32/v1.34/bin/bin/../../lib/gcc/pic32mx/4.5.2/../../../../pic32mx/lib\libmchp_peripheral_32MX340F512H.a(I2CTransmissionHasCompleted.o)
 .mdebug.abi32  0xa000033c        0x0 c:/program files (x86)/microchip/xc32/v1.34/bin/bin/../../lib/gcc/pic32mx/4.5.2/../../../../pic32mx/lib\libmchp_peripheral_32MX340F512H.a(I2CTransmitterIsReady.o)
 .mdebug.abi32  0xa000033c        0x0 c:/program files (x86)/microchip/xc32/v1.34/bin/bin/../../lib/gcc/pic32mx/4.5.2/../../../../pic32mx/lib\libmchp_peripheral_32MX340F512H.a(I2CPrivate.o)
 .mdebug.abi32  0xa000033c        0x0 c:/program files (x86)/microchip/xc32/v1.34/bin/bin/../../lib/gcc/pic32mx/4.5.2/../../../../pic32mx/lib\libpic32.a(default-bootstrap-exception-handler.o)
 .mdebug.abi32  0xa000033c        0x0 c:/program files (x86)/microchip/xc32/v1.34/bin/bin/../../lib/gcc/pic32mx/4.5.2/../../../../pic32mx/lib\libpic32.a(default-on-reset.o)
 .mdebug.abi32  0xa000033c        0x0 c:/program files (x86)/microchip/xc32/v1.34/bin/bin/../../lib/gcc/pic32mx/4.5.2/../../../../pic32mx/lib\libpic32.a(default-on-bootstrap.o)
 .mdebug.abi32  0xa000033c        0x0 c:/program files (x86)/microchip/xc32/v1.34/bin/bin/../../lib/gcc/pic32mx/4.5.2/../../../../pic32mx/lib\libpic32.a(default-general-exception-handler.o)
 .mdebug.abi32  0xa000033c        0x0 c:/program files (x86)/microchip/xc32/v1.34/bin/bin/../../lib/gcc/pic32mx/4.5.2/../../../../pic32mx/lib\libpic32.a(defaultinterrupt.o)
 .mdebug.abi32  0xa000033c        0x0 c:/program files (x86)/microchip/xc32/v1.34/bin/bin/../../lib/gcc/pic32mx/4.5.2/../../../../pic32mx/lib\libc.a(atoi.o)
 .mdebug.abi32  0xa000033c        0x0 c:/program files (x86)/microchip/xc32/v1.34/bin/bin/../../lib/gcc/pic32mx/4.5.2/../../../../pic32mx/lib\libc.a(ctype.o)

.mdebug.abiN32
 *(.mdebug.abiN32)

.mdebug.abi64
 *(.mdebug.abi64)

.mdebug.abiO64
 *(.mdebug.abiO64)

.mdebug.eabi32
 *(.mdebug.eabi32)

.mdebug.eabi64
 *(.mdebug.eabi64)

.gcc_compiled_long32
 *(.gcc_compiled_long32)

.gcc_compiled_long64
 *(.gcc_compiled_long64)

.stab
 *(.stab)

.stabstr
 *(.stabstr)

.stab.excl
 *(.stab.excl)

.stab.exclstr
 *(.stab.exclstr)

.stab.index
 *(.stab.index)

.stab.indexstr
 *(.stab.indexstr)

.comment        0x00000000       0xc6
 *(.comment)
 .comment       0x00000000       0x3c c:/program files (x86)/microchip/xc32/v1.34/bin/bin/../../lib/gcc/pic32mx/4.5.2/../../../../pic32mx/lib\software-debug-break.o
                                 0x3d (size before relaxing)
 .comment       0x00000000       0x3d build/default/debug/main.o
 .comment       0x00000000       0x3d ..\libneopixels.X\dist\default\debug\libneopixels.X.a(show.o)
 .comment       0x00000000       0x3d ..\libneopixels.X\dist\default\debug\libneopixels.X.a(set.o)
 .comment       0x00000000       0x3d ..\libneopixels.X\dist\default\debug\libneopixels.X.a(clear.o)
 .comment       0x00000000       0x3d ..\libneopixels.X\dist\default\debug\libneopixels.X.a(begin.o)
 .comment       0x00000000       0x3d ..\libi2c.X\dist\default\debug\libi2c.X.a(enable.o)
 .comment       0x00000000       0x3d ..\libi2c.X\dist\default\debug\libi2c.X.a(write.o)
 .comment       0x00000000       0x3d ..\libi2c.X\dist\default\debug\libi2c.X.a(read.o)
 .comment       0x00000000       0x3d ..\libi2c.X\dist\default\debug\libi2c.X.a(_stop.o)
 .comment       0x00000000       0x3d ..\libi2c.X\dist\default\debug\libi2c.X.a(_start.o)
 .comment       0x00000000       0x3d ..\libi2c.X\dist\default\debug\libi2c.X.a(_send.o)
 .comment       0x00000000       0x3d ..\liblcd.X\dist\default\debug\liblcd.X.a(LCD_begin.o)
 .comment       0x00000000       0x3d ..\liblcd.X\dist\default\debug\liblcd.X.a(LCD_clear.o)
 .comment       0x00000000       0x3d ..\liblcd.X\dist\default\debug\liblcd.X.a(LCD_command.o)
 .comment       0x00000000       0x3d ..\liblcd.X\dist\default\debug\liblcd.X.a(LCD_display.o)
 .comment       0x00000000       0x3d ..\liblcd.X\dist\default\debug\liblcd.X.a(LCD_display_clock.o)
 .comment       0x00000000       0x3d ..\liblcd.X\dist\default\debug\liblcd.X.a(LCD_home.o)
 .comment       0x00000000       0x3d ..\liblcd.X\dist\default\debug\liblcd.X.a(LCD_Light.o)
 .comment       0x00000000       0x3d ..\liblcd.X\dist\default\debug\liblcd.X.a(LCD_pin_reset.o)
 .comment       0x00000000       0x3d ..\liblcd.X\dist\default\debug\liblcd.X.a(LCD_putchar.o)
 .comment       0x00000000       0x3d ..\liblcd.X\dist\default\debug\liblcd.X.a(LCD_putstr.o)
 .comment       0x00000000       0x3d ..\liblcd.X\dist\default\debug\liblcd.X.a(LCD_putstrPos.o)
 .comment       0x00000000       0x3d ..\liblcd.X\dist\default\debug\liblcd.X.a(LCD_send.o)
 .comment       0x00000000       0x3d ..\liblcd.X\dist\default\debug\liblcd.X.a(LCD_setCursor.o)
 .comment       0x00000000       0x3d ..\liblcd.X\dist\default\debug\liblcd.X.a(delay_micros.o)
 .comment       0x00000000       0x3d ..\liblcd.X\dist\default\debug\liblcd.X.a(LCD_pulseE.o)
 .comment       0x00000000       0x3d ..\libserial.X\dist\default\debug\libserial.X.a(begin.o)
 .comment       0x00000000       0x3d ..\libserial.X\dist\default\debug\libserial.X.a(getstr.o)
 .comment       0x00000000       0x3d ..\libserial.X\dist\default\debug\libserial.X.a(getchr.o)
 .comment       0x00000000       0x3d ..\libserial.X\dist\default\debug\libserial.X.a(display_clock.o)
 .comment       0x00000000       0x3d ..\libserial.X\dist\default\debug\libserial.X.a(putstr.o)
 .comment       0x00000000       0x3d ..\libserial.X\dist\default\debug\libserial.X.a(available.o)
 .comment       0x00000000       0x3d ..\libserial.X\dist\default\debug\libserial.X.a(putchr.o)
 .comment       0x0000003c       0x3c c:/program files (x86)/microchip/xc32/v1.34/bin/bin/../../lib/gcc/pic32mx/4.5.2/../../../../pic32mx/lib\libmchp_peripheral_32MX340F512H.a(pcache.o)
                                 0x3d (size before relaxing)
 .comment       0x00000000       0x3d c:/program files (x86)/microchip/xc32/v1.34/bin/bin/../../lib/gcc/pic32mx/4.5.2/../../../../pic32mx/lib\libmchp_peripheral_32MX340F512H.a(int_disable_interrupts_lib.o)
 .comment       0x00000000       0x3d c:/program files (x86)/microchip/xc32/v1.34/bin/bin/../../lib/gcc/pic32mx/4.5.2/../../../../pic32mx/lib\libmchp_peripheral_32MX340F512H.a(int_restore_interrupts_lib.o)
 .comment       0x00000000       0x3d c:/program files (x86)/microchip/xc32/v1.34/bin/bin/../../lib/gcc/pic32mx/4.5.2/../../../../pic32mx/lib\libmchp_peripheral_32MX340F512H.a(I2CAcknowledgeByte.o)
 .comment       0x00000000       0x3d c:/program files (x86)/microchip/xc32/v1.34/bin/bin/../../lib/gcc/pic32mx/4.5.2/../../../../pic32mx/lib\libmchp_peripheral_32MX340F512H.a(I2CBusIsIdle.o)
 .comment       0x00000000       0x3d c:/program files (x86)/microchip/xc32/v1.34/bin/bin/../../lib/gcc/pic32mx/4.5.2/../../../../pic32mx/lib\libmchp_peripheral_32MX340F512H.a(I2CByteWasAcknowledged.o)
 .comment       0x00000000       0x3d c:/program files (x86)/microchip/xc32/v1.34/bin/bin/../../lib/gcc/pic32mx/4.5.2/../../../../pic32mx/lib\libmchp_peripheral_32MX340F512H.a(I2CEnable.o)
 .comment       0x00000000       0x3d c:/program files (x86)/microchip/xc32/v1.34/bin/bin/../../lib/gcc/pic32mx/4.5.2/../../../../pic32mx/lib\libmchp_peripheral_32MX340F512H.a(I2CGetByte.o)
 .comment       0x00000000       0x3d c:/program files (x86)/microchip/xc32/v1.34/bin/bin/../../lib/gcc/pic32mx/4.5.2/../../../../pic32mx/lib\libmchp_peripheral_32MX340F512H.a(I2CReceivedDataIsAvailable.o)
 .comment       0x00000000       0x3d c:/program files (x86)/microchip/xc32/v1.34/bin/bin/../../lib/gcc/pic32mx/4.5.2/../../../../pic32mx/lib\libmchp_peripheral_32MX340F512H.a(I2CReceiverEnable.o)
 .comment       0x00000000       0x3d c:/program files (x86)/microchip/xc32/v1.34/bin/bin/../../lib/gcc/pic32mx/4.5.2/../../../../pic32mx/lib\libmchp_peripheral_32MX340F512H.a(I2CRepeatStart.o)
 .comment       0x00000000       0x3d c:/program files (x86)/microchip/xc32/v1.34/bin/bin/../../lib/gcc/pic32mx/4.5.2/../../../../pic32mx/lib\libmchp_peripheral_32MX340F512H.a(I2CSendByte.o)
 .comment       0x00000000       0x3d c:/program files (x86)/microchip/xc32/v1.34/bin/bin/../../lib/gcc/pic32mx/4.5.2/../../../../pic32mx/lib\libmchp_peripheral_32MX340F512H.a(I2CSetFrequency.o)
 .comment       0x00000000       0x3d c:/program files (x86)/microchip/xc32/v1.34/bin/bin/../../lib/gcc/pic32mx/4.5.2/../../../../pic32mx/lib\libmchp_peripheral_32MX340F512H.a(I2CStart.o)
 .comment       0x00000000       0x3d c:/program files (x86)/microchip/xc32/v1.34/bin/bin/../../lib/gcc/pic32mx/4.5.2/../../../../pic32mx/lib\libmchp_peripheral_32MX340F512H.a(I2CStop.o)
 .comment       0x00000000       0x3d c:/program files (x86)/microchip/xc32/v1.34/bin/bin/../../lib/gcc/pic32mx/4.5.2/../../../../pic32mx/lib\libmchp_peripheral_32MX340F512H.a(I2CTransmissionHasCompleted.o)
 .comment       0x00000000       0x3d c:/program files (x86)/microchip/xc32/v1.34/bin/bin/../../lib/gcc/pic32mx/4.5.2/../../../../pic32mx/lib\libmchp_peripheral_32MX340F512H.a(I2CTransmitterIsReady.o)
 .comment       0x00000000       0x3d c:/program files (x86)/microchip/xc32/v1.34/bin/bin/../../lib/gcc/pic32mx/4.5.2/../../../../pic32mx/lib\libmchp_peripheral_32MX340F512H.a(I2CPrivate.o)
 .comment       0x00000000       0x3d c:/program files (x86)/microchip/xc32/v1.34/bin/bin/../../lib/gcc/pic32mx/4.5.2/../../../../pic32mx/lib\libpic32.a(default-bootstrap-exception-handler.o)
 .comment       0x00000000       0x3d c:/program files (x86)/microchip/xc32/v1.34/bin/bin/../../lib/gcc/pic32mx/4.5.2/../../../../pic32mx/lib\libpic32.a(default-on-reset.o)
 .comment       0x00000000       0x3d c:/program files (x86)/microchip/xc32/v1.34/bin/bin/../../lib/gcc/pic32mx/4.5.2/../../../../pic32mx/lib\libpic32.a(default-on-bootstrap.o)
 .comment       0x00000000       0x3d c:/program files (x86)/microchip/xc32/v1.34/bin/bin/../../lib/gcc/pic32mx/4.5.2/../../../../pic32mx/lib\libpic32.a(default-general-exception-handler.o)
 .comment       0x00000000       0x3d c:/program files (x86)/microchip/xc32/v1.34/bin/bin/../../lib/gcc/pic32mx/4.5.2/../../../../pic32mx/lib\libpic32.a(defaultinterrupt.o)
 .comment       0x00000000       0x3d c:/program files (x86)/microchip/xc32/v1.34/bin/bin/../../lib/gcc/pic32mx/4.5.2/../../../../pic32mx/lib\libc.a(atoi.o)
 .comment       0x00000078       0x4e c:/program files (x86)/microchip/xc32/v1.34/bin/bin/../../lib/gcc/pic32mx/4.5.2/../../../../pic32mx/lib\libc.a(ctype.o)
                                 0x8b (size before relaxing)

.debug
 *(.debug)

.line
 *(.line)

.debug_srcinfo
 *(.debug_srcinfo)

.debug_sfnames
 *(.debug_sfnames)

.debug_aranges  0x00000000      0x728
 *(.debug_aranges)
 .debug_aranges
                0x00000000       0x20 c:/program files (x86)/microchip/xc32/v1.34/bin/bin/../../lib/gcc/pic32mx/4.5.2/../../../../pic32mx/lib\software-debug-break.o
 .debug_aranges
                0x00000020       0x20 build/default/debug/main.o
 .debug_aranges
                0x00000040       0x20 ..\libneopixels.X\dist\default\debug\libneopixels.X.a(show.o)
 .debug_aranges
                0x00000060       0x20 ..\libneopixels.X\dist\default\debug\libneopixels.X.a(set.o)
 .debug_aranges
                0x00000080       0x20 ..\libneopixels.X\dist\default\debug\libneopixels.X.a(clear.o)
 .debug_aranges
                0x000000a0       0x20 ..\libneopixels.X\dist\default\debug\libneopixels.X.a(begin.o)
 .debug_aranges
                0x000000c0       0x20 ..\libi2c.X\dist\default\debug\libi2c.X.a(enable.o)
 .debug_aranges
                0x000000e0       0x20 ..\libi2c.X\dist\default\debug\libi2c.X.a(write.o)
 .debug_aranges
                0x00000100       0x20 ..\libi2c.X\dist\default\debug\libi2c.X.a(read.o)
 .debug_aranges
                0x00000120       0x20 ..\libi2c.X\dist\default\debug\libi2c.X.a(_stop.o)
 .debug_aranges
                0x00000140       0x20 ..\libi2c.X\dist\default\debug\libi2c.X.a(_start.o)
 .debug_aranges
                0x00000160       0x20 ..\libi2c.X\dist\default\debug\libi2c.X.a(_send.o)
 .debug_aranges
                0x00000180       0x20 ..\liblcd.X\dist\default\debug\liblcd.X.a(LCD_begin.o)
 .debug_aranges
                0x000001a0       0x20 ..\liblcd.X\dist\default\debug\liblcd.X.a(LCD_clear.o)
 .debug_aranges
                0x000001c0       0x20 ..\liblcd.X\dist\default\debug\liblcd.X.a(LCD_command.o)
 .debug_aranges
                0x000001e0       0x20 ..\liblcd.X\dist\default\debug\liblcd.X.a(LCD_display.o)
 .debug_aranges
                0x00000200       0x20 ..\liblcd.X\dist\default\debug\liblcd.X.a(LCD_display_clock.o)
 .debug_aranges
                0x00000220       0x20 ..\liblcd.X\dist\default\debug\liblcd.X.a(LCD_home.o)
 .debug_aranges
                0x00000240       0x20 ..\liblcd.X\dist\default\debug\liblcd.X.a(LCD_Light.o)
 .debug_aranges
                0x00000260       0x20 ..\liblcd.X\dist\default\debug\liblcd.X.a(LCD_pin_reset.o)
 .debug_aranges
                0x00000280       0x20 ..\liblcd.X\dist\default\debug\liblcd.X.a(LCD_putchar.o)
 .debug_aranges
                0x000002a0       0x20 ..\liblcd.X\dist\default\debug\liblcd.X.a(LCD_putstr.o)
 .debug_aranges
                0x000002c0       0x20 ..\liblcd.X\dist\default\debug\liblcd.X.a(LCD_putstrPos.o)
 .debug_aranges
                0x000002e0       0x20 ..\liblcd.X\dist\default\debug\liblcd.X.a(LCD_send.o)
 .debug_aranges
                0x00000300       0x20 ..\liblcd.X\dist\default\debug\liblcd.X.a(LCD_setCursor.o)
 .debug_aranges
                0x00000320       0x20 ..\liblcd.X\dist\default\debug\liblcd.X.a(delay_micros.o)
 .debug_aranges
                0x00000340       0x20 ..\liblcd.X\dist\default\debug\liblcd.X.a(LCD_pulseE.o)
 .debug_aranges
                0x00000360       0x20 ..\libserial.X\dist\default\debug\libserial.X.a(begin.o)
 .debug_aranges
                0x00000380       0x20 ..\libserial.X\dist\default\debug\libserial.X.a(getstr.o)
 .debug_aranges
                0x000003a0       0x20 ..\libserial.X\dist\default\debug\libserial.X.a(getchr.o)
 .debug_aranges
                0x000003c0       0x20 ..\libserial.X\dist\default\debug\libserial.X.a(display_clock.o)
 .debug_aranges
                0x000003e0       0x20 ..\libserial.X\dist\default\debug\libserial.X.a(putstr.o)
 .debug_aranges
                0x00000400       0x20 ..\libserial.X\dist\default\debug\libserial.X.a(available.o)
 .debug_aranges
                0x00000420       0x20 ..\libserial.X\dist\default\debug\libserial.X.a(putchr.o)
 .debug_aranges
                0x00000440       0x28 c:/program files (x86)/microchip/xc32/v1.34/bin/bin/../../lib/gcc/pic32mx/4.5.2/../../../../pic32mx/lib\libmchp_peripheral_32MX340F512H.a(pcache.o)
 .debug_aranges
                0x00000468       0x20 c:/program files (x86)/microchip/xc32/v1.34/bin/bin/../../lib/gcc/pic32mx/4.5.2/../../../../pic32mx/lib\libmchp_peripheral_32MX340F512H.a(int_disable_interrupts_lib.o)
 .debug_aranges
                0x00000488       0x20 c:/program files (x86)/microchip/xc32/v1.34/bin/bin/../../lib/gcc/pic32mx/4.5.2/../../../../pic32mx/lib\libmchp_peripheral_32MX340F512H.a(int_restore_interrupts_lib.o)
 .debug_aranges
                0x000004a8       0x20 c:/program files (x86)/microchip/xc32/v1.34/bin/bin/../../lib/gcc/pic32mx/4.5.2/../../../../pic32mx/lib\libmchp_peripheral_32MX340F512H.a(I2CAcknowledgeByte.o)
 .debug_aranges
                0x000004c8       0x20 c:/program files (x86)/microchip/xc32/v1.34/bin/bin/../../lib/gcc/pic32mx/4.5.2/../../../../pic32mx/lib\libmchp_peripheral_32MX340F512H.a(I2CBusIsIdle.o)
 .debug_aranges
                0x000004e8       0x20 c:/program files (x86)/microchip/xc32/v1.34/bin/bin/../../lib/gcc/pic32mx/4.5.2/../../../../pic32mx/lib\libmchp_peripheral_32MX340F512H.a(I2CByteWasAcknowledged.o)
 .debug_aranges
                0x00000508       0x20 c:/program files (x86)/microchip/xc32/v1.34/bin/bin/../../lib/gcc/pic32mx/4.5.2/../../../../pic32mx/lib\libmchp_peripheral_32MX340F512H.a(I2CEnable.o)
 .debug_aranges
                0x00000528       0x20 c:/program files (x86)/microchip/xc32/v1.34/bin/bin/../../lib/gcc/pic32mx/4.5.2/../../../../pic32mx/lib\libmchp_peripheral_32MX340F512H.a(I2CGetByte.o)
 .debug_aranges
                0x00000548       0x20 c:/program files (x86)/microchip/xc32/v1.34/bin/bin/../../lib/gcc/pic32mx/4.5.2/../../../../pic32mx/lib\libmchp_peripheral_32MX340F512H.a(I2CReceivedDataIsAvailable.o)
 .debug_aranges
                0x00000568       0x20 c:/program files (x86)/microchip/xc32/v1.34/bin/bin/../../lib/gcc/pic32mx/4.5.2/../../../../pic32mx/lib\libmchp_peripheral_32MX340F512H.a(I2CReceiverEnable.o)
 .debug_aranges
                0x00000588       0x20 c:/program files (x86)/microchip/xc32/v1.34/bin/bin/../../lib/gcc/pic32mx/4.5.2/../../../../pic32mx/lib\libmchp_peripheral_32MX340F512H.a(I2CRepeatStart.o)
 .debug_aranges
                0x000005a8       0x20 c:/program files (x86)/microchip/xc32/v1.34/bin/bin/../../lib/gcc/pic32mx/4.5.2/../../../../pic32mx/lib\libmchp_peripheral_32MX340F512H.a(I2CSendByte.o)
 .debug_aranges
                0x000005c8       0x20 c:/program files (x86)/microchip/xc32/v1.34/bin/bin/../../lib/gcc/pic32mx/4.5.2/../../../../pic32mx/lib\libmchp_peripheral_32MX340F512H.a(I2CSetFrequency.o)
 .debug_aranges
                0x000005e8       0x20 c:/program files (x86)/microchip/xc32/v1.34/bin/bin/../../lib/gcc/pic32mx/4.5.2/../../../../pic32mx/lib\libmchp_peripheral_32MX340F512H.a(I2CStart.o)
 .debug_aranges
                0x00000608       0x20 c:/program files (x86)/microchip/xc32/v1.34/bin/bin/../../lib/gcc/pic32mx/4.5.2/../../../../pic32mx/lib\libmchp_peripheral_32MX340F512H.a(I2CStop.o)
 .debug_aranges
                0x00000628       0x20 c:/program files (x86)/microchip/xc32/v1.34/bin/bin/../../lib/gcc/pic32mx/4.5.2/../../../../pic32mx/lib\libmchp_peripheral_32MX340F512H.a(I2CTransmissionHasCompleted.o)
 .debug_aranges
                0x00000648       0x20 c:/program files (x86)/microchip/xc32/v1.34/bin/bin/../../lib/gcc/pic32mx/4.5.2/../../../../pic32mx/lib\libmchp_peripheral_32MX340F512H.a(I2CTransmitterIsReady.o)
 .debug_aranges
                0x00000668       0x20 c:/program files (x86)/microchip/xc32/v1.34/bin/bin/../../lib/gcc/pic32mx/4.5.2/../../../../pic32mx/lib\libpic32.a(default-bootstrap-exception-handler.o)
 .debug_aranges
                0x00000688       0x20 c:/program files (x86)/microchip/xc32/v1.34/bin/bin/../../lib/gcc/pic32mx/4.5.2/../../../../pic32mx/lib\libpic32.a(default-on-reset.o)
 .debug_aranges
                0x000006a8       0x20 c:/program files (x86)/microchip/xc32/v1.34/bin/bin/../../lib/gcc/pic32mx/4.5.2/../../../../pic32mx/lib\libpic32.a(default-on-bootstrap.o)
 .debug_aranges
                0x000006c8       0x20 c:/program files (x86)/microchip/xc32/v1.34/bin/bin/../../lib/gcc/pic32mx/4.5.2/../../../../pic32mx/lib\libpic32.a(default-general-exception-handler.o)
 .debug_aranges
                0x000006e8       0x20 c:/program files (x86)/microchip/xc32/v1.34/bin/bin/../../lib/gcc/pic32mx/4.5.2/../../../../pic32mx/lib\libpic32.a(defaultinterrupt.o)
 .debug_aranges
                0x00000708       0x20 c:/program files (x86)/microchip/xc32/v1.34/bin/bin/../../lib/gcc/pic32mx/4.5.2/../../../../pic32mx/lib\libc.a(atoi.o)

.debug_pubnames
                0x00000000      0xa30
 *(.debug_pubnames)
 .debug_pubnames
                0x00000000       0x30 c:/program files (x86)/microchip/xc32/v1.34/bin/bin/../../lib/gcc/pic32mx/4.5.2/../../../../pic32mx/lib\software-debug-break.o
 .debug_pubnames
                0x00000030      0x127 build/default/debug/main.o
 .debug_pubnames
                0x00000157       0x28 ..\libneopixels.X\dist\default\debug\libneopixels.X.a(show.o)
 .debug_pubnames
                0x0000017f       0x27 ..\libneopixels.X\dist\default\debug\libneopixels.X.a(set.o)
 .debug_pubnames
                0x000001a6       0x29 ..\libneopixels.X\dist\default\debug\libneopixels.X.a(clear.o)
 .debug_pubnames
                0x000001cf       0x52 ..\libneopixels.X\dist\default\debug\libneopixels.X.a(begin.o)
 .debug_pubnames
                0x00000221       0x48 ..\libi2c.X\dist\default\debug\libi2c.X.a(enable.o)
 .debug_pubnames
                0x00000269       0x23 ..\libi2c.X\dist\default\debug\libi2c.X.a(write.o)
 .debug_pubnames
                0x0000028c       0x22 ..\libi2c.X\dist\default\debug\libi2c.X.a(read.o)
 .debug_pubnames
                0x000002ae       0x23 ..\libi2c.X\dist\default\debug\libi2c.X.a(_stop.o)
 .debug_pubnames
                0x000002d1       0x24 ..\libi2c.X\dist\default\debug\libi2c.X.a(_start.o)
 .debug_pubnames
                0x000002f5       0x23 ..\libi2c.X\dist\default\debug\libi2c.X.a(_send.o)
 .debug_pubnames
                0x00000318       0x8a ..\liblcd.X\dist\default\debug\liblcd.X.a(LCD_begin.o)
 .debug_pubnames
                0x000003a2       0x20 ..\liblcd.X\dist\default\debug\liblcd.X.a(LCD_clear.o)
 .debug_pubnames
                0x000003c2       0x22 ..\liblcd.X\dist\default\debug\liblcd.X.a(LCD_command.o)
 .debug_pubnames
                0x000003e4       0x22 ..\liblcd.X\dist\default\debug\liblcd.X.a(LCD_display.o)
 .debug_pubnames
                0x00000406       0x28 ..\liblcd.X\dist\default\debug\liblcd.X.a(LCD_display_clock.o)
 .debug_pubnames
                0x0000042e       0x1f ..\liblcd.X\dist\default\debug\liblcd.X.a(LCD_home.o)
 .debug_pubnames
                0x0000044d       0x20 ..\liblcd.X\dist\default\debug\liblcd.X.a(LCD_Light.o)
 .debug_pubnames
                0x0000046d       0x24 ..\liblcd.X\dist\default\debug\liblcd.X.a(LCD_pin_reset.o)
 .debug_pubnames
                0x00000491       0x22 ..\liblcd.X\dist\default\debug\liblcd.X.a(LCD_putchar.o)
 .debug_pubnames
                0x000004b3       0x21 ..\liblcd.X\dist\default\debug\liblcd.X.a(LCD_putstr.o)
 .debug_pubnames
                0x000004d4       0x24 ..\liblcd.X\dist\default\debug\liblcd.X.a(LCD_putstrPos.o)
 .debug_pubnames
                0x000004f8       0x1f ..\liblcd.X\dist\default\debug\liblcd.X.a(LCD_send.o)
 .debug_pubnames
                0x00000517       0x24 ..\liblcd.X\dist\default\debug\liblcd.X.a(LCD_setCursor.o)
 .debug_pubnames
                0x0000053b       0x23 ..\liblcd.X\dist\default\debug\liblcd.X.a(delay_micros.o)
 .debug_pubnames
                0x0000055e       0x21 ..\liblcd.X\dist\default\debug\liblcd.X.a(LCD_pulseE.o)
 .debug_pubnames
                0x0000057f       0x26 ..\libserial.X\dist\default\debug\libserial.X.a(begin.o)
 .debug_pubnames
                0x000005a5       0x27 ..\libserial.X\dist\default\debug\libserial.X.a(getstr.o)
 .debug_pubnames
                0x000005cc       0x27 ..\libserial.X\dist\default\debug\libserial.X.a(getchr.o)
 .debug_pubnames
                0x000005f3       0x2e ..\libserial.X\dist\default\debug\libserial.X.a(display_clock.o)
 .debug_pubnames
                0x00000621       0x27 ..\libserial.X\dist\default\debug\libserial.X.a(putstr.o)
 .debug_pubnames
                0x00000648       0x2a ..\libserial.X\dist\default\debug\libserial.X.a(available.o)
 .debug_pubnames
                0x00000672       0x27 ..\libserial.X\dist\default\debug\libserial.X.a(putchr.o)
 .debug_pubnames
                0x00000699       0x3b c:/program files (x86)/microchip/xc32/v1.34/bin/bin/../../lib/gcc/pic32mx/4.5.2/../../../../pic32mx/lib\libmchp_peripheral_32MX340F512H.a(pcache.o)
 .debug_pubnames
                0x000006d4       0x2b c:/program files (x86)/microchip/xc32/v1.34/bin/bin/../../lib/gcc/pic32mx/4.5.2/../../../../pic32mx/lib\libmchp_peripheral_32MX340F512H.a(int_disable_interrupts_lib.o)
 .debug_pubnames
                0x000006ff       0x2b c:/program files (x86)/microchip/xc32/v1.34/bin/bin/../../lib/gcc/pic32mx/4.5.2/../../../../pic32mx/lib\libmchp_peripheral_32MX340F512H.a(int_restore_interrupts_lib.o)
 .debug_pubnames
                0x0000072a       0x29 c:/program files (x86)/microchip/xc32/v1.34/bin/bin/../../lib/gcc/pic32mx/4.5.2/../../../../pic32mx/lib\libmchp_peripheral_32MX340F512H.a(I2CAcknowledgeByte.o)
 .debug_pubnames
                0x00000753       0x23 c:/program files (x86)/microchip/xc32/v1.34/bin/bin/../../lib/gcc/pic32mx/4.5.2/../../../../pic32mx/lib\libmchp_peripheral_32MX340F512H.a(I2CBusIsIdle.o)
 .debug_pubnames
                0x00000776       0x2d c:/program files (x86)/microchip/xc32/v1.34/bin/bin/../../lib/gcc/pic32mx/4.5.2/../../../../pic32mx/lib\libmchp_peripheral_32MX340F512H.a(I2CByteWasAcknowledged.o)
 .debug_pubnames
                0x000007a3       0x20 c:/program files (x86)/microchip/xc32/v1.34/bin/bin/../../lib/gcc/pic32mx/4.5.2/../../../../pic32mx/lib\libmchp_peripheral_32MX340F512H.a(I2CEnable.o)
 .debug_pubnames
                0x000007c3       0x21 c:/program files (x86)/microchip/xc32/v1.34/bin/bin/../../lib/gcc/pic32mx/4.5.2/../../../../pic32mx/lib\libmchp_peripheral_32MX340F512H.a(I2CGetByte.o)
 .debug_pubnames
                0x000007e4       0x31 c:/program files (x86)/microchip/xc32/v1.34/bin/bin/../../lib/gcc/pic32mx/4.5.2/../../../../pic32mx/lib\libmchp_peripheral_32MX340F512H.a(I2CReceivedDataIsAvailable.o)
 .debug_pubnames
                0x00000815       0x28 c:/program files (x86)/microchip/xc32/v1.34/bin/bin/../../lib/gcc/pic32mx/4.5.2/../../../../pic32mx/lib\libmchp_peripheral_32MX340F512H.a(I2CReceiverEnable.o)
 .debug_pubnames
                0x0000083d       0x25 c:/program files (x86)/microchip/xc32/v1.34/bin/bin/../../lib/gcc/pic32mx/4.5.2/../../../../pic32mx/lib\libmchp_peripheral_32MX340F512H.a(I2CRepeatStart.o)
 .debug_pubnames
                0x00000862       0x22 c:/program files (x86)/microchip/xc32/v1.34/bin/bin/../../lib/gcc/pic32mx/4.5.2/../../../../pic32mx/lib\libmchp_peripheral_32MX340F512H.a(I2CSendByte.o)
 .debug_pubnames
                0x00000884       0x26 c:/program files (x86)/microchip/xc32/v1.34/bin/bin/../../lib/gcc/pic32mx/4.5.2/../../../../pic32mx/lib\libmchp_peripheral_32MX340F512H.a(I2CSetFrequency.o)
 .debug_pubnames
                0x000008aa       0x1f c:/program files (x86)/microchip/xc32/v1.34/bin/bin/../../lib/gcc/pic32mx/4.5.2/../../../../pic32mx/lib\libmchp_peripheral_32MX340F512H.a(I2CStart.o)
 .debug_pubnames
                0x000008c9       0x1e c:/program files (x86)/microchip/xc32/v1.34/bin/bin/../../lib/gcc/pic32mx/4.5.2/../../../../pic32mx/lib\libmchp_peripheral_32MX340F512H.a(I2CStop.o)
 .debug_pubnames
                0x000008e7       0x32 c:/program files (x86)/microchip/xc32/v1.34/bin/bin/../../lib/gcc/pic32mx/4.5.2/../../../../pic32mx/lib\libmchp_peripheral_32MX340F512H.a(I2CTransmissionHasCompleted.o)
 .debug_pubnames
                0x00000919       0x2c c:/program files (x86)/microchip/xc32/v1.34/bin/bin/../../lib/gcc/pic32mx/4.5.2/../../../../pic32mx/lib\libmchp_peripheral_32MX340F512H.a(I2CTransmitterIsReady.o)
 .debug_pubnames
                0x00000945       0x33 c:/program files (x86)/microchip/xc32/v1.34/bin/bin/../../lib/gcc/pic32mx/4.5.2/../../../../pic32mx/lib\libpic32.a(default-bootstrap-exception-handler.o)
 .debug_pubnames
                0x00000978       0x20 c:/program files (x86)/microchip/xc32/v1.34/bin/bin/../../lib/gcc/pic32mx/4.5.2/../../../../pic32mx/lib\libpic32.a(default-on-reset.o)
 .debug_pubnames
                0x00000998       0x24 c:/program files (x86)/microchip/xc32/v1.34/bin/bin/../../lib/gcc/pic32mx/4.5.2/../../../../pic32mx/lib\libpic32.a(default-on-bootstrap.o)
 .debug_pubnames
                0x000009bc       0x31 c:/program files (x86)/microchip/xc32/v1.34/bin/bin/../../lib/gcc/pic32mx/4.5.2/../../../../pic32mx/lib\libpic32.a(default-general-exception-handler.o)
 .debug_pubnames
                0x000009ed       0x28 c:/program files (x86)/microchip/xc32/v1.34/bin/bin/../../lib/gcc/pic32mx/4.5.2/../../../../pic32mx/lib\libpic32.a(defaultinterrupt.o)
 .debug_pubnames
                0x00000a15       0x1b c:/program files (x86)/microchip/xc32/v1.34/bin/bin/../../lib/gcc/pic32mx/4.5.2/../../../../pic32mx/lib\libc.a(atoi.o)

.debug_info     0x00000000     0x8f51
 *(.debug_info .gnu.linkonce.wi.*)
 .debug_info    0x00000000       0xd2 c:/program files (x86)/microchip/xc32/v1.34/bin/bin/../../lib/gcc/pic32mx/4.5.2/../../../../pic32mx/lib\software-debug-break.o
 .debug_info    0x000000d2     0x2731 build/default/debug/main.o
 .debug_info    0x00002803      0x209 ..\libneopixels.X\dist\default\debug\libneopixels.X.a(show.o)
 .debug_info    0x00002a0c      0x1cc ..\libneopixels.X\dist\default\debug\libneopixels.X.a(set.o)
 .debug_info    0x00002bd8      0x196 ..\libneopixels.X\dist\default\debug\libneopixels.X.a(clear.o)
 .debug_info    0x00002d6e      0x24c ..\libneopixels.X\dist\default\debug\libneopixels.X.a(begin.o)
 .debug_info    0x00002fba      0x763 ..\libi2c.X\dist\default\debug\libi2c.X.a(enable.o)
 .debug_info    0x0000371d      0x399 ..\libi2c.X\dist\default\debug\libi2c.X.a(write.o)
 .debug_info    0x00003ab6      0x399 ..\libi2c.X\dist\default\debug\libi2c.X.a(read.o)
 .debug_info    0x00003e4f      0x2bd ..\libi2c.X\dist\default\debug\libi2c.X.a(_stop.o)
 .debug_info    0x0000410c      0x315 ..\libi2c.X\dist\default\debug\libi2c.X.a(_start.o)
 .debug_info    0x00004421      0x359 ..\libi2c.X\dist\default\debug\libi2c.X.a(_send.o)
 .debug_info    0x0000477a      0x24e ..\liblcd.X\dist\default\debug\liblcd.X.a(LCD_begin.o)
 .debug_info    0x000049c8      0x198 ..\liblcd.X\dist\default\debug\liblcd.X.a(LCD_clear.o)
 .debug_info    0x00004b60      0x168 ..\liblcd.X\dist\default\debug\liblcd.X.a(LCD_command.o)
 .debug_info    0x00004cc8      0x172 ..\liblcd.X\dist\default\debug\liblcd.X.a(LCD_display.o)
 .debug_info    0x00004e3a      0x1e4 ..\liblcd.X\dist\default\debug\liblcd.X.a(LCD_display_clock.o)
 .debug_info    0x0000501e      0x196 ..\liblcd.X\dist\default\debug\liblcd.X.a(LCD_home.o)
 .debug_info    0x000051b4      0x26f ..\liblcd.X\dist\default\debug\liblcd.X.a(LCD_Light.o)
 .debug_info    0x00005423      0x1f0 ..\liblcd.X\dist\default\debug\liblcd.X.a(LCD_pin_reset.o)
 .debug_info    0x00005613      0x18e ..\liblcd.X\dist\default\debug\liblcd.X.a(LCD_putchar.o)
 .debug_info    0x000057a1      0x213 ..\liblcd.X\dist\default\debug\liblcd.X.a(LCD_putstr.o)
 .debug_info    0x000059b4      0x194 ..\liblcd.X\dist\default\debug\liblcd.X.a(LCD_putstrPos.o)
 .debug_info    0x00005b48      0x3fe ..\liblcd.X\dist\default\debug\liblcd.X.a(LCD_send.o)
 .debug_info    0x00005f46      0x20b ..\liblcd.X\dist\default\debug\liblcd.X.a(LCD_setCursor.o)
 .debug_info    0x00006151      0x16a ..\liblcd.X\dist\default\debug\liblcd.X.a(delay_micros.o)
 .debug_info    0x000062bb      0x263 ..\liblcd.X\dist\default\debug\liblcd.X.a(LCD_pulseE.o)
 .debug_info    0x0000651e      0xb98 ..\libserial.X\dist\default\debug\libserial.X.a(begin.o)
 .debug_info    0x000070b6      0x1a1 ..\libserial.X\dist\default\debug\libserial.X.a(getstr.o)
 .debug_info    0x00007257      0x1b6 ..\libserial.X\dist\default\debug\libserial.X.a(getchr.o)
 .debug_info    0x0000740d      0x20a ..\libserial.X\dist\default\debug\libserial.X.a(display_clock.o)
 .debug_info    0x00007617      0x190 ..\libserial.X\dist\default\debug\libserial.X.a(putstr.o)
 .debug_info    0x000077a7      0x3b3 ..\libserial.X\dist\default\debug\libserial.X.a(available.o)
 .debug_info    0x00007b5a      0x3e3 ..\libserial.X\dist\default\debug\libserial.X.a(putchr.o)
 .debug_info    0x00007f3d       0xbf c:/program files (x86)/microchip/xc32/v1.34/bin/bin/../../lib/gcc/pic32mx/4.5.2/../../../../pic32mx/lib\libmchp_peripheral_32MX340F512H.a(pcache.o)
 .debug_info    0x00007ffc       0xb6 c:/program files (x86)/microchip/xc32/v1.34/bin/bin/../../lib/gcc/pic32mx/4.5.2/../../../../pic32mx/lib\libmchp_peripheral_32MX340F512H.a(int_disable_interrupts_lib.o)
 .debug_info    0x000080b2       0xb6 c:/program files (x86)/microchip/xc32/v1.34/bin/bin/../../lib/gcc/pic32mx/4.5.2/../../../../pic32mx/lib\libmchp_peripheral_32MX340F512H.a(int_restore_interrupts_lib.o)
 .debug_info    0x00008168       0xac c:/program files (x86)/microchip/xc32/v1.34/bin/bin/../../lib/gcc/pic32mx/4.5.2/../../../../pic32mx/lib\libmchp_peripheral_32MX340F512H.a(I2CAcknowledgeByte.o)
 .debug_info    0x00008214       0xa0 c:/program files (x86)/microchip/xc32/v1.34/bin/bin/../../lib/gcc/pic32mx/4.5.2/../../../../pic32mx/lib\libmchp_peripheral_32MX340F512H.a(I2CBusIsIdle.o)
 .debug_info    0x000082b4       0xb4 c:/program files (x86)/microchip/xc32/v1.34/bin/bin/../../lib/gcc/pic32mx/4.5.2/../../../../pic32mx/lib\libmchp_peripheral_32MX340F512H.a(I2CByteWasAcknowledged.o)
 .debug_info    0x00008368       0x9a c:/program files (x86)/microchip/xc32/v1.34/bin/bin/../../lib/gcc/pic32mx/4.5.2/../../../../pic32mx/lib\libmchp_peripheral_32MX340F512H.a(I2CEnable.o)
 .debug_info    0x00008402       0x9c c:/program files (x86)/microchip/xc32/v1.34/bin/bin/../../lib/gcc/pic32mx/4.5.2/../../../../pic32mx/lib\libmchp_peripheral_32MX340F512H.a(I2CGetByte.o)
 .debug_info    0x0000849e       0xbc c:/program files (x86)/microchip/xc32/v1.34/bin/bin/../../lib/gcc/pic32mx/4.5.2/../../../../pic32mx/lib\libmchp_peripheral_32MX340F512H.a(I2CReceivedDataIsAvailable.o)
 .debug_info    0x0000855a       0xaa c:/program files (x86)/microchip/xc32/v1.34/bin/bin/../../lib/gcc/pic32mx/4.5.2/../../../../pic32mx/lib\libmchp_peripheral_32MX340F512H.a(I2CReceiverEnable.o)
 .debug_info    0x00008604       0xa4 c:/program files (x86)/microchip/xc32/v1.34/bin/bin/../../lib/gcc/pic32mx/4.5.2/../../../../pic32mx/lib\libmchp_peripheral_32MX340F512H.a(I2CRepeatStart.o)
 .debug_info    0x000086a8       0x9e c:/program files (x86)/microchip/xc32/v1.34/bin/bin/../../lib/gcc/pic32mx/4.5.2/../../../../pic32mx/lib\libmchp_peripheral_32MX340F512H.a(I2CSendByte.o)
 .debug_info    0x00008746       0xa6 c:/program files (x86)/microchip/xc32/v1.34/bin/bin/../../lib/gcc/pic32mx/4.5.2/../../../../pic32mx/lib\libmchp_peripheral_32MX340F512H.a(I2CSetFrequency.o)
 .debug_info    0x000087ec       0x98 c:/program files (x86)/microchip/xc32/v1.34/bin/bin/../../lib/gcc/pic32mx/4.5.2/../../../../pic32mx/lib\libmchp_peripheral_32MX340F512H.a(I2CStart.o)
 .debug_info    0x00008884       0x96 c:/program files (x86)/microchip/xc32/v1.34/bin/bin/../../lib/gcc/pic32mx/4.5.2/../../../../pic32mx/lib\libmchp_peripheral_32MX340F512H.a(I2CStop.o)
 .debug_info    0x0000891a       0xbe c:/program files (x86)/microchip/xc32/v1.34/bin/bin/../../lib/gcc/pic32mx/4.5.2/../../../../pic32mx/lib\libmchp_peripheral_32MX340F512H.a(I2CTransmissionHasCompleted.o)
 .debug_info    0x000089d8       0xb2 c:/program files (x86)/microchip/xc32/v1.34/bin/bin/../../lib/gcc/pic32mx/4.5.2/../../../../pic32mx/lib\libmchp_peripheral_32MX340F512H.a(I2CTransmitterIsReady.o)
 .debug_info    0x00008a8a        0x0 c:/program files (x86)/microchip/xc32/v1.34/bin/bin/../../lib/gcc/pic32mx/4.5.2/../../../../pic32mx/lib\libmchp_peripheral_32MX340F512H.a(I2CPrivate.o)
 .debug_info    0x00008a8a       0xe2 c:/program files (x86)/microchip/xc32/v1.34/bin/bin/../../lib/gcc/pic32mx/4.5.2/../../../../pic32mx/lib\libpic32.a(default-bootstrap-exception-handler.o)
 .debug_info    0x00008b6c       0xbc c:/program files (x86)/microchip/xc32/v1.34/bin/bin/../../lib/gcc/pic32mx/4.5.2/../../../../pic32mx/lib\libpic32.a(default-on-reset.o)
 .debug_info    0x00008c28       0xc4 c:/program files (x86)/microchip/xc32/v1.34/bin/bin/../../lib/gcc/pic32mx/4.5.2/../../../../pic32mx/lib\libpic32.a(default-on-bootstrap.o)
 .debug_info    0x00008cec       0xde c:/program files (x86)/microchip/xc32/v1.34/bin/bin/../../lib/gcc/pic32mx/4.5.2/../../../../pic32mx/lib\libpic32.a(default-general-exception-handler.o)
 .debug_info    0x00008dca       0xd6 c:/program files (x86)/microchip/xc32/v1.34/bin/bin/../../lib/gcc/pic32mx/4.5.2/../../../../pic32mx/lib\libpic32.a(defaultinterrupt.o)
 .debug_info    0x00008ea0       0xb1 c:/program files (x86)/microchip/xc32/v1.34/bin/bin/../../lib/gcc/pic32mx/4.5.2/../../../../pic32mx/lib\libc.a(atoi.o)
 .debug_info    0x00008f51        0x0 c:/program files (x86)/microchip/xc32/v1.34/bin/bin/../../lib/gcc/pic32mx/4.5.2/../../../../pic32mx/lib\libc.a(ctype.o)

.debug_abbrev   0x00000000     0x1a0f
 *(.debug_abbrev)
 .debug_abbrev  0x00000000       0x25 c:/program files (x86)/microchip/xc32/v1.34/bin/bin/../../lib/gcc/pic32mx/4.5.2/../../../../pic32mx/lib\software-debug-break.o
 .debug_abbrev  0x00000025      0x395 build/default/debug/main.o
 .debug_abbrev  0x000003ba       0x6d ..\libneopixels.X\dist\default\debug\libneopixels.X.a(show.o)
 .debug_abbrev  0x00000427       0x84 ..\libneopixels.X\dist\default\debug\libneopixels.X.a(set.o)
 .debug_abbrev  0x000004ab       0x63 ..\libneopixels.X\dist\default\debug\libneopixels.X.a(clear.o)
 .debug_abbrev  0x0000050e       0x96 ..\libneopixels.X\dist\default\debug\libneopixels.X.a(begin.o)
 .debug_abbrev  0x000005a4      0x14e ..\libi2c.X\dist\default\debug\libi2c.X.a(enable.o)
 .debug_abbrev  0x000006f2      0x10f ..\libi2c.X\dist\default\debug\libi2c.X.a(write.o)
 .debug_abbrev  0x00000801      0x11e ..\libi2c.X\dist\default\debug\libi2c.X.a(read.o)
 .debug_abbrev  0x0000091f       0xe8 ..\libi2c.X\dist\default\debug\libi2c.X.a(_stop.o)
 .debug_abbrev  0x00000a07       0xf5 ..\libi2c.X\dist\default\debug\libi2c.X.a(_start.o)
 .debug_abbrev  0x00000afc      0x106 ..\libi2c.X\dist\default\debug\libi2c.X.a(_send.o)
 .debug_abbrev  0x00000c02       0x96 ..\liblcd.X\dist\default\debug\liblcd.X.a(LCD_begin.o)
 .debug_abbrev  0x00000c98       0x52 ..\liblcd.X\dist\default\debug\liblcd.X.a(LCD_clear.o)
 .debug_abbrev  0x00000cea       0x50 ..\liblcd.X\dist\default\debug\liblcd.X.a(LCD_command.o)
 .debug_abbrev  0x00000d3a       0x52 ..\liblcd.X\dist\default\debug\liblcd.X.a(LCD_display.o)
 .debug_abbrev  0x00000d8c       0x89 ..\liblcd.X\dist\default\debug\liblcd.X.a(LCD_display_clock.o)
 .debug_abbrev  0x00000e15       0x52 ..\liblcd.X\dist\default\debug\liblcd.X.a(LCD_home.o)
 .debug_abbrev  0x00000e67       0xb0 ..\liblcd.X\dist\default\debug\liblcd.X.a(LCD_Light.o)
 .debug_abbrev  0x00000f17       0x4c ..\liblcd.X\dist\default\debug\liblcd.X.a(LCD_pin_reset.o)
 .debug_abbrev  0x00000f63       0x63 ..\liblcd.X\dist\default\debug\liblcd.X.a(LCD_putchar.o)
 .debug_abbrev  0x00000fc6       0x7b ..\liblcd.X\dist\default\debug\liblcd.X.a(LCD_putstr.o)
 .debug_abbrev  0x00001041       0x5b ..\liblcd.X\dist\default\debug\liblcd.X.a(LCD_putstrPos.o)
 .debug_abbrev  0x0000109c       0xb0 ..\liblcd.X\dist\default\debug\liblcd.X.a(LCD_send.o)
 .debug_abbrev  0x0000114c       0x84 ..\liblcd.X\dist\default\debug\liblcd.X.a(LCD_setCursor.o)
 .debug_abbrev  0x000011d0       0x50 ..\liblcd.X\dist\default\debug\liblcd.X.a(delay_micros.o)
 .debug_abbrev  0x00001220       0x92 ..\liblcd.X\dist\default\debug\liblcd.X.a(LCD_pulseE.o)
 .debug_abbrev  0x000012b2       0xc1 ..\libserial.X\dist\default\debug\libserial.X.a(begin.o)
 .debug_abbrev  0x00001373       0x6c ..\libserial.X\dist\default\debug\libserial.X.a(getstr.o)
 .debug_abbrev  0x000013df       0x7d ..\libserial.X\dist\default\debug\libserial.X.a(getchr.o)
 .debug_abbrev  0x0000145c       0x92 ..\libserial.X\dist\default\debug\libserial.X.a(display_clock.o)
 .debug_abbrev  0x000014ee       0x6a ..\libserial.X\dist\default\debug\libserial.X.a(putstr.o)
 .debug_abbrev  0x00001558       0xa1 ..\libserial.X\dist\default\debug\libserial.X.a(available.o)
 .debug_abbrev  0x000015f9       0xc1 ..\libserial.X\dist\default\debug\libserial.X.a(putchr.o)
 .debug_abbrev  0x000016ba       0x25 c:/program files (x86)/microchip/xc32/v1.34/bin/bin/../../lib/gcc/pic32mx/4.5.2/../../../../pic32mx/lib\libmchp_peripheral_32MX340F512H.a(pcache.o)
 .debug_abbrev  0x000016df       0x25 c:/program files (x86)/microchip/xc32/v1.34/bin/bin/../../lib/gcc/pic32mx/4.5.2/../../../../pic32mx/lib\libmchp_peripheral_32MX340F512H.a(int_disable_interrupts_lib.o)
 .debug_abbrev  0x00001704       0x25 c:/program files (x86)/microchip/xc32/v1.34/bin/bin/../../lib/gcc/pic32mx/4.5.2/../../../../pic32mx/lib\libmchp_peripheral_32MX340F512H.a(int_restore_interrupts_lib.o)
 .debug_abbrev  0x00001729       0x25 c:/program files (x86)/microchip/xc32/v1.34/bin/bin/../../lib/gcc/pic32mx/4.5.2/../../../../pic32mx/lib\libmchp_peripheral_32MX340F512H.a(I2CAcknowledgeByte.o)
 .debug_abbrev  0x0000174e       0x25 c:/program files (x86)/microchip/xc32/v1.34/bin/bin/../../lib/gcc/pic32mx/4.5.2/../../../../pic32mx/lib\libmchp_peripheral_32MX340F512H.a(I2CBusIsIdle.o)
 .debug_abbrev  0x00001773       0x25 c:/program files (x86)/microchip/xc32/v1.34/bin/bin/../../lib/gcc/pic32mx/4.5.2/../../../../pic32mx/lib\libmchp_peripheral_32MX340F512H.a(I2CByteWasAcknowledged.o)
 .debug_abbrev  0x00001798       0x25 c:/program files (x86)/microchip/xc32/v1.34/bin/bin/../../lib/gcc/pic32mx/4.5.2/../../../../pic32mx/lib\libmchp_peripheral_32MX340F512H.a(I2CEnable.o)
 .debug_abbrev  0x000017bd       0x25 c:/program files (x86)/microchip/xc32/v1.34/bin/bin/../../lib/gcc/pic32mx/4.5.2/../../../../pic32mx/lib\libmchp_peripheral_32MX340F512H.a(I2CGetByte.o)
 .debug_abbrev  0x000017e2       0x25 c:/program files (x86)/microchip/xc32/v1.34/bin/bin/../../lib/gcc/pic32mx/4.5.2/../../../../pic32mx/lib\libmchp_peripheral_32MX340F512H.a(I2CReceivedDataIsAvailable.o)
 .debug_abbrev  0x00001807       0x25 c:/program files (x86)/microchip/xc32/v1.34/bin/bin/../../lib/gcc/pic32mx/4.5.2/../../../../pic32mx/lib\libmchp_peripheral_32MX340F512H.a(I2CReceiverEnable.o)
 .debug_abbrev  0x0000182c       0x25 c:/program files (x86)/microchip/xc32/v1.34/bin/bin/../../lib/gcc/pic32mx/4.5.2/../../../../pic32mx/lib\libmchp_peripheral_32MX340F512H.a(I2CRepeatStart.o)
 .debug_abbrev  0x00001851       0x25 c:/program files (x86)/microchip/xc32/v1.34/bin/bin/../../lib/gcc/pic32mx/4.5.2/../../../../pic32mx/lib\libmchp_peripheral_32MX340F512H.a(I2CSendByte.o)
 .debug_abbrev  0x00001876       0x25 c:/program files (x86)/microchip/xc32/v1.34/bin/bin/../../lib/gcc/pic32mx/4.5.2/../../../../pic32mx/lib\libmchp_peripheral_32MX340F512H.a(I2CSetFrequency.o)
 .debug_abbrev  0x0000189b       0x25 c:/program files (x86)/microchip/xc32/v1.34/bin/bin/../../lib/gcc/pic32mx/4.5.2/../../../../pic32mx/lib\libmchp_peripheral_32MX340F512H.a(I2CStart.o)
 .debug_abbrev  0x000018c0       0x25 c:/program files (x86)/microchip/xc32/v1.34/bin/bin/../../lib/gcc/pic32mx/4.5.2/../../../../pic32mx/lib\libmchp_peripheral_32MX340F512H.a(I2CStop.o)
 .debug_abbrev  0x000018e5       0x25 c:/program files (x86)/microchip/xc32/v1.34/bin/bin/../../lib/gcc/pic32mx/4.5.2/../../../../pic32mx/lib\libmchp_peripheral_32MX340F512H.a(I2CTransmissionHasCompleted.o)
 .debug_abbrev  0x0000190a       0x25 c:/program files (x86)/microchip/xc32/v1.34/bin/bin/../../lib/gcc/pic32mx/4.5.2/../../../../pic32mx/lib\libmchp_peripheral_32MX340F512H.a(I2CTransmitterIsReady.o)
 .debug_abbrev  0x0000192f        0x1 c:/program files (x86)/microchip/xc32/v1.34/bin/bin/../../lib/gcc/pic32mx/4.5.2/../../../../pic32mx/lib\libmchp_peripheral_32MX340F512H.a(I2CPrivate.o)
 .debug_abbrev  0x00001930       0x25 c:/program files (x86)/microchip/xc32/v1.34/bin/bin/../../lib/gcc/pic32mx/4.5.2/../../../../pic32mx/lib\libpic32.a(default-bootstrap-exception-handler.o)
 .debug_abbrev  0x00001955       0x25 c:/program files (x86)/microchip/xc32/v1.34/bin/bin/../../lib/gcc/pic32mx/4.5.2/../../../../pic32mx/lib\libpic32.a(default-on-reset.o)
 .debug_abbrev  0x0000197a       0x25 c:/program files (x86)/microchip/xc32/v1.34/bin/bin/../../lib/gcc/pic32mx/4.5.2/../../../../pic32mx/lib\libpic32.a(default-on-bootstrap.o)
 .debug_abbrev  0x0000199f       0x25 c:/program files (x86)/microchip/xc32/v1.34/bin/bin/../../lib/gcc/pic32mx/4.5.2/../../../../pic32mx/lib\libpic32.a(default-general-exception-handler.o)
 .debug_abbrev  0x000019c4       0x25 c:/program files (x86)/microchip/xc32/v1.34/bin/bin/../../lib/gcc/pic32mx/4.5.2/../../../../pic32mx/lib\libpic32.a(defaultinterrupt.o)
 .debug_abbrev  0x000019e9       0x25 c:/program files (x86)/microchip/xc32/v1.34/bin/bin/../../lib/gcc/pic32mx/4.5.2/../../../../pic32mx/lib\libc.a(atoi.o)
 .debug_abbrev  0x00001a0e        0x1 c:/program files (x86)/microchip/xc32/v1.34/bin/bin/../../lib/gcc/pic32mx/4.5.2/../../../../pic32mx/lib\libc.a(ctype.o)

.debug_line     0x00000000     0x2e43
 *(.debug_line)
 .debug_line    0x00000000       0x8a c:/program files (x86)/microchip/xc32/v1.34/bin/bin/../../lib/gcc/pic32mx/4.5.2/../../../../pic32mx/lib\software-debug-break.o
 .debug_line    0x0000008a      0x432 build/default/debug/main.o
 .debug_line    0x000004bc       0xdc ..\libneopixels.X\dist\default\debug\libneopixels.X.a(show.o)
 .debug_line    0x00000598       0xd6 ..\libneopixels.X\dist\default\debug\libneopixels.X.a(set.o)
 .debug_line    0x0000066e       0xd9 ..\libneopixels.X\dist\default\debug\libneopixels.X.a(clear.o)
 .debug_line    0x00000747       0xd7 ..\libneopixels.X\dist\default\debug\libneopixels.X.a(begin.o)
 .debug_line    0x0000081e      0x187 ..\libi2c.X\dist\default\debug\libi2c.X.a(enable.o)
 .debug_line    0x000009a5      0x179 ..\libi2c.X\dist\default\debug\libi2c.X.a(write.o)
 .debug_line    0x00000b1e      0x181 ..\libi2c.X\dist\default\debug\libi2c.X.a(read.o)
 .debug_line    0x00000c9f      0x110 ..\libi2c.X\dist\default\debug\libi2c.X.a(_stop.o)
 .debug_line    0x00000daf      0x116 ..\libi2c.X\dist\default\debug\libi2c.X.a(_start.o)
 .debug_line    0x00000ec5      0x16c ..\libi2c.X\dist\default\debug\libi2c.X.a(_send.o)
 .debug_line    0x00001031       0xd9 ..\liblcd.X\dist\default\debug\liblcd.X.a(LCD_begin.o)
 .debug_line    0x0000110a       0xca ..\liblcd.X\dist\default\debug\liblcd.X.a(LCD_clear.o)
 .debug_line    0x000011d4       0xc2 ..\liblcd.X\dist\default\debug\liblcd.X.a(LCD_command.o)
 .debug_line    0x00001296       0xcb ..\liblcd.X\dist\default\debug\liblcd.X.a(LCD_display.o)
 .debug_line    0x00001361       0xfd ..\liblcd.X\dist\default\debug\liblcd.X.a(LCD_display_clock.o)
 .debug_line    0x0000145e       0xc9 ..\liblcd.X\dist\default\debug\liblcd.X.a(LCD_home.o)
 .debug_line    0x00001527      0x114 ..\liblcd.X\dist\default\debug\liblcd.X.a(LCD_Light.o)
 .debug_line    0x0000163b       0xc9 ..\liblcd.X\dist\default\debug\liblcd.X.a(LCD_pin_reset.o)
 .debug_line    0x00001704       0xcc ..\liblcd.X\dist\default\debug\liblcd.X.a(LCD_putchar.o)
 .debug_line    0x000017d0       0xde ..\liblcd.X\dist\default\debug\liblcd.X.a(LCD_putstr.o)
 .debug_line    0x000018ae       0xc6 ..\liblcd.X\dist\default\debug\liblcd.X.a(LCD_putstrPos.o)
 .debug_line    0x00001974      0x134 ..\liblcd.X\dist\default\debug\liblcd.X.a(LCD_send.o)
 .debug_line    0x00001aa8       0xd5 ..\liblcd.X\dist\default\debug\liblcd.X.a(LCD_setCursor.o)
 .debug_line    0x00001b7d       0xc3 ..\liblcd.X\dist\default\debug\liblcd.X.a(delay_micros.o)
 .debug_line    0x00001c40       0xc8 ..\liblcd.X\dist\default\debug\liblcd.X.a(LCD_pulseE.o)
 .debug_line    0x00001d08      0x122 ..\libserial.X\dist\default\debug\libserial.X.a(begin.o)
 .debug_line    0x00001e2a       0xd1 ..\libserial.X\dist\default\debug\libserial.X.a(getstr.o)
 .debug_line    0x00001efb      0x116 ..\libserial.X\dist\default\debug\libserial.X.a(getchr.o)
 .debug_line    0x00002011      0x108 ..\libserial.X\dist\default\debug\libserial.X.a(display_clock.o)
 .debug_line    0x00002119       0xc5 ..\libserial.X\dist\default\debug\libserial.X.a(putstr.o)
 .debug_line    0x000021de      0x115 ..\libserial.X\dist\default\debug\libserial.X.a(available.o)
 .debug_line    0x000022f3      0x115 ..\libserial.X\dist\default\debug\libserial.X.a(putchr.o)
 .debug_line    0x00002408       0x62 c:/program files (x86)/microchip/xc32/v1.34/bin/bin/../../lib/gcc/pic32mx/4.5.2/../../../../pic32mx/lib\libmchp_peripheral_32MX340F512H.a(pcache.o)
 .debug_line    0x0000246a       0x73 c:/program files (x86)/microchip/xc32/v1.34/bin/bin/../../lib/gcc/pic32mx/4.5.2/../../../../pic32mx/lib\libmchp_peripheral_32MX340F512H.a(int_disable_interrupts_lib.o)
 .debug_line    0x000024dd       0x73 c:/program files (x86)/microchip/xc32/v1.34/bin/bin/../../lib/gcc/pic32mx/4.5.2/../../../../pic32mx/lib\libmchp_peripheral_32MX340F512H.a(int_restore_interrupts_lib.o)
 .debug_line    0x00002550       0x6b c:/program files (x86)/microchip/xc32/v1.34/bin/bin/../../lib/gcc/pic32mx/4.5.2/../../../../pic32mx/lib\libmchp_peripheral_32MX340F512H.a(I2CAcknowledgeByte.o)
 .debug_line    0x000025bb       0x65 c:/program files (x86)/microchip/xc32/v1.34/bin/bin/../../lib/gcc/pic32mx/4.5.2/../../../../pic32mx/lib\libmchp_peripheral_32MX340F512H.a(I2CBusIsIdle.o)
 .debug_line    0x00002620       0x6f c:/program files (x86)/microchip/xc32/v1.34/bin/bin/../../lib/gcc/pic32mx/4.5.2/../../../../pic32mx/lib\libmchp_peripheral_32MX340F512H.a(I2CByteWasAcknowledged.o)
 .debug_line    0x0000268f       0x62 c:/program files (x86)/microchip/xc32/v1.34/bin/bin/../../lib/gcc/pic32mx/4.5.2/../../../../pic32mx/lib\libmchp_peripheral_32MX340F512H.a(I2CEnable.o)
 .debug_line    0x000026f1       0x63 c:/program files (x86)/microchip/xc32/v1.34/bin/bin/../../lib/gcc/pic32mx/4.5.2/../../../../pic32mx/lib\libmchp_peripheral_32MX340F512H.a(I2CGetByte.o)
 .debug_line    0x00002754       0x73 c:/program files (x86)/microchip/xc32/v1.34/bin/bin/../../lib/gcc/pic32mx/4.5.2/../../../../pic32mx/lib\libmchp_peripheral_32MX340F512H.a(I2CReceivedDataIsAvailable.o)
 .debug_line    0x000027c7       0x6a c:/program files (x86)/microchip/xc32/v1.34/bin/bin/../../lib/gcc/pic32mx/4.5.2/../../../../pic32mx/lib\libmchp_peripheral_32MX340F512H.a(I2CReceiverEnable.o)
 .debug_line    0x00002831       0x67 c:/program files (x86)/microchip/xc32/v1.34/bin/bin/../../lib/gcc/pic32mx/4.5.2/../../../../pic32mx/lib\libmchp_peripheral_32MX340F512H.a(I2CRepeatStart.o)
 .debug_line    0x00002898       0x64 c:/program files (x86)/microchip/xc32/v1.34/bin/bin/../../lib/gcc/pic32mx/4.5.2/../../../../pic32mx/lib\libmchp_peripheral_32MX340F512H.a(I2CSendByte.o)